
   PASS  Tests\Unit\Enums\UserStatusTest
  ✓ enum lists four lifecycle values                                     0.12s  
  ✓ japanese labels                                                      0.02s  

   PASS  Tests\Unit\Events\CertificationCoachAttachedTest
  ✓ event holds certification coach and admin                            0.18s  

   PASS  Tests\Unit\Events\CertificationCoachDetachedTest
  ✓ event holds certification coach and admin                            0.09s  

   PASS  Tests\Unit\Events\ChatMessageSentEventTest
  ✓ broadcast payload has no attachments field                           0.15s  
  ✓ broadcasts on private channel per room                               0.12s  

   PASS  Tests\Unit\Events\ChatMessageSentTest
  ✓ broadcast on targets chat room private channel                       0.12s  
  ✓ broadcast as returns event alias                                     0.13s  
  ✓ broadcast with includes message payload                              0.12s  

   PASS  Tests\Unit\Http\Requests\Availability\StoreRequestTest
  ✓ passes with valid payload                                            0.10s  
  ✓ fails when day of week out of range                                  0.08s  
  ✓ fails when end time before start time                                0.09s  
  ✓ fails when time format invalid                                       0.08s  

   PASS  Tests\Unit\Http\Requests\Certification\IndexRequestTest
  ✓ validation passes with empty filters                                 0.18s  
  ✓ validation passes with all filters set                               0.10s  
  ✓ validation fails with data set "keyword 101 文字で 422"                 0.09s  
  ✓ validation fails with data set "status 不正値で 422"                     0.09s  
  ✓ validation fails with data set "category id 不正 ulid で 422"           0.08s  
  ✓ validation fails with data set "page 0 で 422"                        0.08s  
  ✓ validation fails with data set "page 文字列で 422"                       0.09s  
  ✓ student cannot access                                                0.08s  

   PASS  Tests\Unit\Http\Requests\Certification\StoreRequestTest
  ✓ validation passes with valid payload                                 0.10s  
  ✓ validation fails with data set "name 未指定で 422"                       0.09s  
  ✓ validation fails with data set "name 101 文字で 422"                    0.09s  
  ✓ validation fails with data set "category id ulid 不正で 422"            0.09s  
  ✓ validation fails with data set "category id 存在しない ulid で 422"        0.09s  
  ✓ validation fails with data set "difficulty 不正値で 422"                 0.09s  
  ✓ validation fails with data set "description 1001 文字で 422"            0.08s  
  ✓ authorize returns false for non admin                                0.08s  

   PASS  Tests\Unit\Http\Requests\Certification\UpdateRequestTest
  ✓ validation passes with valid payload                                 0.11s  
  ✓ validation fails with data set "name 未指定で 422"                       0.09s  
  ✓ validation fails with data set "difficulty 不正値で 422"                 0.09s  
  ✓ validation fails with data set "category id ulid 不正で 422"            0.09s  
  ✓ authorize returns false for coach                                    0.09s  

   PASS  Tests\Unit\Http\Requests\CertificationCatalog\IndexRequestTest
  ✓ passes with empty filters                                            0.09s  
  ✓ passes with valid difficulty                                         0.08s  
  ✓ fails when difficulty invalid                                        0.08s  

   PASS  Tests\Unit\Http\Requests\CertificationCategory\StoreRequestTest
  ✓ passes with valid payload                                            0.09s  
  ✓ fails when slug already exists                                       0.08s  
  ✓ fails when name exceeds max                                          0.08s  

   PASS  Tests\Unit\Http\Requests\Chapter\StoreRequestTest
  ✓ passes with valid payload                                            0.09s  
  ✓ fails when title missing                                             0.08s  

   PASS  Tests\Unit\Http\Requests\Chapter\UpdateRequestTest
  ✓ passes with valid payload                                            0.10s  
  ✓ fails when title missing                                             0.08s  

   PASS  Tests\Unit\Http\Requests\Chat\IndexRequestTest
  ✓ passes with empty filters                                            0.09s  
  ✓ fails when certification id not ulid                                 0.09s  
  ✓ fails when page zero                                                 0.08s  

   PASS  Tests\Unit\Http\Requests\Invitation\StoreRequestTest
  ✓ student invitation passes with published plan                        0.18s  
  ✓ coach invitation passes without plan                                 0.10s  
  ✓ student invitation without plan fails required if                    0.12s  
  ✓ coach invitation with plan fails prohibited if                       0.11s  
  ✓ student invitation with draft plan fails exists rule                 0.09s  
  ✓ student invitation with nonexistent plan fails                       0.09s  
  ✓ validation fails for email or role with data set "メール未指定で 422"       0.08s  
  ✓ validation fails for email or role with data set "メール形式不正で 422"      0.08s  
  ✓ validation fails for email or role with data set "メール 256 文字超で 422"  0.08s  
  ✓ validation fails for email or role with data set "ロール未指定で 422"       0.09s  
  ✓ validation fails for email or role with data set "ロール許容外の値で 422"     0.08s  
  ✓ authorize returns false for non admin                                0.09s  

   PASS  Tests\Unit\Http\Requests\Meeting\IndexRequestTest
  ✓ passes with empty filter                                             0.10s  
  ✓ passes with each valid filter                                        0.08s  
  ✓ fails when filter invalid value                                      0.08s  

   PASS  Tests\Unit\Http\Requests\MockExam\IndexRequestTest
  ✓ passes with empty filters                                            0.09s  
  ✓ passes with boolean string filter                                    0.08s  
  ✓ fails when is published invalid                                      0.08s  
  ✓ fails when keyword exceeds max                                       0.08s  

   FAIL  Tests\Unit\Http\Requests\MockExam\StoreRequestTest
  ✓ validation passes with full valid payload                            0.12s  
  ✓ validation fails with data set "title 未指定で 422"                      0.09s  
  ✓ validation fails with data set "title 101 文字で 422"                   0.09s  
  ✓ validation fails with data set "description 2001 文字で 422"            0.09s  
  ✓ validation fails with data set "order 負数で 422"                       0.09s  
  ✓ validation fails with data set "order 65536 で 422"                   0.09s  
  ✓ validation fails with data set "order 非整数で 422"                      0.11s  
  ✓ validation fails with data set "passing score 0 で 422"               0.09s  
  ⨯ validation fails with data set "passing score 101 で 422"             0.09s  
  ✓ validation fails with data set "passing score 非整数で 422"              0.09s  
  ✓ authorize returns false for nonexistent certification id             0.09s  
  ✓ authorize returns false for non string certification id              0.08s  
  ✓ authorize returns false for non admin                                0.09s  
  ✓ authorize returns false when certification id missing                0.09s  

   FAIL  Tests\Unit\Http\Requests\MockExam\UpdateRequestTest
  ✓ passes with valid payload                                            0.10s  
  ✓ fails for invalid field with data set "title 未指定で エラー"               0.08s  
  ✓ fails for invalid field with data set "title 101 文字で エラー"            0.08s  
  ✓ fails for invalid field with data set "description 2001 文字で エラー"     0.09s  
  ✓ fails for invalid field with data set "order 負数で エラー"                0.08s  
  ✓ fails for invalid field with data set "order 65536 で エラー"            0.08s  
  ✓ fails for invalid field with data set "passing score 0 で エラー"        0.08s  
  ⨯ fails for invalid field with data set "passing score 101 で エラー"      0.08s  

   PASS  Tests\Unit\Http\Requests\MockExamQuestion\StoreRequestTest
  ✓ passes with valid payload                                            0.10s  
  ✓ fails when body missing                                              0.08s  
  ✓ fails when options less than two                                     0.09s  
  ✓ fails when options exceed six                                        0.09s  

   PASS  Tests\Unit\Http\Requests\MockExamQuestion\UpdateRequestTest
  ✓ passes with valid payload                                            0.09s  
  ✓ fails when body exceeds max length                                   0.09s  

   PASS  Tests\Unit\Http\Requests\MockExamSession\IndexRequestTest
  ✓ passes with empty filters                                            0.09s  
  ✓ passes with pass boolean string                                      0.08s  
  ✓ fails when pass invalid                                              0.08s  

   PASS  Tests\Unit\Http\Requests\Part\StoreRequestTest
  ✓ passes with valid payload                                            0.09s  
  ✓ fails when title missing                                             0.08s  
  ✓ fails when title exceeds max                                         0.08s  

   PASS  Tests\Unit\Http\Requests\Part\UpdateRequestTest
  ✓ passes with valid payload                                            0.09s  
  ✓ fails when description exceeds max                                   0.09s  

   PASS  Tests\Unit\Http\Requests\QaReply\StoreRequestTest
  ✓ validation passes with valid payload                                 0.09s  
  ✓ fails for invalid field with data set "body 未指定で エラー"                0.08s  
  ✓ fails for invalid field with data set "body 5001 文字で エラー"            0.08s  
  ✓ authorize returns true for student                                   0.10s  
  ✓ authorize returns true for coach                                     0.09s  
  ✓ authorize returns false for admin                                    0.08s  

   PASS  Tests\Unit\Http\Requests\QaReply\UpdateRequestTest
  ✓ validation passes with valid payload                                 0.09s  
  ✓ fails for invalid field with data set "body 未指定で エラー"                0.08s  
  ✓ fails for invalid field with data set "body 5001 文字で エラー"            0.08s  
  ✓ authorize returns true for student own reply                         0.09s  
  ✓ authorize returns true for coach own reply                           0.10s  
  ✓ authorize returns false for other users reply                        0.09s  
  ✓ authorize returns false for admin                                    0.09s  

   PASS  Tests\Unit\Http\Requests\QaThread\IndexAsAdminRequestTest
  ✓ passes with empty filters                                            0.10s  
  ✓ passes with valid keyword                                            0.08s  
  ✓ passes with valid status                                             0.08s  
  ✓ fails when status is invalid                                         0.09s  
  ✓ fails when keyword exceeds max                                       0.13s  
  ✓ passes with existing published certification id                      0.09s  
  ✓ passes with existing unpublished certification id                    0.08s  
  ✓ fails when certification does not exist                              0.08s  
  ✓ fails when page is less than one                                     0.09s  

   PASS  Tests\Unit\Http\Requests\QaThread\IndexRequestTest
  ✓ passes with empty filters                                            0.09s  
  ✓ passes with valid keyword                                            0.08s  
  ✓ passes with valid status                                             0.08s  
  ✓ fails when status is invalid                                         0.08s  
  ✓ fails when keyword exceeds max                                       0.08s  
  ✓ passes with published certification id                               0.08s  
  ✓ fails when certification does not exist                              0.08s  
  ✓ fails when certification is not published                            0.09s  
  ✓ fails when page is less than one                                     0.08s  

   PASS  Tests\Unit\Http\Requests\QaThread\StoreRequestTest
  ✓ validation passes with full valid payload                            0.10s  
  ✓ fails for invalid field with data set "certification id 未指定で エラー"    0.09s  
  ✓ fails for invalid field with data set "title 未指定で エラー"               0.08s  
  ✓ fails for invalid field with data set "title 201 文字で エラー"            0.08s  
  ✓ fails for invalid field with data set "body 未指定で エラー"                0.08s  
  ✓ fails for invalid field with data set "body 5001 文字で エラー"            0.08s  
  ✓ authorize returns true for student                                   0.09s  
  ✓ authorize returns false for coach                                    0.08s  
  ✓ authorize returns false for admin                                    0.08s  

   PASS  Tests\Unit\Http\Requests\QaThread\UpdateRequestTest
  ✓ passes with valid payload                                            0.10s  
  ✓ fails for invalid field with data set "title 未指定で エラー"               0.08s  
  ✓ fails for invalid field with data set "title 201 文字で エラー"            0.08s  
  ✓ fails for invalid field with data set "body 未指定で エラー"                0.08s  
  ✓ fails for invalid field with data set "body 5001 文字で エラー"            0.08s  

   PASS  Tests\Unit\Http\Requests\QuestionCategory\StoreRequestTest
  ✓ passes with valid payload                                            0.09s  
  ✓ fails when slug has uppercase                                        0.08s  
  ✓ fails when slug has underscore                                       0.10s  

   PASS  Tests\Unit\Http\Requests\Section\StoreRequestTest
  ✓ passes with valid payload                                            0.09s  
  ✓ fails when title missing                                             0.08s  
  ✓ fails when body missing                                              0.09s  
  ✓ fails when body exceeds 50000 chars                                  0.08s  

   PASS  Tests\Unit\Http\Requests\Section\UpdateRequestTest
  ✓ passes with valid payload                                            0.10s  
  ✓ fails when title exceeds max                                         0.10s  

   PASS  Tests\Unit\Http\Requests\SectionQuestion\StoreRequestTest
  ✓ passes with valid payload                                            0.09s  
  ✓ fails when options missing                                           0.09s  

   PASS  Tests\Unit\Http\Requests\SectionQuestion\UpdateRequestTest
  ✓ validation passes without options                                    0.14s  
  ✓ validation passes with two options                                   0.10s  
  ✓ body required validation                                             0.09s  
  ✓ options less than two fails min rule                                 0.10s  
  ✓ options exceeding six fails max rule                                 0.16s  

   PASS  Tests\Unit\Http\Requests\User\ExtendCourseRequestTest
  ✓ passes with published plan                                           0.09s  
  ✓ fails when plan draft                                                0.09s  
  ✓ fails when plan nonexistent                                          0.08s  

   PASS  Tests\Unit\Http\Requests\User\IndexRequestTest
  ✓ passes with all filters valid                                        0.09s  
  ✓ fails when role invalid value                                        0.08s  
  ✓ fails when status not in enum                                        0.08s  

   PASS  Tests\Unit\Http\Resources\PlanResourceTest
  ✓ to array exposes plan fields                                         0.10s  

   PASS  Tests\Unit\Listeners\SyncChatMembersOnCoachAssignmentChangedTest
  ✓ handle delegates sync for attached event                             0.10s  
  ✓ handle delegates sync for detached event                             0.09s  

   PASS  Tests\Unit\Listeners\UpdateLastLoginAtTest
  ✓ handle updates last login at for user                                0.09s  

   FAIL  Tests\Unit\Mail\InvitationMailTest
  ✓ envelope subject is certify lms invitation                           0.09s  
  ✓ envelope to address uses invitation email                            0.08s  
  ✓ content uses invitation markdown view                                0.08s  
  ✓ content with data includes invitation and inviter and role label     0.09s  
  ⨯ mailable implements should queue for async delivery                  0.08s  

   PASS  Tests\Unit\Middleware\EnsureUserRoleTest
  ✓ passes when role matches                                             0.09s  
  ✓ passes when one of multiple roles matches                            0.08s  
  ✓ aborts 403 when role mismatches                                      0.09s  
  ✓ aborts 403 when unauthenticated                                      0.08s  

   PASS  Tests\Unit\Models\CertificateTest
  ✓ user relation returns owner user                                     0.09s  
  ✓ enrollment relation returns source enrollment                        0.09s  
  ✓ certification relation returns target certification                  0.09s  
  ✓ scope issued this month filters current month                        0.12s  
  ✓ issued at cast returns carbon                                        0.10s  

   PASS  Tests\Unit\Models\CertificationCategoryTest
  ✓ certifications relation returns attached certifications              0.11s  
  ✓ scope ordered sorts by sort order                                    0.08s  
  ✓ sort order cast returns integer                                      0.08s  

   PASS  Tests\Unit\Models\CertificationCoachAssignmentTest
  ✓ assigned at and unassigned at casts                                  0.09s  
  ✓ unassigned at is null for active assignment                          0.09s  

   PASS  Tests\Unit\Models\CertificationScopesTest
  ✓ scope published returns only published certifications                0.09s  
  ✓ scope assigned to returns only coach assigned certifications         0.09s  
  ✓ scope keyword matches name only                                      0.09s  

   PASS  Tests\Unit\Models\CertificationTest
  ✓ category relation returns parent category                            0.09s  
  ✓ coaches relation returns only active assignments                     0.08s  
  ✓ parts relation returns attached parts                                0.09s  
  ✓ enrollments relation returns attached enrollments                    0.09s  
  ✓ mock exams relation returns attached mock exams                      0.09s  
  ✓ status and difficulty casts convert to enum                          0.08s  
  ✓ published at cast returns carbon                                     0.09s  

   PASS  Tests\Unit\Models\ChapterTest
  ✓ part relation returns parent part                                    0.10s  
  ✓ sections relation returns attached sections                          0.09s  
  ✓ scope published filters only published status                        0.09s  
  ✓ scope ordered sorts by order column                                  0.09s  
  ✓ status cast converts string to enum                                  0.09s  
  ✓ published at cast returns carbon                                     0.08s  

   PASS  Tests\Unit\Models\ChatMemberTest
  ✓ chat room relation returns parent room                               0.09s  
  ✓ user relation returns member user                                    0.09s  
  ✓ scope for user filters by user                                       0.09s  
  ✓ joined at cast returns carbon                                        0.08s  

   PASS  Tests\Unit\Models\ChatMessageTest
  ✓ chat room relation returns parent room                               0.13s  
  ✓ sender relation returns author user                                  0.13s  

   PASS  Tests\Unit\Models\ChatRoomTest
  ✓ enrollment relation returns owner enrollment                         0.09s  
  ✓ members relation returns attached members                            0.09s  
  ✓ messages relation returns attached messages                          0.13s  
  ✓ scope for user returns rooms user belongs to                         0.10s  
  ✓ last message at cast returns carbon                                  0.08s  

   PASS  Tests\Unit\Models\CoachAvailabilityTest
  ✓ coach relation returns owner coach                                   0.09s  
  ✓ scope active filters only active                                     0.09s  
  ✓ scope for day filters by day of week                                 0.08s  
  ✓ day of week and is active casts                                      0.08s  

   PASS  Tests\Unit\Models\EnrollmentStatusLogTest
  ✓ enrollment relation returns target enrollment                        0.09s  
  ✓ changed by relation returns actor user                               0.09s  
  ✓ status casts convert to enum                                         0.08s  
  ✓ changed at cast returns carbon                                       0.08s  

   FAIL  Tests\Unit\Models\EnrollmentTest
  ✓ user relation returns owner student                                  0.10s  
  ✓ certification relation returns target certification                  0.09s  
  ✓ certificate relation returns single certificate                      0.09s  
  ✓ status logs relation returns history                                 0.08s  
  ✓ latest status log returns only most recent                           0.09s  
  ✓ scope learning filters only learning status                          0.09s  
  ✓ scope passed filters only passed status                              0.10s  
  ✓ scope failed filters only failed status                              0.09s  
  ✓ scope for user admin returns all enrollments                         0.09s  
  ⨯ scope for user coach returns only assigned certifications            0.09s  
  ✓ scope for user student returns only own enrollments                  0.08s  
  ✓ status cast converts string to enum                                  0.09s  
  ✓ current term cast converts string to enum                            0.10s  
  ✓ exam date cast returns carbon date                                   0.08s  
  ✓ passed at cast returns carbon datetime                               0.08s  
  ✓ soft delete keeps record recoverable via with trashed                0.08s  

   PASS  Tests\Unit\Models\InvitationTest
  ✓ user relation returns invited user                                   0.11s  
  ✓ user relation resolves trashed user                                  0.08s  
  ✓ invited by relation returns admin                                    0.08s  
  ✓ scope pending filters only pending status                            0.09s  
  ✓ scope expired returns pending invitations past expiry                0.09s  
  ✓ is usable returns true for pending and not yet expired               0.08s  
  ✓ is usable returns false when already expired                         0.08s  
  ✓ is usable returns false for non pending status                       0.08s  
  ✓ role cast converts string to enum                                    0.09s  
  ✓ status cast converts string to enum                                  0.09s  
  ✓ datetime casts return carbon instances                               0.08s  
  ✓ soft delete keeps record recoverable                                 0.08s  

   PASS  Tests\Unit\Models\LearningHourTargetTest
  ✓ enrollment relation returns owner enrollment                         0.11s  
  ✓ target total hours cast returns integer                              0.08s  

   PASS  Tests\Unit\Models\LearningSessionTest
  ✓ user relation returns owner user                                     0.10s  
  ✓ section relation returns target section                              0.10s  
  ✓ scope open filters sessions without end                              0.11s  
  ✓ scope closed filters ended sessions                                  0.09s  
  ✓ scope for user filters by user                                       0.09s  
  ✓ duration and auto closed casts                                       0.09s  
  ✓ started at cast returns carbon                                       0.09s  

   PASS  Tests\Unit\Models\MeetingMemoTest
  ✓ meeting relation returns parent meeting                              0.11s  

   PASS  Tests\Unit\Models\MeetingPackTest
  ✓ created by relation returns admin                                    0.10s  
  ✓ scope published filters only published                               0.08s  
  ✓ scope ordered sorts by sort order                                    0.08s  
  ✓ status cast converts to enum                                         0.08s  
  ✓ integer casts return int                                             0.09s  

   PASS  Tests\Unit\Models\MeetingQuotaTransactionTest
  ✓ user relation returns owner user                                     0.09s  
  ✓ type cast converts to enum for granted initial                       0.12s  
  ✓ consumed transaction has negative or consumed type                   0.09s  
  ✓ amount and occurred at casts                                         0.09s  

   PASS  Tests\Unit\Models\MeetingTest
  ✓ coach relation returns assigned coach                                0.09s  
  ✓ student relation returns owner student                               0.09s  
  ✓ meeting memo relation returns single memo                            0.09s  
  ✓ scope for coach filters by coach                                     0.09s  
  ✓ scope upcoming filters future reserved meetings                      0.09s  
  ✓ status cast converts to enum                                         0.08s  
  ✓ scheduled at cast returns carbon                                     0.09s  

   PASS  Tests\Unit\Models\MockExamAnswerTest
  ✓ mock exam session relation returns parent session                    0.12s  
  ✓ mock exam question relation returns target question                  0.10s  
  ✓ selected option relation returns chosen option                       0.10s  
  ✓ is correct cast returns boolean                                      0.09s  
  ✓ answered at cast returns carbon                                      0.09s  

   PASS  Tests\Unit\Models\MockExamQuestionOptionTest
  ✓ mock exam question relation returns parent question                  0.09s  
  ✓ scope ordered sorts by order                                         0.09s  
  ✓ is correct cast returns boolean                                      0.09s  
  ✓ order cast returns integer                                           0.09s  

   PASS  Tests\Unit\Models\MockExamQuestionTest
  ✓ mock exam relation returns parent mock exam                          0.10s  
  ✓ category relation returns question category                          0.09s  
  ✓ options relation returns attached options                            0.09s  
  ✓ scope ordered sorts by order                                         0.10s  
  ✓ order cast returns integer                                           0.10s  

   PASS  Tests\Unit\Models\MockExamSessionTest
  ✓ mock exam relation returns target mock exam                          0.11s  
  ✓ user relation returns owner student                                  0.09s  
  ✓ answers relation returns attached answers                            0.11s  
  ✓ scope graded filters only graded sessions                            0.11s  
  ✓ scope for enrollment filters by enrollment                           0.10s  
  ✓ status cast converts to enum                                         0.09s  
  ✓ generated question ids cast returns array                            0.09s  
  ✓ pass and datetime casts                                              0.10s  

   PASS  Tests\Unit\Models\MockExamTest
  ✓ certification relation returns parent certification                  0.09s  
  ✓ created by and updated by return admin user                          0.08s  
  ✓ mock exam questions relation returns attached questions              0.09s  
  ✓ sessions relation returns attached sessions                          0.10s  
  ✓ scope published filters only published                               0.09s  
  ✓ scope for certification filters by certification id                  0.09s  
  ✓ is published cast returns boolean                                    0.08s  
  ✓ integer casts return int                                             0.09s  
  ✓ published at cast returns carbon datetime                            0.08s  

   PASS  Tests\Unit\Models\PartTest
  ✓ certification relation returns parent certification                  0.09s  
  ✓ chapters relation returns attached chapters                          0.09s  
  ✓ scope published filters only published status                        0.09s  
  ✓ scope ordered sorts by order column                                  0.09s  
  ✓ status cast converts string to enum                                  0.08s  
  ✓ order and published at casts                                         0.09s  

   PASS  Tests\Unit\Models\PlanTest
  ✓ created by relation returns admin user                               0.09s  
  ✓ updated by relation returns admin user                               0.08s  
  ✓ users relation returns only users attached to plan                   0.08s  
  ✓ user plan logs relation returns history                              0.09s  
  ✓ scope published filters only published status                        0.08s  
  ✓ scope ordered sorts by sort order then created at desc               0.08s  
  ✓ status cast converts string to enum                                  0.08s  
  ✓ integer casts return int                                             0.09s  

   PASS  Tests\Unit\Models\QaReplyTest
  ✓ user relation returns replying user                                  0.09s  
  ✓ qa thread relation returns attached thread                           0.08s  

   PASS  Tests\Unit\Models\QaThreadTest
  ✓ user relation returns posting user                                   0.09s  
  ✓ certification relation returns attached certification                0.09s  
  ✓ replies relation returns attached replies                            0.09s  
  ✓ status cast converts to enum                                         0.08s  
  ✓ resolved at cast returns carbon                                      0.08s  

   PASS  Tests\Unit\Models\QuestionCategoryTest
  ✓ certification relation returns parent certification                  0.09s  
  ✓ section questions relation returns attached questions                0.10s  
  ✓ scope ordered sorts by sort order                                    0.08s  
  ✓ sort order cast returns integer                                      0.08s  

   PASS  Tests\Unit\Models\SectionImageTest
  ✓ section relation returns parent section                              0.12s  
  ✓ size bytes cast returns integer                                      0.09s  

   PASS  Tests\Unit\Models\SectionProgressTest
  ✓ enrollment relation returns owner enrollment                         0.09s  
  ✓ section relation returns target section                              0.09s  
  ✓ completed at cast returns carbon                                     0.09s  

   PASS  Tests\Unit\Models\SectionQuestionAnswerTest
  ✓ user relation returns owner user                                     0.10s  
  ✓ section question relation returns target question                    0.10s  
  ✓ selected option relation returns chosen option                       0.09s  
  ✓ scope for user filters by user                                       0.09s  
  ✓ scope for section filters by section id                              0.09s  
  ✓ scope correct filters only correct answers                           0.10s  
  ✓ is correct and source casts                                          0.09s  
  ✓ answered at cast returns carbon                                      0.09s  

   PASS  Tests\Unit\Models\SectionQuestionAttemptTest
  ✓ user relation returns owner user                                     0.11s  
  ✓ section question relation returns target question                    0.09s  
  ✓ scope for user filters by user                                       0.09s  
  ✓ scope last is filters by last is correct boolean                     0.11s  
  ✓ integer and boolean casts                                            0.09s  
  ✓ last answered at cast returns carbon                                 0.09s  

   PASS  Tests\Unit\Models\SectionQuestionOptionTest
  ✓ section question relation returns parent question                    0.10s  
  ✓ scope ordered sorts by order                                         0.09s  
  ✓ is correct cast returns boolean                                      0.09s  
  ✓ order cast returns integer                                           0.09s  

   PASS  Tests\Unit\Models\SectionQuestionTest
  ✓ section relation returns parent section                              0.09s  
  ✓ category relation returns question category                          0.09s  
  ✓ options relation returns attached options                            0.09s  
  ✓ scope published filters only published                               0.09s  
  ✓ scope of section filters by section id                               0.09s  
  ✓ scope by category filters by category id                             0.10s  
  ✓ status cast converts to enum                                         0.09s  
  ✓ published at cast returns carbon                                     0.08s  

   PASS  Tests\Unit\Models\SectionTest
  ✓ chapter relation returns parent chapter                              0.09s  
  ✓ questions relation returns attached questions                        0.10s  
  ✓ images relation returns attached images                              0.09s  
  ✓ scope published filters only published                               0.09s  
  ✓ scope keyword filters by title match                                 0.08s  
  ✓ status cast converts to enum                                         0.09s  
  ✓ published at cast returns carbon                                     0.08s  

   PASS  Tests\Unit\Models\UserPlanLogTest
  ✓ user relation returns owner user                                     0.09s  
  ✓ plan relation returns target plan                                    0.09s  
  ✓ event type cast converts to enum                                     0.09s  
  ✓ event type is expired for expired state                              0.09s  
  ✓ occurred at cast returns carbon                                      0.13s  

   PASS  Tests\Unit\Models\UserStatusLogTest
  ✓ user relation returns target user                                    0.09s  
  ✓ changed by relation returns admin user even when soft deleted        0.08s  
  ✓ changed by relation returns null when changed by user id is null     0.08s  
  ✓ status columns are cast to enum                                      0.08s  
  ✓ changed at is cast to datetime                                       0.09s  
  ✓ scope for user filters by user id                                    0.09s  
  ✓ scope recent orders by changed at desc                               0.08s  

   PASS  Tests\Unit\Models\UserTest
  ✓ enrollments relation returns only owner enrollments                  0.09s  
  ✓ plan relation returns assigned plan                                  0.09s  
  ✓ default enrollment relation returns set enrollment                   0.08s  
  ✓ assigned certifications returns only active pivot rows               0.09s  
  ✓ coaching certification ids returns array of active ids               0.09s  
  ✓ invitations and issued invitations distinguish owner vs inviter      0.09s  
  ✓ switchable enrollments returns only learning or passed               0.10s  
  ✓ scope active returns in progress and graduated users                 0.08s  
  ✓ role and status casts convert to enum                                0.08s  
  ✓ password cast is hashed automatically                                0.09s  
  ✓ datetime casts return carbon instances                               0.08s  
  ✓ boolean and integer casts return native types                        0.08s  
  ✓ soft delete keeps user recoverable                                   0.09s  

   PASS  Tests\Unit\Notifications\Auth\ResetPasswordNotificationTest
  ✓ to mail has certify lms subject                                      0.10s  
  ✓ to mail action url includes token                                    0.08s  

   PASS  Tests\Unit\Policies\CertificationCategoryPolicyTest
  ✓ admin can perform all category operations                            0.11s  
  ✓ coach and student cannot manage categories                           0.09s  

   PASS  Tests\Unit\Policies\CertificationPolicyTest
  ✓ view any returns expected for role with data set "admin は一覧画面…       0.10s  
  ✓ view any returns expected for role with data set "coach は一覧画面…       0.08s  
  ✓ view any returns expected for role with data set "student は一覧画…      0.08s  
  ✓ view returns expected for role and status with data set "admin は d…  0.09s  
  ✓ view returns expected for role and status with data set "admin は p…  0.08s  
  ✓ view returns expected for role and status with data set "admin は a…  0.08s  
  ✓ view returns expected for role and status with data set "coach は担…   0.09s  
  ✓ view returns expected for role and status with data set "coach は非…   0.09s  
  ✓ view returns expected for role and status with data set "student は…  0.08s  
  ✓ view returns expected for role and status with data set "student は…  0.08s  
  ✓ view returns expected for role and status with data set "student は…  0.08s  
  ✓ admin only abilities match role expectation with data set "admin は…  0.09s  
  ✓ admin only abilities match role expectation with data set "admin は…  0.08s  
  ✓ admin only abilities match role expectation with data set "admin は…  0.08s  
  ✓ admin only abilities match role expectation with data set "admin は…  0.08s  
  ✓ admin only abilities match role expectation with data set "admin は…  0.09s  
  ✓ admin only abilities match role expectation with data set "admin は…  0.08s  
  ✓ admin only abilities match role expectation with data set "admin は…  0.08s  
  ✓ admin only abilities match role expectation with data set "admin は…  0.08s  
  ✓ admin only abilities match role expectation with data set "coach は…  0.08s  
  ✓ admin only abilities match role expectation with data set "coach は…  0.09s  
  ✓ admin only abilities match role expectation with data set "coach は…  0.08s  
  ✓ admin only abilities match role expectation with data set "coach は…  0.08s  
  ✓ admin only abilities match role expectation with data set "coach は…  0.08s  
  ✓ admin only abilities match role expectation with data set "coach は…  0.09s  
  ✓ admin only abilities match role expectation with data set "coach は…  0.08s  
  ✓ admin only abilities match role expectation with data set "coach は…  0.08s  
  ✓ admin only abilities match role expectation with data set "student…  0.08s  
  ✓ admin only abilities match role expectation with data set "student…  0.09s  
  ✓ admin only abilities match role expectation with data set "student…  0.08s  
  ✓ admin only abilities match role expectation with data set "student…  0.08s  
  ✓ admin only abilities match role expectation with data set "student…  0.08s  
  ✓ admin only abilities match role expectation with data set "student…  0.09s  
  ✓ admin only abilities match role expectation with data set "student…  0.08s  
  ✓ admin only abilities match role expectation with data set "student…  0.08s  

   FAIL  Tests\Unit\Policies\ChapterPolicyTest
  ✓ admin can do everything                                              0.13s  
  ⨯ coach can manage only assigned certification                         0.09s  
  ✓ student can view only published chapter                              0.09s  
  ✓ student cannot manage                                                0.08s  

   PASS  Tests\Unit\Policies\ChapterViewPolicyTest
  ✓ student with learning enrollment can view                            0.10s  
  ✓ student without enrollment cannot view                               0.09s  
  ✓ coach cannot view                                                    0.08s  

   PASS  Tests\Unit\Policies\ChatRoomPolicyTest
  ✓ admin can view any room                                              0.10s  
  ✓ member can view but non member cannot                                0.09s  
  ✓ admin cannot send message                                            0.08s  
  ✓ send message requires at least one coach                             0.09s  
  ✓ send message for enrollment method does not exist                    0.08s  

   PASS  Tests\Unit\Policies\CoachAvailabilityPolicyTest
  ✓ view any returns true for all roles                                  0.09s  
  ✓ create is allowed only for coach                                     0.08s  
  ✓ update is allowed only for owner coach                               0.08s  
  ✓ delete inherits update authorization                                 0.09s  

   PASS  Tests\Unit\Policies\EnrollmentPolicyTest
  ✓ view role branching                                                  0.10s  
  ✓ coach can view only assigned certification                           0.09s  
  ✓ admin can update exam date only for non passed                       0.10s  
  ✓ student can update own exam date only when not passed                0.09s  
  ✓ admin can fail only learning enrollment                              0.09s  
  ✓ resume only for failed state                                         0.09s  
  ✓ receive certificate only for owner learning                          0.09s  

   PASS  Tests\Unit\Policies\InvitationPolicyTest
  ✓ admin can create view any revoke                                     0.10s  
  ✓ coach and student cannot create view any revoke                      0.09s  
  ✓ admin cannot revoke already accepted invitation                      0.08s  

   PASS  Tests\Unit\Policies\LearningHourTargetPolicyTest
  ✓ create allowed for owning student                                    0.10s  
  ✓ create denied for coach                                              0.10s  
  ✓ delete denied for other student                                      0.08s  

   PASS  Tests\Unit\Policies\LearningSessionPolicyTest
  ✓ view allowed for own session                                         0.11s  
  ✓ view denied for other session                                        0.09s  
  ✓ update denied for other session                                      0.09s  

   PASS  Tests\Unit\Policies\MeetingPolicyTest
  ✓ view only for admin or party                                         0.10s  
  ✓ create allowed only for student                                      0.11s  
  ✓ cancel only for reserved and party                                   0.10s  
  ✓ upsert memo only for owner coach                                     0.09s  

   PASS  Tests\Unit\Policies\MeetingQuotaPolicyTest
  ✓ view history allowed only for self                                   0.10s  

   PASS  Tests\Unit\Policies\MockExamPolicyTest
  ✓ admin can view any mock exam via can manage                          0.11s  
  ✓ assigned coach can manage mock exam                                  0.12s  
  ✓ unassigned coach cannot manage mock exam                             0.09s  
  ✓ learning student can take published mock exam                        0.11s  
  ✓ passed student can review published mock exam                        0.09s  
  ✓ student cannot take unpublished mock exam                            0.09s  
  ✓ student without enrollment cannot take                               0.09s  
  ✓ admin cannot take mock exam                                          0.10s  

   PASS  Tests\Unit\Policies\MockExamQuestionPolicyTest
  ✓ admin can perform all abilities                                      0.11s  
  ✓ coach can manage only assigned certification questions               0.09s  
  ✓ student cannot manage questions                                      0.09s  

   PASS  Tests\Unit\Policies\MockExamSessionPolicyTest
  ✓ student can operate only own session                                 0.10s  
  ✓ admin can view any session                                           0.13s  
  ✓ coach can view assigned certification session only                   0.12s  
  ✓ coach cannot operate session                                         0.09s  

   FAIL  Tests\Unit\Policies\PartPolicyTest
  ✓ admin full access                                                    0.09s  
  ⨯ coach assigned only                                                  0.09s  
  ✓ student view published only                                          0.09s  

   PASS  Tests\Unit\Policies\PartViewPolicyTest
  ✓ student with learning enrollment can view                            0.09s  
  ✓ student with passed enrollment can view for review                   0.09s  
  ✓ student without enrollment cannot view                               0.08s  
  ✓ admin and coach cannot view                                          0.09s  

   PASS  Tests\Unit\Policies\QaReplyPolicyTest
  ✓ student can create reply to published certification thread           0.09s  
  ✓ student cannot create reply to unpublished certification thread      0.09s  
  ✓ assigned coach can create reply                                      0.09s  
  ✓ unassigned coach cannot create reply                                 0.08s  
  ✓ admin cannot create reply                                            0.08s  
  ✓ student can update own reply                                         0.10s  
  ✓ coach can update own reply                                           0.09s  
  ✓ student cannot update other users reply                              0.09s  
  ✓ coach cannot update other users reply                                0.09s  
  ✓ admin cannot update reply                                            0.09s  
  ✓ admin can delete any reply                                           0.08s  
  ✓ student can delete own reply                                         0.09s  
  ✓ coach can delete own reply                                           0.08s  
  ✓ student cannot delete other users reply                              0.11s  
  ✓ coach cannot delete other users reply                                0.09s  

   PASS  Tests\Unit\Policies\QaThreadPolicyTest
  ✓ admin can view any thread                                            0.11s  
  ✓ coach can view any thread                                            0.08s  
  ✓ student can view any thread                                          0.08s  
  ✓ admin can view any thread regardless of certification                0.08s  
  ✓ assigned coach can view thread                                       0.11s  
  ✓ unassigned coach cannot view thread                                  0.09s  
  ✓ student can view thread for published certification                  0.08s  
  ✓ student cannot view thread for unpublished certification             0.08s  
  ✓ only student can create thread                                       0.09s  
  ✓ student can update own thread                                        0.09s  
  ✓ student cannot update other users thread                             0.09s  
  ✓ admin can delete any thread                                          0.08s  
  ✓ student can delete own thread                                        0.09s  
  ✓ student cannot delete other users thread                             0.08s  
  ✓ coach cannot delete thread                                           0.09s  
  ✓ student can resolve own thread                                       0.08s  
  ✓ student cannot resolve other users thread                            0.10s  
  ✓ student can unresolve own thread                                     0.08s  
  ✓ student cannot unresolve other users thread                          0.08s  

   FAIL  Tests\Unit\Policies\QuestionCategoryPolicyTest
  ✓ admin can perform all abilities                                      0.11s  
  ⨯ coach can manage only assigned certification                         0.09s  
  ✓ student cannot manage any category                                   0.08s  

   FAIL  Tests\Unit\Policies\SectionImagePolicyTest
  ✓ admin can create and delete                                          0.09s  
  ⨯ coach only for assigned certification                                0.10s  
  ✓ student cannot                                                       0.09s  

   FAIL  Tests\Unit\Policies\SectionPolicyTest
  ✓ admin full access                                                    0.11s  
  ✓ student view requires full published chain                           0.10s  
  ⨯ coach can manage assigned certification                              0.09s  

   PASS  Tests\Unit\Policies\SectionProgressPolicyTest
  ✓ view allowed for own enrollment                                      0.10s  
  ✓ view denied for other student                                        0.12s  
  ✓ create denied for coach                                              0.09s  
  ✓ create allowed for student                                           0.08s  

   PASS  Tests\Unit\Policies\SectionQuestionAnswerPolicyTest
  ✓ view allows owner only                                               0.10s  
  ✓ create allows learning enrollment with full cascade publish          0.10s  
  ✓ create allows passed enrollment                                      0.09s  
  ✓ create denies failed enrollment                                      0.09s  
  ✓ create denies when question is draft                                 0.09s  
  ✓ create denies non student                                            0.09s  
  ✓ create denies graduated user status                                  0.09s  

   PASS  Tests\Unit\Policies\SectionQuestionAttemptPolicyTest
  ✓ view allows owner only                                               0.10s  

   FAIL  Tests\Unit\Policies\SectionQuestionPolicyTest
  ✓ admin full access                                                    0.09s  
  ✓ student with enrollment can view published question                  0.10s  
  ✓ student without enrollment cannot view                               0.09s  
  ✓ student cannot view draft question                                   0.09s  
  ⨯ coach assigned only                                                  0.09s  

   PASS  Tests\Unit\Policies\SectionQuizPolicyTest
  ✓ view allows learning enrollment with published cascade               0.10s  
  ✓ view allows passed enrollment                                        0.09s  
  ✓ view denies failed enrollment                                        0.09s  
  ✓ view denies draft chapter                                            0.09s  
  ✓ view denies admin                                                    0.09s  

   PASS  Tests\Unit\Policies\SectionViewPolicyTest
  ✓ view allowed for learning enrollment                                 0.10s  
  ✓ view allowed for passed enrollment                                   0.09s  
  ✓ view denied for failed enrollment                                    0.10s  
  ✓ view denied for non student                                          0.08s  

   PASS  Tests\Unit\Policies\UserPolicyTest
  ✓ admin only abilities match role expectation with data set "admin は…  0.09s  
  ✓ admin only abilities match role expectation with data set "admin は…  0.09s  
  ✓ admin only abilities match role expectation with data set "admin は…  0.09s  
  ✓ admin only abilities match role expectation with data set "admin は…  0.09s  
  ✓ admin only abilities match role expectation with data set "admin は…  0.08s  
  ✓ admin only abilities match role expectation with data set "coach は…  0.09s  
  ✓ admin only abilities match role expectation with data set "coach は…  0.08s  
  ✓ admin only abilities match role expectation with data set "coach は…  0.08s  
  ✓ admin only abilities match role expectation with data set "coach は…  0.08s  
  ✓ admin only abilities match role expectation with data set "coach は…  0.08s  
  ✓ admin only abilities match role expectation with data set "student…  0.09s  
  ✓ admin only abilities match role expectation with data set "student…  0.08s  
  ✓ admin only abilities match role expectation with data set "student…  0.08s  
  ✓ admin only abilities match role expectation with data set "student…  0.09s  
  ✓ admin only abilities match role expectation with data set "student…  0.09s  

   PASS  Tests\Unit\Policies\WeakDrillPolicyTest
  ✓ view allows owner with learning status                               0.11s  
  ✓ view allows owner with passed status                                 0.08s  
  ✓ view denies failed status                                            0.09s  
  ✓ view denies other user                                               0.08s  
  ✓ view denies admin                                                    0.08s  

   PASS  Tests\Unit\Services\ChatMemberSyncServiceTest
  ✓ sync for room creates student and assigned coaches                   0.10s  
  ✓ sync for room creates only student when no coach assigned            0.09s  
  ✓ sync for certification adds member to all existing rooms             0.09s  

   FAIL  Tests\Unit\Services\ChatUnreadCountServiceTest
  ⨯ message count in room excludes own and pre read                      0.13s  
  ✓ room count for user counts only rooms with unread                    0.14s  
  ⨯ message counts by room returns keyed array with own and pre read ex… 0.13s  
  ✓ message counts by room returns zero for non member room              0.12s  
  ✓ message counts by room returns empty array for empty input           0.08s  

   PASS  Tests\Unit\Services\CoachActivityServiceTest
  ✓ summarizes completed and canceled counts                             0.19s  
  ✓ computes average memo length                                         0.09s  

   PASS  Tests\Unit\Services\CoachMeetingLoadServiceTest
  ✓ selects coach with fewest completed in last 30 days                  0.11s  
  ✓ ties break by ulid ascending                                         0.09s  
  ✓ meetings older than 30 days are not counted                          0.12s  
  ✓ only completed meetings are counted                                  0.11s  

   PASS  Tests\Unit\Services\CompletionEligibilityServiceTest
  ✓ returns false when no published mock exam exists                     0.10s  
  ✓ returns false when only unpublished mock exams exist                 0.09s  
  ✓ returns false when not all published mock exams passed               0.09s  
  ✓ returns true when all published mock exams have passing session      0.09s  
  ✓ returns true when same exam has multiple passing sessions            0.09s  

   PASS  Tests\Unit\Services\DefaultEnrollmentServiceTest
  ✓ resolve after create sets default when null                          0.10s  
  ✓ resolve after create keeps existing default                          0.09s  
  ✓ resolve after status change transfers to only remaining active       0.09s  
  ✓ resolve after status change clears to null when two or more remaini… 0.10s  
  ✓ resolve after status change clears to null when zero remaining       0.09s  
  ✓ resolve after status change does nothing when not default            0.09s  
  ✓ clear if invalid clears when default is soft deleted                 0.09s  
  ✓ clear if invalid clears when default is failed                       0.09s  
  ✓ clear if invalid keeps default when learning                         0.08s  
  ✓ clear if invalid keeps default when passed                           0.08s  
  ✓ clear if invalid does nothing when default is null                   0.08s  

   PASS  Tests\Unit\Services\InvitationTokenServiceTest
  ✓ generate url includes expires query                                  0.13s  
  ✓ verify returns true for valid request                                0.08s  
  ✓ verify returns false for tampered signature                          0.10s  

   PASS  Tests\Unit\Services\LastActivityServiceTest
  ✓ returns null when enrollment has no activity                         0.10s  
  ✓ returns max of learning session ended at                             0.09s  
  ✓ returns max of section question answer when no session               0.09s  
  ✓ picks latest across session and answer                               0.09s  
  ✓ keys results per enrollment in batch                                 0.10s  
  ✓ empty collection returns empty array                                 0.08s  

   PASS  Tests\Unit\Services\LearningCalendarServiceTest
  ✓ build sets today as grid base date                                   0.10s  
  ✓ same day sessions are summed into minutes                            0.10s  
  ✓ seconds are floored to minutes                                       0.09s  
  ✓ month total counts current month only                                0.09s  
  ✓ sessions before range are excluded                                   0.09s  
  ✓ empty when no sessions                                               0.09s  

   PASS  Tests\Unit\Services\LearningHourTargetServiceTest
  ✓ compute returns unset target with studied hours                      0.11s  
  ✓ compute returns remaining hours when target set                      0.11s  
  ✓ compute clamps progress ratio to one                                 0.10s  

   PASS  Tests\Unit\Services\MarkdownRenderingServiceTest
  ✓ strips script tags                                                   0.04s  
  ✓ rejects javascript url                                               0.02s  
  ✓ external links get rel and target                                    0.02s  
  ✓ code block rendered as pre code                                      0.02s  
  ✓ image with storage path allowed                                      0.02s  
  ✓ image with javascript url blocked                                    0.02s  
  ✓ extract snippet includes keyword context                             0.02s  
  ✓ extract snippet falls back when keyword missing                      0.02s  

   PASS  Tests\Unit\Services\MeetingAvailabilityServiceTest
  ✓ returns 60min slots for active availability                          0.12s  
  ✓ excludes existing reserved meetings                                  0.11s  
  ✓ excludes inactive availability                                       0.09s  
  ✓ unions multiple coaches into available count                         0.11s  
  ✓ validate slot throws when outside availability                       0.11s  
  ✓ validate slot succeeds when in availability                          0.09s  

   PASS  Tests\Unit\Services\MeetingQuotaServiceTest
  ✓ remaining returns max meetings when no transactions                  0.10s  
  ✓ remaining excludes granted initial to avoid double count             0.10s  
  ✓ remaining with mixed transactions                                    0.15s  
  ✓ remaining isolates users                                             0.08s  
  ✓ history orders by occurred at desc                                   0.08s  
  ✓ history filters by type                                              0.09s  
  ✓ history isolates users                                               0.10s  
  ✓ history eager loads granted by to avoid n plus one                   0.12s  
  ✓ history paginates at specified perpage                               0.09s  

   PASS  Tests\Unit\Services\MockExamServiceProviderTest
  ✓ weakness analysis service contract resolves to full implementation   0.05s  

   PASS  Tests\Unit\Services\NullWeaknessAnalysisServiceTest
  ✓ get weak categories returns empty collection                         0.09s  

   PASS  Tests\Unit\Services\PlanExpirationServiceTest
  ✓ is expired returns false when plan expires at is null                0.09s  
  ✓ is expired returns false when plan expires at is future              0.08s  
  ✓ is expired returns true when plan expires at is past                 0.09s  
  ✓ days remaining returns minus one when plan expires at is null        0.08s  
  ✓ days remaining returns positive value for future                     0.08s  
  ✓ days remaining returns zero when expired                             0.08s  

   PASS  Tests\Unit\Services\SectionQuestionAttemptStatsServiceTest
  ✓ summarize returns null accuracy for empty                            0.10s  
  ✓ summarize isolates enrollment certification                          0.10s  
  ✓ by category groups attempts                                          0.09s  
  ✓ recent answers limits count                                          0.10s  

   PASS  Tests\Unit\Services\SectionQuestionScoreServiceTest
  ✓ summarize returns empty for section without questions                0.11s  
  ✓ summarize returns unattempted when no answer recorded                0.09s  
  ✓ summarize aggregates attempts and accuracy                           0.10s  
  ✓ summarize computes best and latest round score                       0.09s  
  ✓ batch summarize keys by section id                                   0.09s  

   PASS  Tests\Unit\Services\SessionCloseServiceTest
  ✓ close open sessions marks auto closed                                0.12s  
  ✓ close one clamps duration to max session seconds                     0.09s  
  ✓ close stale sessions closes expired sessions                         0.09s  

   PASS  Tests\Unit\Services\StreakServiceTest
  ✓ calculate returns zero when no sessions                              0.10s  
  ✓ calculate counts consecutive days                                    0.10s  
  ✓ calculate breaks streak when gap exists                              0.09s  

   FAIL  Tests\Unit\Services\TermJudgementServiceTest
  ✓ returns basic learning when no mock exam session exists              0.09s  
  ✓ returns basic learning when only not started session exists          0.10s  
  ⨯ returns basic learning when only canceled session exists             0.09s  
  ✓ returns mock practice when in progress session exists                0.09s  
  ✓ returns mock practice when submitted session exists                  0.09s  
  ✓ returns mock practice when graded session exists                     0.09s  
  ✓ does not update when current term already matches                    1.09s  

   PASS  Tests\Unit\Services\UserPlanLogServiceTest
  ✓ record inserts user plan log with assigned event                     0.11s  
  ✓ record supports all event types                                      0.09s  
  ✓ record with null changed by is system event                          0.08s  

   PASS  Tests\Unit\Services\UserStatusChangeServiceTest
  ✓ record inserts user status log with from and to status               0.09s  
  ✓ record with null changer inserts null changed by user id             0.08s  
  ✓ record does not update user status                                   0.09s  
  ✓ record stores changed reason                                         0.08s  
  ✓ record with null reason stores null                                  0.11s  
  ✓ records all four status transitions                                  0.11s  

   PASS  Tests\Unit\Services\WeaknessAnalysisServiceTest
  ✓ get weak categories returns empty when no graded session             0.10s  
  ✓ get weak categories returns categories below 70 percent threshold    0.11s  
  ✓ get heatmap returns cell per category                                0.11s  
  ✓ get pass probability band returns unknown when no graded             0.09s  
  ✓ get pass probability band returns safe when above 90 percent thresh… 0.10s  
  ✓ get pass probability band returns danger when below 70 percent thre… 0.09s  
  ✓ batch heatmap returns aggregated array per session                   0.12s  
  ✓ batch heatmap excludes non graded sessions                           0.10s  
  ✓ batch heatmap returns empty for empty collection                     0.09s  
  ✓ get pass probability band uses only recent three sessions            0.09s  

   PASS  Tests\Unit\UseCases\Auth\ExpireInvitationsActionTest
  ✓ marks only pending past expiry as expired                            0.10s  
  ✓ does not touch accepted or revoked invitations                       0.09s  

   PASS  Tests\Unit\UseCases\User\WithdrawActionTest
  ✓ throws user already withdrawn for withdrawn user                     0.10s  
  ✓ throws last admin withdraw for only remaining admin                  0.09s  
  ✓ allows admin withdraw when another admin remains                     0.09s  
  ✓ active user is withdrawn with email rename and status log            0.08s  
  ✓ graduated user can also be withdrawn                                 0.09s  
  ✓ transaction rolls back on status log failure                         0.08s  
  ✓ system actor is recorded as null changed by                          0.08s  

   PASS  Tests\Unit\ViewComposers\NotificationBadgeComposerTest
  ✓ returns zero when unauthenticated                                    0.09s  

   PASS  Tests\Feature\Architecture\DashboardArchitectureTest
  ✓ no dashboard specific service is created                             0.02s  
  ✓ no dashboard specific policy is created                              0.04s  
  ✓ no dashboard specific middleware is created                          0.02s  
  ✓ enrollment model does not define last learning session relation      0.02s  
  ✓ dashboard actions do not use cache facade                            0.02s  
  ✓ dashboard blade views do not call db facade or model query           0.03s  

   PASS  Tests\Feature\Architecture\RoleSeparationArchitectureTest
  ✓ no role specific controller namespace exists                         0.04s  
  ✓ no role specific use case subdirectory exists                        0.02s  
  ✓ no role specific test subdirectory in feature http                   0.02s  
  ✓ use case action classes end with action suffix                       0.03s  

   PASS  Tests\Feature\Auth\LoginTest
  ✓ in progress user can login and last login at updated                 0.10s  
  ✓ graduated user can login                                             0.12s  
  ✓ invited status user cannot login                                     0.09s  
  ✓ withdrawn status user cannot login                                   0.09s  
  ✓ invalid password returns same error as inactive status               0.10s  

   PASS  Tests\Feature\Auth\LogoutTest
  ✓ logout invalidates session and redirects                             0.11s  

   FAIL  Tests\Feature\Auth\OnboardingTest
  ✓ show renders form with valid signed url                              0.11s  
  ✓ show renders invalid view for tampered signature                     0.10s  
  ✓ show renders invalid view for expired invitation                     0.09s  
  ✓ show renders invalid view for accepted invitation                    0.11s  
  ✓ show renders invalid view when user status not invited               0.10s  
  ⨯ store updates existing invited user to in progress                   0.11s  
  ✓ store sets plan period from plan duration days                       0.10s  
  ⨯ store marks invitation accepted and auto logs in                     0.10s  
  ✓ store does not create new user row                                   0.09s  
  ✓ store records meeting quota transaction granted initial              0.10s  
  ✓ store rejects short password                                         0.10s  
  ⨯ store rejects mismatched password confirmation                       0.09s  
  ✓ store requires meeting url for coach invitation                      0.09s  
  ✓ store rejects invalid meeting url format for coach                   0.09s  
  ⨯ store saves meeting url for coach onboarding                         0.10s  
  ⨯ store does not require meeting url for student invitation            0.09s  

   PASS  Tests\Feature\Auth\PasswordResetTest
  ✓ forgot password returns same message for existing and non existing…  0.11s  
  ✓ reset password updates hash and redirects                            0.10s  

   PASS  Tests\Feature\Broadcasting\ChannelAuthorizationTest
  ✓ member can subscribe and non member cannot                           0.09s  

   PASS  Tests\Feature\Commands\AutoCompleteMeetingsCommandTest
  ✓ command transitions overdue reserved meetings                        0.11s  

   PASS  Tests\Feature\Commands\CloseStaleSessionsCommandTest
  ✓ stale open sessions are force closed                                 0.12s  
  ✓ already closed sessions are not affected                             0.11s  
  ✓ command reports closed count in output                               0.10s  

   PASS  Tests\Feature\Commands\ExpireInvitationsCommandTest
  ✓ pending invitations past expiry are expired                          0.09s  
  ✓ already processed invitations are not affected                       0.10s  
  ✓ command reports processed count in output                            0.09s  

   PASS  Tests\Feature\Commands\FailExpiredEnrollmentsCommandTest
  ✓ learning enrollments past exam date are marked failed                0.11s  
  ✓ enrollment without exam date is skipped                              0.10s  
  ✓ passed or failed enrollments are not affected even if exam date exp… 0.09s  
  ✓ status log records system auto fail with reason                      0.09s  

   PASS  Tests\Feature\Commands\GraduateExpiredUsersCommandTest
  ✓ in progress users past plan expiration are graduated                 0.11s  
  ✓ invited and graduated users are not affected                         0.09s  
  ✓ status log and plan log are recorded                                 0.09s  
  ✓ users with null plan expires at are skipped                          0.08s  

   FAIL  Tests\Feature\Commands\ScheduleCommandChunkTest
  ⨯ graduate expired users processes all records across chunks           0.41s  
  ⨯ fail expired enrollments processes all records across chunks         0.66s  
  ⨯ auto complete meetings processes all records across chunks           0.35s  

   PASS  Tests\Feature\Http\AdminChatRoom\IndexTest
  ✓ admin redirects to latest chat room                                  0.12s  
  ✓ admin sees empty state when no rooms match                           0.11s  
  ✓ coach forbidden                                                      0.10s  
  ✓ student forbidden                                                    0.14s  

   PASS  Tests\Feature\Http\AdminChatRoom\ShowTest
  ✓ admin can view any room                                              0.17s  

   PASS  Tests\Feature\Http\Certification\ArchiveTest
  ✓ admin archives published certification                               0.11s  
  ✓ cannot archive draft                                                 0.11s  

   PASS  Tests\Feature\Http\Certification\DestroyTest
  ✓ admin can delete draft certification                                 0.11s  
  ✓ cannot delete published certification                                0.11s  
  ✓ cannot delete archived certification                                 0.11s  
  ✓ coach cannot delete                                                  0.11s  

   FAIL  Tests\Feature\Http\Certification\IndexTest
  ✓ admin can view certification list                                    0.14s  
  ✓ coach sees only assigned certifications                              0.12s  
  ✓ student cannot access admin certifications index                     0.09s  
  ✓ keyword filter matches name only                                     0.12s  
  ⨯ status filter returns only matching status                           0.11s  
  ✓ category filter                                                      0.12s  
  ✓ paginates 20 per page                                                0.18s  

   PASS  Tests\Feature\Http\Certification\InvalidColumnsTest
  ✓ store ignores unknown columns                                        0.12s  

   PASS  Tests\Feature\Http\Certification\PublishTest
  ✓ admin publishes draft certification                                  0.17s  
  ✓ cannot publish archived                                              0.09s  
  ✓ cannot publish already published                                     0.09s  
  ✓ coach cannot publish                                                 0.09s  

   PASS  Tests\Feature\Http\Certification\StoreTest
  ✓ admin can create certification as draft                              0.10s  
  ✓ required fields are validated                                        0.11s  
  ✓ coach cannot create certification                                    0.10s  

   PASS  Tests\Feature\Http\Certification\UnpublishTest
  ✓ admin unpublishes published certification                            0.11s  
  ✓ cannot unpublish draft                                               0.10s  
  ✓ cannot unpublish archived                                            0.12s  
  ✓ coach cannot unpublish                                               0.10s  

   PASS  Tests\Feature\Http\Certification\UpdateTest
  ✓ admin can update certification                                       0.10s  
  ✓ status is unchanged even if payload includes status                  0.09s  
  ✓ coach cannot update                                                  0.09s  

   FAIL  Tests\Feature\Http\CertificationCatalog\IndexTest
  ✓ student sees only published certifications in catalog                0.15s  
  ⨯ graduated student is forbidden                                       0.10s  
  ✓ admin is forbidden on student catalog                                0.10s  
  ✓ coach is forbidden on student catalog                                0.10s  
  ✓ enrolled ids contain only student own enrollments                    0.12s  
  ✓ guest cannot access                                                  0.11s  

   FAIL  Tests\Feature\Http\CertificationCatalog\ShowTest
  ✓ student can view published certification                             0.16s  
  ✓ student gets 403 on draft certification                              0.09s  
  ✓ student gets 403 on archived certification                           0.09s  
  ⨯ graduated student is forbidden by middleware                         0.10s  
  ✓ admin is forbidden on student catalog show                           0.10s  

   FAIL  Tests\Feature\Http\CertificationCategory\DestroyTest
  ⨯ admin can soft delete unused category                                0.11s  
  ✓ cannot delete category in use                                        0.10s  

   PASS  Tests\Feature\Http\CertificationCategory\StoreTest
  ✓ admin can create category                                            0.12s  
  ✓ duplicate slug returns error                                         0.10s  
  ✓ coach cannot create                                                  0.13s  

   PASS  Tests\Feature\Http\CertificationCoachAssignment\AttachTest
  ✓ admin can attach coach                                               0.13s  
  ✓ cannot attach non coach user                                         0.12s  
  ✓ attaching same coach twice is idempotent                             0.12s  
  ✓ reattaching after detach restores assignment                         0.13s  
  ✓ coach cannot attach                                                  0.18s  

   PASS  Tests\Feature\Http\CertificationCoachAssignment\DetachTest
  ✓ admin can detach coach                                               0.14s  
  ✓ coach cannot detach                                                  0.12s  

   PASS  Tests\Feature\Http\Chapter\CrudTest
  ✓ store creates draft chapter                                          0.12s  
  ✓ publish then unpublish                                               0.14s  
  ✓ destroy draft only                                                   0.11s  

   FAIL  Tests\Feature\Http\Chapter\ShowTest
  ⨯ sections are listed in order ascending                               0.15s  

   PASS  Tests\Feature\Http\Chat\CoachAssignmentChangeTest
  ✓ listener syncs chat members when coach attached                      0.10s  

   FAIL  Tests\Feature\Http\Chat\EnsureActiveLearningTest
  ⨯ graduated student forbidden on index                                 0.11s  
  ⨯ graduated student forbidden on show                                  0.12s  

   PASS  Tests\Feature\Http\Chat\IndexTest
  ✓ student with rooms redirects to latest room                          0.10s  
  ✓ other students rooms do not become redirect target                   0.11s  
  ✓ empty state when no rooms                                            0.10s  
  ✓ eager generated room becomes redirect target after enrollment store  0.13s  
  ✓ coach index redirects to latest room regardless of unread status     0.10s  
  ✓ coach index renders empty state when coach has no rooms              0.10s  

   PASS  Tests\Feature\Http\Chat\ShowTest
  ✓ view member can open room and only own last read at updates          0.20s  
  ✓ non member cannot view room                                          0.12s  
  ✓ rooms pane renders unread badge for room with unread messages        0.17s  
  ✓ admin can view via admin route without updating last read at         0.13s  

   PASS  Tests\Feature\Http\Chat\StoreMessageTest
  ✓ student can send message and dispatches event                        0.12s  
  ✓ body required                                                        0.11s  
  ✓ body max length                                                      0.10s  
  ✓ returns 422 when no coach assigned via json                          0.11s  
  ✓ html post with no coach redirects back with flash error              0.10s  
  ✓ non member forbidden                                                 0.13s  
  ✓ admin cannot send message                                            0.10s  
  ✓ no edit or delete endpoints                                          0.12s  

   FAIL  Tests\Feature\Http\CoachStudent\IndexTest
  ⨯ coach sees only enrollments in assigned certifications               0.14s  
  ✓ guest cannot access                                                  0.08s  

   PASS  Tests\Feature\Http\CoachStudent\ShowTest
  ✓ coach can see assigned enrollment detail                             0.13s  
  ✓ coach cannot see unassigned enrollment                               0.11s  

   PASS  Tests\Feature\Http\ContentSearch\SearchTest
  ✓ student finds published section in enrolled certification            0.13s  
  ✓ search result links to student learning route not admin              0.11s  
  ✓ draft section not returned                                           0.11s  
  ✓ unenrolled certification returns empty                               0.10s  
  ✓ empty keyword returns empty paginator                                0.10s  

   PASS  Tests\Feature\Http\Dashboard\DashboardControllerTest
  ✓ guest is redirected to login                                         0.11s  
  ✓ admin user sees admin dashboard blade                                0.14s  
  ✓ coach user sees coach dashboard blade                                0.11s  
  ✓ student user sees student dashboard blade                            0.11s  
  ✓ graduated student sees graduated dashboard blade                     0.11s  
  ✓ student dashboard renders resume card with last viewed section       0.12s  
  ✓ student dashboard passed section links to enrollment review          0.11s  
  ✓ admin dashboard renders even when kpi service throws                 0.13s  

   FAIL  Tests\Feature\Http\Dashboard\DashboardQueryCountTest
  ✓ admin dashboard query count is within limit                          0.13s  
  ✓ coach dashboard query count is within limit                          0.12s  
  ⨯ coach dashboard does not explode with more enrollments               0.16s  
  ✓ student dashboard query count is within limit                        0.12s  
  ✓ student dashboard does not explode with more enrollments             0.13s  
  ✓ graduated dashboard query count is within limit                      0.10s  

   FAIL  Tests\Feature\Http\Enrollment\EnrollmentControllerTest
  ✓ index returns student enrollments only                               0.18s  
  ✓ show allows owner student                                            0.11s  
  ✓ show forbids other student                                           0.10s  
  ✓ store creates enrollment for published certification                 0.10s  
  ✓ store returns 404 for draft certification                            0.09s  
  ✓ store returns 409 for duplicate enrollment                           0.09s  
  ✓ store returns 422 when exam date is today or before                  0.09s  
  ✓ store accepts nullable exam date                                     0.11s  
  ⨯ graduated student cannot use student only routes                     0.09s  
  ✓ coach cannot use student only routes                                 0.10s  
  ✓ unauthenticated user is redirected to login                          0.10s  
  ✓ destroy soft deletes own learning enrollment                         0.11s  
  ✓ destroy rejects other student                                        0.10s  
  ✓ destroy rejects passed enrollment                                    0.09s  
  ✓ resume transitions failed to learning for owner                      0.11s  
  ✓ resume rejects learning enrollment                                   0.09s  
  ✓ receive certificate succeeds when eligible                           0.11s  
  ✓ receive certificate returns 409 when not eligible                    0.10s  
  ✓ receive certificate returns 403 for non owner                        0.10s  
  ⨯ receive certificate returns 403 for graduated student                0.09s  

   PASS  Tests\Feature\Http\Enrollment\EnrollmentManagementControllerTest
  ✓ admin update exam date succeeds for learning enrollment              0.15s  
  ✓ admin update exam date forbidden for passed enrollment               0.11s  
  ✓ admin can fail learning enrollment                                   0.11s  
  ✓ admin fail forbidden for passed enrollment                           0.09s  

   FAIL  Tests\Feature\Http\Enrollment\UpdateExamDateTest
  ⨯ student can set own exam date                                        0.11s  
  ✓ other student cannot update exam date                                0.09s  
  ✓ cannot update exam date for passed enrollment                        0.09s  
  ✓ exam date must be after today                                        0.09s  

   PASS  Tests\Feature\Http\Invitation\DestroyTest
  ✓ admin can cancel pending invitation                                  0.11s  
  ✓ user is cascade withdrawn with renamed email                         0.09s  
  ✓ inserts user status log with admin as changer                        0.09s  
  ✓ throws invitation not pending for accepted invitation                0.10s  

   FAIL  Tests\Feature\Http\Invitation\ResendTest
  ⨯ admin can resend invitation with force true                          0.11s  
  ✓ old pending is revoked and user stays invited                        0.10s  
  ✓ does not insert new status log on resend                             0.10s  

   FAIL  Tests\Feature\Http\Invitation\StoreTest
  ⨯ admin can issue invitation for coach role without plan               0.12s  
  ✓ coach invitation rejects plan id with 422                            0.13s  
  ✓ admin can issue invitation for student role                          0.09s  
  ✓ cannot issue invitation for admin role                               0.10s  
  ✓ plan id is required                                                  0.08s  
  ✓ plan id must exist                                                   0.10s  
  ✓ draft plan id is rejected                                            0.09s  
  ✓ archived plan id is rejected                                         0.11s  
  ⨯ dispatches invitation mail and inserts status log                    0.10s  
  ✓ coach cannot issue invitation                                        0.09s  

   FAIL  Tests\Feature\Http\Learning\BrowseControllerTest
  ✓ index redirects when default enrollment set                          0.13s  
  ✓ index shows empty state when no default and multiple enrollments     0.10s  
  ⨯ index 403 for graduated user                                         0.10s  
  ✓ show enrollment for passed status is visible                         0.13s  
  ✓ show enrollment forbidden for other student                          0.09s  
  ✓ show part allows passed enrollment                                   0.11s  
  ⨯ show part forbidden for non enrolled student                         0.11s  
  ✓ show chapter 404 when draft part                                     0.10s  
  ✓ show section auto starts learning session                            0.13s  
  ✓ show section auto closes previous open session                       0.14s  
  ✓ show section for passed enrollment succeeds                          0.11s  
  ⨯ show section for failed enrollment returns 403                       0.11s  
  ⨯ show part 404 when certification archived                            0.11s  
  ⨯ show chapter 404 when certification archived                         0.11s  
  ⨯ show section 404 when certification archived                         0.12s  

   PASS  Tests\Feature\Http\Learning\LearningHourTargetControllerTest
  ✓ show returns view with summary                                       0.15s  
  ✓ show forbidden for other student                                     0.10s  
  ✓ upsert creates new target                                            0.10s  
  ✓ upsert validation fails for zero hours                               0.09s  
  ✓ destroy soft deletes target                                          0.11s  

   PASS  Tests\Feature\Http\Learning\SectionProgressControllerTest
  ✓ mark read creates section progress                                   0.13s  
  ✓ mark read allowed for passed enrollment                              0.10s  
  ✓ mark read 409 for failed enrollment                                  0.11s  
  ✓ mark read 409 for draft section                                      0.10s  
  ✓ unmark read soft deletes progress                                    0.10s  
  ✓ mark read forbidden for non enrolled student                         0.10s  

   FAIL  Tests\Feature\Http\Meeting\MeetingControllerTest
  ✓ student index lists only own meetings                                0.15s  
  ✓ show blocks third party                                              0.11s  
  ✓ show allows owner                                                    0.13s  
  ✓ create requires enrollment ownership                                 0.10s  
  ✓ store creates meeting for owner                                      0.10s  
  ✓ store rejects non zero minutes                                       0.09s  
  ✓ cancel blocks third party                                            0.11s  
  ✓ cancel allows owner                                                  0.10s  
  ✓ index as coach only lists own meetings                               0.11s  
  ✓ upsert memo only for assigned coach                                  0.10s  
  ✓ upsert memo succeeds for assigned coach                              0.10s  
  ✓ fetch availability returns json slots                                0.10s  
  ⨯ graduated student cannot access create                               0.11s  
  ⨯ store blocks double booking for same coach and slot                  0.11s  
  ⨯ cancel refunds meeting quota                                         0.09s  

   PASS  Tests\Feature\Http\MockExam\CrudTest
  ✓ admin can create mock exam as draft                                  0.11s  
  ✓ store silently drops time limit minutes field                        0.11s  
  ✓ coach cannot create mock exam for unassigned certification           0.09s  
  ✓ student cannot access admin mock exams index                         0.09s  
  ✓ admin can update mock exam without changing certification            0.11s  
  ✓ destroy rejects published mock exam                                  0.10s  
  ✓ destroy rejects when active session exists                           0.09s  
  ✓ destroy succeeds when unpublished and no session                     0.09s  

   FAIL  Tests\Feature\Http\MockExam\MockExamIndexQueryCountTest
  ⨯ index query count does not grow with mock exam count                 0.25s  

   PASS  Tests\Feature\Http\MockExam\PublishTest
  ✓ publish fails when no questions                                      0.11s  
  ✓ publish succeeds with at least one question                          0.10s  
  ✓ publish fails when already published                                 0.10s  
  ✓ unpublish succeeds when published                                    0.10s  
  ✓ unpublish fails when already draft                                   0.09s  

   FAIL  Tests\Feature\Http\MockExamCatalog\IndexShowTest
  ✓ student sees published mock exams for learning enrollment            0.14s  
  ✓ student with passed enrollment can review published mock exams       0.11s  
  ✓ student cannot access others enrollment                              0.09s  
  ⨯ graduated user is blocked by ensure active learning                  0.12s  
  ✓ show returns 404 when mock exam belongs to other certification       0.10s  

   PASS  Tests\Feature\Http\MockExamQuestion\CrudTest
  ✓ admin can create question with options                               0.14s  
  ✓ store rejects category from different certification                  0.10s  
  ✓ store rejects zero correct options                                   0.10s  
  ✓ store rejects multiple correct options                               0.10s  
  ✓ store rejects options outside 2 to 6 range                           0.09s  
  ✓ store assigns max order plus one                                     0.10s  
  ✓ coach can manage question for assigned certification                 0.09s  
  ✓ unassigned coach cannot create question                              0.10s  

   PASS  Tests\Feature\Http\MockExamSession\AnswerTest
  ✓ patch saves answer upsert                                            0.15s  
  ✓ patch overwrites previous answer on same question                    0.12s  
  ✓ patch rejects when session not in progress                           0.14s  
  ✓ patch rejects question not in generated ids                          0.12s  
  ✓ patch rejects option not belonging to question                       0.12s  
  ✓ patch blocked for other users session                                0.14s  

   FAIL  Tests\Feature\Http\MockExamSession\LifecycleTest
  ✓ store creates not started session with question snapshot             0.13s  
  ✓ store rejects when no questions                                      0.10s  
  ✓ store rejects duplicate active session                               0.13s  
  ✓ start transitions not started to in progress                         0.11s  
  ✓ start rejects when mock exam unpublished                             0.10s  
  ✓ start rejects when already in progress                               0.11s  
  ⨯ submit grades session and updates term                               0.12s  
  ✓ submit rejects when not in progress                                  0.10s  
  ⨯ destroy cancels not started session                                  0.11s  
  ✓ destroy rejects in progress session                                  0.10s  
  ✓ cannot act on others session                                         0.10s  

   PASS  Tests\Feature\Http\MockExamSession\MockExamSessionMonitorControllerTest
  ✓ admin can view all sessions                                          0.18s  
  ✓ coach sees only sessions of assigned certifications                  0.14s  
  ✓ student cannot access admin session views                            0.10s  

   PASS  Tests\Feature\Http\Part\DestroyTest
  ✓ admin can soft delete draft part                                     0.12s  
  ✓ cannot delete published part                                         0.10s  

   FAIL  Tests\Feature\Http\Part\IndexTest
  ✓ admin can view parts for any certification                           0.13s  
  ⨯ assigned coach can view parts                                        0.10s  
  ✓ non assigned coach cannot view parts                                 0.09s  
  ✓ student cannot view admin parts                                      0.09s  
  ⨯ parts are listed in order ascending                                  0.12s  

   PASS  Tests\Feature\Http\Part\PublishTest
  ✓ admin can publish draft part                                         0.12s  
  ✓ cannot publish already published                                     0.10s  
  ✓ admin can unpublish published part                                   0.11s  

   PASS  Tests\Feature\Http\Part\ReorderTest
  ✓ reorder updates order columns                                        0.11s  
  ✓ reorder rejects cross certification ids                              0.10s  

   FAIL  Tests\Feature\Http\Part\ShowTest
  ⨯ chapters are listed in order ascending                               0.14s  

   PASS  Tests\Feature\Http\Part\StoreTest
  ✓ admin can create part as draft with auto order                       0.11s  
  ✓ validation title required                                            0.09s  
  ✓ non assigned coach cannot create                                     0.11s  

   PASS  Tests\Feature\Http\QaReply\DestroyTest
  ✓ student can delete own reply                                         0.11s  
  ✓ coach can delete own reply                                           0.10s  
  ✓ admin can delete any reply                                           0.10s  
  ✓ other student cannot delete reply                                    0.10s  
  ✓ other coach cannot delete reply                                      0.09s  

   PASS  Tests\Feature\Http\QaReply\StoreTest
  ✓ student can create reply on published certification thread           0.12s  
  ✓ assigned coach can create reply                                      0.11s  
  ✓ admin cannot create reply                                            0.10s  
  ✓ student cannot create reply on unpublished certification thread      0.11s  
  ✓ unassigned coach cannot create reply                                 0.11s  
  ✓ body is required                                                     0.10s  
  ✓ body cannot exceed 5000 characters                                   0.12s  

   PASS  Tests\Feature\Http\QaReply\UpdateTest
  ✓ student can update own reply                                         0.12s  
  ✓ coach can update own reply                                           0.10s  
  ✓ other student cannot update reply                                    0.10s  
  ✓ admin cannot update reply                                            0.10s  
  ✓ body is required                                                     0.09s  
  ✓ body cannot exceed 5000 characters                                   0.10s  

   PASS  Tests\Feature\Http\QaThread\DestroyTest
  ✓ student can delete own thread without replies                        0.14s  
  ✓ student cannot delete thread with replies                            0.11s  
  ✓ admin can delete thread with replies                                 0.11s  
  ✓ other student cannot delete thread                                   0.12s  
  ✓ coach cannot delete thread                                           0.11s  

   PASS  Tests\Feature\Http\QaThread\IndexAsAdminTest
  ✓ admin can view all qa threads                                        0.14s  
  ✓ admin can view threads of unpublished certification                  0.14s  
  ✓ non admin cannot access admin qa thread index                        0.10s  
  ✓ keyword filter matches title or body                                 0.17s  
  ✓ status filter returns only matching threads                          0.11s  
  ✓ certification filter                                                 0.12s  
  ✓ paginates 20 per page                                                0.21s  

   PASS  Tests\Feature\Http\QaThread\IndexTest
  ✓ student can view qa thread list                                      0.13s  
  ✓ student sees only threads of published certifications                0.12s  
  ✓ coach sees only threads of assigned certifications                   0.15s  
  ✓ keyword filter matches title or body                                 0.12s  
  ✓ status filter returns only matching threads                          0.12s  
  ✓ certification filter returns only matching threads                   0.11s  
  ✓ combined filters return only matching threads                        0.11s  
  ✓ paginates 20 threads per page                                        0.18s  

   PASS  Tests\Feature\Http\QaThread\ResolveTest
  ✓ student can resolve own thread                                       0.13s  
  ✓ cannot resolve already resolved thread                               0.10s  
  ✓ other student cannot resolve thread                                  0.10s  
  ✓ coach cannot resolve thread                                          0.09s  

   PASS  Tests\Feature\Http\QaThread\ShowTest
  ✓ student can view thread with published certification                 0.14s  
  ✓ student gets 403 on thread with draft certification                  0.13s  
  ✓ student gets 403 on thread with archived certification               0.10s  
  ✓ assigned coach can view thread                                       0.12s  
  ✓ unassigned coach gets 403 on thread                                  0.10s  
  ✓ admin can view any thread                                            0.11s  
  ✓ show loads replies and reply count                                   0.13s  

   PASS  Tests\Feature\Http\QaThread\StoreTest
  ✓ student can create thread                                            0.14s  
  ✓ required fields are validated                                        0.11s  
  ✓ student cannot create thread for unpublished certification           0.12s  
  ✓ coach cannot create thread                                           0.14s  
  ✓ admin cannot create thread                                           0.11s  

   PASS  Tests\Feature\Http\QaThread\UnresolveTest
  ✓ student can unresolve own thread                                     0.11s  
  ✓ cannot unresolve already unresolved thread                           0.12s  
  ✓ other student cannot unresolve thread                                0.10s  
  ✓ coach cannot unresolve thread                                        0.10s  

   PASS  Tests\Feature\Http\QaThread\UpdateTest
  ✓ student can update own thread                                        0.13s  
  ✓ other student cannot update thread                                   0.10s  
  ✓ coach cannot update thread                                           0.10s  
  ✓ required fields are validated                                        0.09s  

   PASS  Tests\Feature\Http\QuestionCategory\CrudTest
  ✓ admin can create question category                                   0.12s  
  ✓ duplicate slug within certification rejected                         0.09s  
  ✓ same slug in different certification allowed                         0.10s  
  ✓ destroy blocked if section questions exist                           0.12s  
  ✓ destroy allowed when no questions                                    0.10s  
  ✓ non assigned coach cannot view                                       0.10s  

   PASS  Tests\Feature\Http\QuizHistory\IndexTest
  ✓ owner can view history filtered by certification                     0.17s  
  ✓ other student returns 403                                            0.09s  
  ✓ filter by source                                                     0.12s  

   PASS  Tests\Feature\Http\QuizStats\IndexTest
  ✓ owner can view stats                                                 0.14s  
  ✓ other student returns 403                                            0.09s  

   PASS  Tests\Feature\Http\Section\CrudTest
  ✓ store section includes body                                          0.13s  
  ✓ update updates body                                                  0.10s  
  ✓ preview returns html                                                 0.10s  

   PASS  Tests\Feature\Http\SectionImage\StoreTest
  ✓ admin can upload image                                               0.15s  
  ✓ rejects oversized file                                               0.09s  
  ✓ rejects invalid mime                                                 0.10s  

   PASS  Tests\Feature\Http\SectionQuestion\CrudTest
  ✓ admin can create section question with options                       0.13s  
  ✓ store rejects zero correct options                                   0.10s  
  ✓ store rejects category from different certification                  0.10s  
  ✓ store rejects single option                                          0.10s  
  ✓ update replaces options via delete and insert                        0.10s  
  ✓ publish requires valid options                                       0.11s  
  ✓ non assigned coach cannot view section questions                     0.11s  
  ✓ destroy soft deletes section question                                0.09s  

   PASS  Tests\Feature\Http\SectionQuestionAnswer\StoreTest
  ✓ section quiz correct answer redirects to result                      0.14s  
  ✓ weak drill answer redirects to drill result                          0.10s  
  ✓ invalid option returns validation error                              0.11s  
  ✓ failed enrollment denied                                             0.11s  
  ✓ graduated student blocked by middleware                              0.10s  

   PASS  Tests\Feature\Http\SectionQuiz\ResultTest
  ✓ owner can view result                                                0.14s  
  ✓ other student cannot view result                                     0.12s  
  ✓ mismatched question section returns 404                              0.10s  

   FAIL  Tests\Feature\Http\SectionQuiz\ShowTest
  ✓ learning student can view section entry                              0.13s  
  ✓ passed student can view section entry                                0.12s  
  ✓ failed enrollment returns 404                                        0.10s  
  ✓ admin blocked by role middleware                                     0.09s  
  ⨯ graduated blocked by middleware                                      0.12s  

   FAIL  Tests\Feature\Http\Settings\UpdateDefaultEnrollmentTest
  ✓ student can set default to own learning enrollment                   0.11s  
  ✓ student can set default to own passed enrollment                     0.09s  
  ✓ redirect to parameter overrides default redirect                     0.10s  
  ✓ student cannot set default to other users enrollment                 0.09s  
  ✓ failed enrollment returns 422                                        0.09s  
  ✓ soft deleted enrollment returns 404                                  0.09s  
  ✓ coach is forbidden                                                   0.10s  
  ✓ admin is forbidden                                                   0.09s  
  ⨯ graduated student is forbidden by active learning middleware         0.09s  
  ✓ unauthenticated request is redirected to login                       0.10s  
  ✓ overwrites existing default                                          0.11s  

   PASS  Tests\Feature\Http\SettingsProfile\Availability\DestroyTest
  ✓ coach can destroy own availability                                   0.12s  
  ✓ coach cannot destroy other coachs availability                       0.09s  
  ✓ student is forbidden                                                 0.10s  

   PASS  Tests\Feature\Http\SettingsProfile\Availability\IndexTest
  ✓ unauthenticated request is redirected                                0.10s  
  ✓ coach can view availability page with own slots                      0.12s  
  ✓ coach does not see other coaches availabilities                      0.11s  
  ✓ student is forbidden on availability endpoint                        0.09s  
  ✓ admin is forbidden on availability endpoint                          0.09s  

   FAIL  Tests\Feature\Http\SettingsProfile\Availability\StoreTest
  ⨯ coach can create availability                                        0.11s  
  ✓ coach can create availability with is active false when checkbox un… 0.09s  
  ✓ multiple overlapping slots on same day are allowed                   0.09s  
  ✓ validation fails when end time is before start time                  0.10s  
  ✓ validation fails when day of week is out of range                    0.14s  
  ✓ validation fails when start time format is invalid                   0.09s  
  ✓ student is forbidden                                                 0.09s  

   FAIL  Tests\Feature\Http\SettingsProfile\Availability\UpdateTest
  ⨯ coach can update own availability                                    0.11s  
  ✓ coach cannot update other coachs availability                        0.09s  
  ✓ validation fails when end time before start time                     0.09s  
  ✓ student is forbidden                                                 0.10s  

   PASS  Tests\Feature\Http\User\ExtendCourseTest
  ✓ admin can extend in progress student plan                            0.12s  
  ✓ inserts user plan log with renewed event type                        0.10s  
  ✓ inserts meeting quota transaction granted initial                    0.10s  
  ✓ returns 422 for missing plan id                                      0.09s  
  ✓ returns 422 for draft plan                                           0.09s  
  ✓ returns 422 for nonexistent plan                                     0.09s  
  ✓ coach cannot extend course                                           0.10s  
  ✓ student cannot extend course                                         0.09s  

   PASS  Tests\Feature\Http\User\GrantMeetingQuotaTest
  ✓ admin can grant quota                                                0.11s  
  ✓ admin can grant without reason                                       0.10s  
  ✓ returns 422 for amount zero                                          0.09s  
  ✓ returns 422 for amount above max                                     0.09s  
  ✓ returns 422 for reason longer than 200                               0.10s  
  ✓ coach cannot grant quota                                             0.09s  
  ✓ student cannot grant quota                                           0.11s  

   FAIL  Tests\Feature\Http\User\IndexTest
  ✓ admin can view user list                                             0.15s  
  ✓ coach and student cannot access admin users index                    0.10s  
  ✓ keyword search filters by name and email                             0.13s  
  ✓ role filter returns only matching role                               0.11s  
  ✓ status filter returns only matching status                           0.12s  
  ⨯ status filter excludes withdrawn by default                          0.11s  
  ✓ status filter includes withdrawn when explicitly selected            0.11s  
  ✓ paginates 20 per page                                                0.14s  
  ✓ orders by status priority then created at desc                       0.12s  

   PASS  Tests\Feature\Http\User\ShowTest
  ✓ admin can view active user detail                                    0.14s  
  ✓ admin can view withdrawn user detail with renamed email              0.13s  
  ✓ displays status logs and invitations                                 0.13s  
  ✓ returns 404 for non existing user                                    0.09s  
  ✓ status log shows system actor when changed by is null                0.11s  

   PASS  Tests\Feature\Http\User\UserIndexQueryCountTest
  ✓ index query count does not grow with user count                      0.22s  

   PASS  Tests\Feature\Http\User\WithdrawTest
  ✓ admin can withdraw in progress user                                  0.10s  
  ✓ renames email and soft deletes                                       0.09s  
  ✓ inserts user status log with admin as changer                        0.10s  
  ✓ returns 409 for already withdrawn user                               0.09s  
  ✓ returns 409 for last remaining admin self withdraw                   0.09s  
  ✓ coach cannot withdraw user                                           0.09s  
  ✓ student cannot withdraw user                                         0.10s  
  ✓ html request redirects back with flash error on conflict             0.09s  

   PASS  Tests\Feature\Http\WeakDrill\IndexTest
  ✓ owner can view drill index even without weakness binding             0.13s  
  ✓ other student returns 403                                            0.10s  
  ✓ failed enrollment returns 403                                        0.09s  

   FAIL  Tests\Feature\Middleware\EnsureActiveLearningTest
  ✓ in progress student passes                                           0.12s  
  ✓ in progress coach passes                                             0.11s  
  ✓ in progress admin passes                                             0.09s  
  ⨯ graduated user is forbidden                                          0.09s  
  ⨯ withdrawn user is forbidden                                          0.09s  
  ⨯ invited user is forbidden                                            0.08s  
  ✓ unauthenticated request is redirected to login                       0.08s  

   PASS  Tests\Feature\Middleware\ResolveDefaultEnrollmentTest
  ✓ redirects to default when set and active                             0.12s  
  ✓ redirects to default when set and passed                             0.09s  
  ✓ clears invalid default and falls back when default is failed         0.09s  
  ✓ clears invalid default and falls back when default is soft deleted   0.11s  
  ✓ redirects after clearing invalid default when one active remains     0.09s  
  ✓ auto redirects when default null and exactly one active              0.09s  
  ✓ passes through when default null and two or more active              0.09s  
  ✓ passes through when no active enrollments                            0.10s  
  ✓ skips resolution when route has enrollment parameter                 0.09s  
  ✓ failed enrollment is excluded from auto redirect                     0.09s  

   PASS  Tests\Feature\UseCases\Auth\ExpireInvitationsActionTest
  ✓ marks expired and cascade withdraws users                            0.12s  
  ✓ does not touch active or accepted users                              0.09s  
  ✓ inserts user status log with null actor for each expired user        0.09s  

   FAIL  Tests\Feature\UseCases\Auth\IssueInvitationActionTest
  ✓ creates user with invited status and invitation with 7 days expiry   0.11s  
  ✓ user has nullable password and name when invited                     0.09s  
  ✓ coach invitation creates user without plan and no plan log           0.08s  
  ✓ throws when student invitation without plan                          0.09s  
  ✓ throws when coach invitation with plan                               0.09s  
  ✓ throws email already registered for in progress user                 0.09s  
  ✓ throws email already registered for graduated user                   0.09s  
  ✓ throws pending already exists when force is false                    0.09s  
  ✓ re invite with force revokes old pending and keeps user invited wit… 0.10s  
  ✓ re invite with force overwrites plan columns on existing user        0.09s  
  ⨯ dispatches invitation mail                                           0.09s  
  ✓ inserts user status log with invited status on new user insert       0.09s  
  ✓ inserts user plan log with assigned event type                       0.10s  
  ✓ re invite with force does not duplicate plan log when plan unchange… 0.09s  
  ✓ re invite with force records plan log only when plan changes         0.09s  

   FAIL  Tests\Feature\UseCases\Auth\OnboardActionTest
  ⨯ transitions user to in progress and persists profile                 0.13s  
  ⨯ marks invitation accepted                                            0.10s  
  ✓ sets plan started at and expires at from plan duration               0.09s  
  ✓ records user status log with in progress                             0.09s  
  ✓ records granted initial meeting quota transaction                    0.10s  
  ✓ saves meeting url when role is coach                                 0.10s  
  ✓ does not set plan period when role is coach                          0.09s  
  ✓ does not save meeting url when role is student                       0.09s  
  ✓ does not record granted initial transaction for coach                0.09s  
  ✓ auto logs user in after commit                                       0.10s  
  ✓ throws when invitation is expired                                    0.09s  
  ✓ throws when invitation already accepted                              0.09s  
  ✓ throws when user status is not invited                               0.09s  

   PASS  Tests\Feature\UseCases\Auth\RevokeInvitationActionTest
  ✓ revokes pending invitation and cascade withdraws user                0.10s  
  ✓ revoke with cascade false keeps user invited                         0.09s  
  ✓ throws invitation not pending for accepted invitation                0.08s  
  ✓ cascade withdraw renames email and soft deletes                      0.15s  
  ✓ inserts user status log with admin actor on cascade                  0.09s  
  ✓ inserts user status log with null actor when admin is null           0.10s  

   PASS  Tests\Feature\UseCases\Certificate\IssueActionTest
  ✓ issues certificate for passed enrollment                             0.10s  
  ✓ throws when enrollment not passed                                    0.10s  
  ✓ throws when passed status but passed at is null                      0.08s  
  ✓ throws already issued on duplicate enrollment call                   0.09s  
  ✓ only one certificate remains after duplicate call attempt            0.08s  

   PASS  Tests\Feature\UseCases\Certification\DestroyActionTest
  ✓ soft deletes draft certification                                     0.11s  
  ✓ throws when published                                                0.09s  
  ✓ throws when archived                                                 0.08s  

   PASS  Tests\Feature\UseCases\Certification\PublishActionTest
  ✓ publishes draft certification                                        0.11s  
  ✓ throws when already published                                        0.09s  
  ✓ throws when archived                                                 0.08s  

   PASS  Tests\Feature\UseCases\Chat\StoreMessageActionTest
  ✓ insert message and update sender last read at                        0.10s  
  ✓ signature is user chat room array                                    0.12s  

   FAIL  Tests\Feature\UseCases\Dashboard\AdminDashboardCacheTest
  ⨯ admin kpi is served from cache on second fetch                       0.10s  
  ⨯ completion rate is served from cache on second fetch                 0.09s  
  ✓ admin kpi cache is invalidated on enrollment status change           0.09s  
  ✓ completion rate cache is invalidated on enrollment status change     0.10s  

   PASS  Tests\Feature\UseCases\Dashboard\FetchAdminDashboardActionTest
  ✓ returns kpi aggregated from enrollments                              0.10s  
  ✓ kpi array does not carry pending count key                           0.11s  
  ✓ by certification breakdown is top 10                                 0.23s  
  ✓ completion rate excludes zero total certifications                   0.11s  
  ✓ empty state is true when no enrollments                              0.08s  
  ✓ kpi null when service throws and does not have notifications proper… 0.09s  

   PASS  Tests\Feature\UseCases\Dashboard\FetchCoachDashboardActionTest
  ✓ assigned enrollments come from certification coaches pivot           0.12s  
  ✓ assigned enrollments carry last activity at via with max             0.10s  
  ✓ only passed and learning enrollments are displayed                   0.10s  
  ✓ today and tomorrow meetings are scoped to coach                      0.10s  
  ✓ unread chat count uses service                                       0.09s  
  ✓ view model does not carry v3 dropped properties                      0.09s  
  ✓ safe returns null when unread chat service throws                    0.09s  

   PASS  Tests\Feature\UseCases\Dashboard\FetchGraduatedDashboardActionTest
  ✓ returns only passed enrollments ordered by passed at desc            0.11s  
  ✓ passed enrollment eager loads certificate                            0.09s  
  ✓ view model does not carry v3 dropped properties                      0.09s  

   PASS  Tests\Feature\UseCases\Dashboard\FetchStudentDashboardActionTest
  ✓ enrollment cards include only learning enrollments                   0.12s  
  ✓ plan info panel contains remaining meetings and published quota pla… 0.09s  
  ✓ passed enrollments are ordered by passed at desc                     0.10s  
  ✓ passed enrollments eager load certificate and are excluded from car… 0.09s  
  ✓ can receive certificate reflects eligibility for learning cards      0.11s  
  ✓ safe helper returns null when streak service throws                  0.09s  
  ✓ has no enrollment is true when no active enrollments                 0.09s  
  ✓ learning calendar is built for student                               0.09s  
  ✓ safe helper returns null when learning calendar service throws       0.10s  
  ✓ has no enrollment is false for passed only student                   0.09s  
  ✓ resume card is null when no learning session                         0.09s  
  ✓ resume card points to last viewed section when not completed         0.10s  
  ✓ resume card advances to next unread section when last is completed   0.11s  

   PASS  Tests\Feature\UseCases\Enrollment\ReceiveCertificateActionTest
  ✓ successfully issues certificate and records status log when all pub… 0.12s  
  ✓ throws when not eligible due to unpassed exam                        0.10s  
  ✓ throws when enrollment status is already passed                      0.10s  
  ✓ throws when enrollment status is failed                              0.09s  
  ✓ no certificate is created when published exam count is zero          0.09s  

   PASS  Tests\Feature\UseCases\Enrollment\ShowActionTest
  ✓ loads certification for detail view                                  0.10s  

   PASS  Tests\Feature\UseCases\Meeting\AutoCompleteMeetingActionTest
  ✓ transitions reserved to completed                                    0.11s  
  ✓ skips already canceled meeting                                       0.09s  
  ✓ skips already completed meeting                                      0.09s  

   PASS  Tests\Feature\UseCases\MeetingQuota\AdminGrantQuotaActionTest
  ✓ inserts admin grant with admin id required                           0.12s  
  ✓ allows nullable reason                                               0.09s  
  ✓ throws when amount is zero                                           0.08s  

   PASS  Tests\Feature\UseCases\MeetingQuota\ConsumeQuotaActionTest
  ✓ consumes quota when remaining is positive                            0.10s  
  ✓ throws when remaining is zero                                        0.11s  
  ✓ throws when balance is already consumed                              0.09s  

   PASS  Tests\Feature\UseCases\MeetingQuota\GrantInitialQuotaActionTest
  ✓ inserts transaction with null admin when system grant                0.09s  
  ✓ inserts transaction with admin when admin grant                      0.09s  
  ✓ inserts transaction with reason in note                              0.09s  
  ✓ throws when amount is zero                                           0.08s  
  ✓ throws when amount is negative                                       0.08s  

   PASS  Tests\Feature\UseCases\MeetingQuota\RefundQuotaActionTest
  ✓ inserts refund transaction                                           0.12s  

   FAIL  Tests\Feature\UseCases\MockExamSession\GradeActionTest
  ⨯ grades session with mixed correct and wrong answers                  0.12s  
  ⨯ grades session below passing score as fail                           0.11s  
  ✓ unanswered questions count as incorrect                              0.11s  

   PASS  Tests\Feature\UseCases\Plan\ExtendCourseActionTest
  ✓ extends plan expiration and max meetings for in progress user        0.11s  
  ✓ records renewed user plan log                                        0.09s  
  ✓ throws when user is graduated                                        0.09s  
  ✓ throws when user is withdrawn                                        0.09s  
  ✓ throws when plan is draft                                            0.10s  
  ✓ throws when plan is archived                                         0.08s  
  ✓ extends from now when plan expires at is null                        0.09s  
  ✓ user status remains in progress after extension                      0.09s  

   PASS  Tests\Feature\UseCases\QuestionCategory\DestroyActionTest
  ✓ throws in use exception when section question references category    0.10s  
  ✓ throws in use exception when mock exam question references category  0.09s  
  ✓ soft deletes when no references                                      0.09s  

   PASS  Tests\Feature\UseCases\SectionQuestionAnswer\StoreActionTest
  ✓ correct answer inserts answer and upserts attempt                    0.12s  
  ✓ repeated answer increments attempt count                             0.10s  
  ✓ option mismatch throws                                               0.11s  
  ✓ draft question throws                                                0.10s  
  ✓ failed enrollment throws                                             0.11s  

   PASS  Tests\Feature\UseCases\UserPreference\UpdateDefaultEnrollmentActionTest
  ✓ updates default enrollment for learning target                       0.10s  
  ✓ updates default enrollment for passed target                         0.09s  
  ✓ overwrites existing default                                          0.10s  
  ✓ throws when target is failed                                         0.09s  
  ✓ failed target does not modify existing default                       0.09s  

   PASS  Tests\Feature\View\EnrollmentSwitcherTest
  ✓ sidebar switcher is populated via view composer                      0.13s  
  ────────────────────────────────────────────────────────────────────────────  
   FAILED  Tests\Unit\Http\Requests\MockExam\StoreRequestTest > validation f…   
  Expected response status code [422] but received 302.
Failed asserting that 302 is identical to 422.

  at tests/Unit/Http/Requests/MockExam/StoreRequestTest.php:65
     61▕         // Act
     62▕         $response = $this->actingAs($admin)->postJson(route('admin.mock-exams.store'), $payload);
     63▕ 
     64▕         // Assert
  ➜  65▕         $response->assertStatus(422);
     66▕         $response->assertJsonValidationErrors($invalidField);
     67▕     }
     68▕ 
     69▕     public function test_authorize_returns_false_for_nonexistent_certification_id(): void

  ────────────────────────────────────────────────────────────────────────────  
   FAILED  Tests\Unit\Http\Requests\MockExam\UpdateRequestTest > fails for i…   
  Failed asserting that true is false.

  at tests/Unit/Http/Requests/MockExam/UpdateRequestTest.php:43
     39▕         // Act
     40▕         $validator = Validator::make($payload, (new UpdateRequest)->rules());
     41▕ 
     42▕         // Assert
  ➜  43▕         $this->assertFalse($validator->passes());
     44▕         $this->assertArrayHasKey($field, $validator->errors()->toArray());
     45▕     }
     46▕ 
     47▕     /**

  1   tests/Unit/Http/Requests/MockExam/UpdateRequestTest.php:43

  ────────────────────────────────────────────────────────────────────────────  
   FAILED  Tests\Unit\Mail\InvitationMailTest > mailable implements should q…   
  招待メールは ShouldQueue 実装で非同期キュー送信されるはず (送信遅延がユーザー体感に影響しないように)
Failed asserting that an object is an instance of interface Illuminate\Contracts\Queue\ShouldQueue.

  at tests/Unit/Mail/InvitationMailTest.php:96
     92▕         // Act
     93▕         $mailable = new InvitationMail($invitation);
     94▕ 
     95▕         // Assert
  ➜  96▕         $this->assertInstanceOf(
     97▕             ShouldQueue::class,
     98▕             $mailable,
     99▕             '招待メールは ShouldQueue 実装で非同期キュー送信されるはず (送信遅延がユーザー体感に影響しないように)',
    100▕         );

  1   tests/Unit/Mail/InvitationMailTest.php:96

  ────────────────────────────────────────────────────────────────────────────  
   FAILED  Tests\Unit\Models\EnrollmentTest > scope for user coach returns o…   
  coach は担当資格の enrollment のみ取得できるはず
Failed asserting that actual size 2 matches expected size 1.

  at tests/Unit/Models/EnrollmentTest.php:180
    176▕         // Act
    177▕         $results = Enrollment::forUser($coach)->get();
    178▕ 
    179▕         // Assert
  ➜ 180▕         $this->assertCount(1, $results, 'coach は担当資格の enrollment のみ取得できるはず');
    181▕         $this->assertTrue($results->first()->is($assigned));
    182▕     }
    183▕ 
    184▕     public function test_scope_for_user_student_returns_only_own_enrollments(): void

  1   tests/Unit/Models/EnrollmentTest.php:180

  ────────────────────────────────────────────────────────────────────────────  
   FAILED  Tests\Unit\Policies\ChapterPolicyTest > coach can manage only ass…   
  Failed asserting that false is true.

  at tests/Unit/Policies/ChapterPolicyTest.php:60
     56▕         $assignedChapter = Chapter::factory()->for($assignedPart)->published()->create();
     57▕         $otherChapter = Chapter::factory()->for($otherPart)->published()->create();
     58▕         $policy = new ChapterPolicy;
     59▕ 
  ➜  60▕         $this->assertTrue($policy->update($coach, $assignedChapter));
     61▕         $this->assertFalse($policy->update($coach, $otherChapter));
     62▕     }
     63▕ 
     64▕     public function test_student_can_view_only_published_chapter(): void

  1   tests/Unit/Policies/ChapterPolicyTest.php:60

  ────────────────────────────────────────────────────────────────────────────  
   FAILED  Tests\Unit\Policies\PartPolicyTest > coach assigned only             
  Failed asserting that false is true.

  at tests/Unit/Policies/PartPolicyTest.php:54
     50▕         $assignedPart = Part::factory()->for($assignedCert)->published()->create();
     51▕         $otherPart = Part::factory()->for($otherCert)->published()->create();
     52▕         $policy = new PartPolicy;
     53▕ 
  ➜  54▕         $this->assertTrue($policy->update($coach, $assignedPart));
     55▕         $this->assertFalse($policy->update($coach, $otherPart));
     56▕     }
     57▕ 
     58▕     public function test_student_view_published_only(): void

  1   tests/Unit/Policies/PartPolicyTest.php:54

  ────────────────────────────────────────────────────────────────────────────  
   FAILED  Tests\Unit\Policies\QuestionCategoryPolicyTest > coach can manage…   
  coach は担当資格の category を更新できるはず
Failed asserting that false is true.

  at tests/Unit/Policies/QuestionCategoryPolicyTest.php:58
     54▕         $otherCategory = QuestionCategory::factory()->for($otherCert)->create();
     55▕         $policy = new QuestionCategoryPolicy;
     56▕ 
     57▕         // Act & Assert
  ➜  58▕         $this->assertTrue($policy->update($coach, $assignedCategory), 'coach は担当資格の category を更新できるはず');
     59▕         $this->assertFalse($policy->update($coach, $otherCategory), '非担当資格の category は更新できないはず');
     60▕     }
     61▕ 
     62▕     public function test_student_cannot_manage_any_category(): void

  1   tests/Unit/Policies/QuestionCategoryPolicyTest.php:58

  ────────────────────────────────────────────────────────────────────────────  
   FAILED  Tests\Unit\Policies\SectionImagePolicyTest > coach only for assig…   
  Failed asserting that false is true.

  at tests/Unit/Policies/SectionImagePolicyTest.php:59
     55▕             Chapter::factory()->for(Part::factory()->for($otherCert)->published())->published()
     56▕         )->published()->create();
     57▕         $policy = new SectionImagePolicy;
     58▕ 
  ➜  59▕         $this->assertTrue($policy->create($coach, $assignedSection));
     60▕         $this->assertFalse($policy->create($coach, $otherSection));
     61▕     }
     62▕ 
     63▕     public function test_student_cannot(): void

  1   tests/Unit/Policies/SectionImagePolicyTest.php:59

  ────────────────────────────────────────────────────────────────────────────  
   FAILED  Tests\Unit\Policies\SectionPolicyTest > coach can manage assigned…   
  Failed asserting that false is true.

  at tests/Unit/Policies/SectionPolicyTest.php:71
     67▕         $chapter = Chapter::factory()->for($part)->published()->create();
     68▕         $section = Section::factory()->for($chapter)->published()->create();
     69▕         $policy = new SectionPolicy;
     70▕ 
  ➜  71▕         $this->assertTrue($policy->update($coach, $section));
     72▕         $this->assertTrue($policy->preview($coach, $section));
     73▕     }
     74▕ }
     75▕

  1   tests/Unit/Policies/SectionPolicyTest.php:71

  ────────────────────────────────────────────────────────────────────────────  
   FAILED  Tests\Unit\Policies\SectionQuestionPolicyTest > coach assigned on…   
  Failed asserting that false is true.

  at tests/Unit/Policies/SectionQuestionPolicyTest.php:92
     88▕             ]),
     89▕         ]);
     90▕         $policy = new SectionQuestionPolicy;
     91▕ 
  ➜  92▕         $this->assertTrue($policy->update($coach, $assignedQuestion));
     93▕     }
     94▕ }
     95▕

  1   tests/Unit/Policies/SectionQuestionPolicyTest.php:92

  ────────────────────────────────────────────────────────────────────────────  
   FAILED  Tests\Unit\Services\ChatUnreadCountServiceTest > message count in…   
  Failed asserting that 3 is identical to 2.

  at tests/Unit/Services/ChatUnreadCountServiceTest.php:48
     44▕         ]);
     45▕ 
     46▕         $count = app(ChatUnreadCountService::class)->messageCountInRoom($room, $student);
     47▕ 
  ➜  48▕         $this->assertSame(2, $count);
     49▕     }
     50▕ 
     51▕     public function test_room_count_for_user_counts_only_rooms_with_unread(): void
     52▕     {

  1   tests/Unit/Services/ChatUnreadCountServiceTest.php:48

  ────────────────────────────────────────────────────────────────────────────  
   FAILED  Tests\Unit\Services\ChatUnreadCountServiceTest > message counts b…   
  Failed asserting that 3 is identical to 2.

  at tests/Unit/Services/ChatUnreadCountServiceTest.php:117
    113▕             collect([$roomA, $roomB]),
    114▕             $student,
    115▕         );
    116▕ 
  ➜ 117▕         $this->assertSame(2, $counts[$roomA->id]);
    118▕         $this->assertSame(0, $counts[$roomB->id]);
    119▕     }
    120▕ 
    121▕     public function test_message_counts_by_room_returns_zero_for_non_member_room(): void

  1   tests/Unit/Services/ChatUnreadCountServiceTest.php:117

  ────────────────────────────────────────────────────────────────────────────  
   FAILED  Tests\Unit\Services\TermJudgementServiceTest > returns basic lear…   
  Failed asserting that two variables reference the same object.
  -App\Enums\TermType Enum #16441 (BasicLearning, 'basic_learning')
  +App\Enums\TermType Enum #16436 (MockPractice, 'mock_practice')
  

  at tests/Unit/Services/TermJudgementServiceTest.php:55
     51▕         MockExamSession::factory()->for($enrollment)->for($exam)->create(['status' => 'canceled']);
     52▕ 
     53▕         $term = $this->service->recalculate($enrollment);
     54▕ 
  ➜  55▕         $this->assertSame(TermType::BasicLearning, $term);
     56▕         $this->assertSame(TermType::BasicLearning, $enrollment->refresh()->current_term);
     57▕     }
     58▕ 
     59▕     public function test_returns_mock_practice_when_in_progress_session_exists(): void

  1   tests/Unit/Services/TermJudgementServiceTest.php:55

  ────────────────────────────────────────────────────────────────────────────  
   FAILED  Tests\Feature\Auth\OnboardingTest > store updates existing invite…   
  Failed asserting that a row in the table [users] matches the attributes {
    "id": "01m163xk1ggzhsmkvfa7s8a09t",
    "status": "in_progress",
    "name": "受講太郎",
    "bio": "よろしくお願いします",
    "profile_setup_completed": true
}.

Found similar results: [
    {
        "id": "01m163xk1ggzhsmkvfa7s8a09t",
        "status": "invited",
        "name": "受講太郎",
        "bio": "よろしくお願いします",
        "profile_setup_completed": 1
    }
].

  at tests/Feature/Auth/OnboardingTest.php:162
    158▕             'password_confirmation' => 'secret-pass',
    159▕         ]);
    160▕ 
    161▕         $response->assertRedirect(route('dashboard.index'));
  ➜ 162▕         $this->assertDatabaseHas('users', [
    163▕             'id' => $userBefore->id,
    164▕             'status' => UserStatus::InProgress->value,
    165▕             'name' => '受講太郎',
    166▕             'bio' => 'よろしくお願いします',

  ────────────────────────────────────────────────────────────────────────────  
   FAILED  Tests\Feature\Auth\OnboardingTest > store marks invitation accept…   
  Failed asserting that a row in the table [invitations] matches the attributes {
    "id": "01m163xk84rwamyemc8aafw4f6",
    "status": "accepted"
}.

Found similar results: [
    {
        "id": "01m163xk84rwamyemc8aafw4f6",
        "status": "pending"
    }
].

  at tests/Feature/Auth/OnboardingTest.php:203
    199▕             'password_confirmation' => 'secret-pass',
    200▕         ]);
    201▕ 
    202▕         $this->assertAuthenticatedAs($invitation->user);
  ➜ 203▕         $this->assertDatabaseHas('invitations', [
    204▕             'id' => $invitation->id,
    205▕             'status' => InvitationStatus::Accepted->value,
    206▕         ]);
    207▕     }

  ────────────────────────────────────────────────────────────────────────────  
   FAILED  Tests\Feature\Auth\OnboardingTest > store rejects mismatched pass…   
  Session is missing expected key [errors].
Failed asserting that false is true.

  at tests/Feature/Auth/OnboardingTest.php:268
    264▕             'password' => 'secret-pass',
    265▕             'password_confirmation' => 'different-pass',
    266▕         ]);
    267▕ 
  ➜ 268▕         $response->assertSessionHasErrors('password');
    269▕         $this->assertDatabaseHas('users', [
    270▕             'id' => $invitation->user_id,
    271▕             'status' => UserStatus::Invited->value,
    272▕         ]);

  ────────────────────────────────────────────────────────────────────────────  
   FAILED  Tests\Feature\Auth\OnboardingTest > store saves meeting url for c…   
  Failed asserting that a row in the table [users] matches the attributes {
    "id": "01m163xkwvev2862st30qbp6em",
    "status": "in_progress",
    "meeting_url": "https:\/\/meet.google.com\/abc-defg-hij"
}.

Found similar results: [
    {
        "id": "01m163xkwvev2862st30qbp6em",
        "status": "invited",
        "meeting_url": "https:\/\/meet.google.com\/abc-defg-hij"
    }
].

  at tests/Feature/Auth/OnboardingTest.php:318
    314▕             'password_confirmation' => 'secret-pass',
    315▕             'meeting_url' => 'https://meet.google.com/abc-defg-hij',
    316▕         ]);
    317▕ 
  ➜ 318▕         $this->assertDatabaseHas('users', [
    319▕             'id' => $invitation->user_id,
    320▕             'status' => UserStatus::InProgress->value,
    321▕             'meeting_url' => 'https://meet.google.com/abc-defg-hij',
    322▕         ]);

  ────────────────────────────────────────────────────────────────────────────  
   FAILED  Tests\Feature\Auth\OnboardingTest > store does not require meetin…   
  Failed asserting that a row in the table [users] matches the attributes {
    "id": "01m163xkzsydmede1j5ygx7sbx",
    "status": "in_progress",
    "meeting_url": null
}.

Found similar results: [
    {
        "id": "01m163xkzsydmede1j5ygx7sbx",
        "status": "invited",
        "meeting_url": null
    }
].

  at tests/Feature/Auth/OnboardingTest.php:336
    332▕             'password_confirmation' => 'secret-pass',
    333▕         ]);
    334▕ 
    335▕         $response->assertRedirect(route('dashboard.index'));
  ➜ 336▕         $this->assertDatabaseHas('users', [
    337▕             'id' => $invitation->user_id,
    338▕             'status' => UserStatus::InProgress->value,
    339▕             'meeting_url' => null,
    340▕         ]);

  ────────────────────────────────────────────────────────────────────────────  
   FAILED  Tests\Feature\Commands\ScheduleCommandChunkTest > graduate expire…   
  Failed asserting that 100 is identical to 150.

  at tests/Feature/Commands/ScheduleCommandChunkTest.php:41
     37▕         ]);
     38▕ 
     39▕         $this->artisan('users:graduate-expired')->assertExitCode(0);
     40▕ 
  ➜  41▕         $this->assertSame(
     42▕             self::COUNT,
     43▕             User::query()->where('status', UserStatus::Graduated->value)->count(),
     44▕         );
     45▕     }

  1   tests/Feature/Commands/ScheduleCommandChunkTest.php:41

  ────────────────────────────────────────────────────────────────────────────  
   FAILED  Tests\Feature\Commands\ScheduleCommandChunkTest > fail expired en…   
  Failed asserting that 100 is identical to 150.

  at tests/Feature/Commands/ScheduleCommandChunkTest.php:55
     51▕         ]);
     52▕ 
     53▕         $this->artisan('enrollments:fail-expired')->assertExitCode(0);
     54▕ 
  ➜  55▕         $this->assertSame(
     56▕             self::COUNT,
     57▕             Enrollment::query()->where('status', EnrollmentStatus::Failed->value)->count(),
     58▕         );
     59▕     }

  1   tests/Feature/Commands/ScheduleCommandChunkTest.php:55

  ────────────────────────────────────────────────────────────────────────────  
   FAILED  Tests\Feature\Commands\ScheduleCommandChunkTest > auto complete m…   
  Failed asserting that 100 is identical to 150.

  at tests/Feature/Commands/ScheduleCommandChunkTest.php:79
     75▕         }
     76▕ 
     77▕         $this->artisan('meetings:auto-complete')->assertExitCode(0);
     78▕ 
  ➜  79▕         $this->assertSame(
     80▕             self::COUNT,
     81▕             Meeting::query()->where('status', MeetingStatus::Completed->value)->count(),
     82▕         );
     83▕     }

  1   tests/Feature/Commands/ScheduleCommandChunkTest.php:79

  ────────────────────────────────────────────────────────────────────────────  
   FAILED  Tests\Feature\Http\Certification\IndexTest > status filter return…   
  Failed asserting that '<!DOCTYPE html>\n
<html lang="ja">\n
<head>\n
    <meta charset="UTF-8">\n
    <meta name="viewport" content="width=device-width, initial-scale=1.0">\n
    <meta name="csrf-token" content="rqR4wU3tQBPhvRZrwpRf1HKhbXq0Ay8qpWQSKAiM">\n
            <meta name="auth-user-id" content="01m163xrz85j48dqf533yxjqa7">\n
        <title>資格マスタ管理</title>\n
\n
    <link rel="icon" type="image/svg+xml" href="http://localhost:8000/favicon.svg">\n
\n
    <script type="module" src="http://localhost:5174/@vite/client"></script><link rel="stylesheet" href="http://localhost:5174/resources/css/app.css" /><script type="module" src="http://localhost:5174/resources/js/app.js"></script></head>\n
<body class="min-h-screen bg-surface-canvas text-ink-900">\n
    <div class="lg:grid lg:grid-cols-[256px_1fr] min-h-screen">\n
        \n
        <aside\n
            data-sidebar\n
            class="fixed lg:sticky lg:top-0 left-0 z-30 h-screen w-64 bg-surface-raised border-r border-subtle overflow-y-auto transform -translate-x-full lg:translate-x-0 transition-transform duration-normal ease-out-quint"\n
        >\n
                            <nav class="flex flex-col gap-1 px-3 py-4" aria-label="メインナビゲーション">\n
    <a href="http://localhost:8000/dashboard" class="flex items-center gap-2.5 px-2 pt-1.5 pb-3.5 mb-2 border-b border-subtle">\n
        <img src="http://localhost:8000/images/logo/logo-mark.svg" alt="" class="w-7 h-7">\n
        <span class="font-display text-[18px] leading-none tracking-[-0.02em] text-ink-900">\n
            <span class="font-extrabold">Certify</span><span class="font-medium text-secondary-600"> LMS</span>\n
        </span>\n
                    <span class="ml-auto rounded-full px-2 py-0.5 text-[10px] font-bold tracking-wider bg-primary-100 text-primary-800">ADMIN</span>\n
            </a>\n
\n
    <a\n
        href="http://localhost:8000/dashboard"\n
                class="group relative flex items-center gap-2.5 px-3 py-2 rounded-[10px] text-sm transition-colors duration-fast text-ink-700 font-medium hover:bg-ink-50 hover:text-ink-900"\n
    >\n
        \n
                    <svg aria-hidden="true" class="w-5 h-5 flex-shrink-0 text-ink-500 group-hover:text-ink-700" xmlns="http://www.w3.org/2000/svg" fill="none" viewBox="0 0 24 24" stroke-width="1.5" stroke="currentColor" aria-hidden="true" data-slot="icon">\n
  <path stroke-linecap="round" stroke-linejoin="round" d="m2.25 12 8.954-8.955c.44-.439 1.152-.439 1.591 0L21.75 12M4.5 9.75v10.125c0 .621.504 1.125 1.125 1.125H9.75v-4.875c0-.621.504-1.125 1.125-1.125h2.25c.621 0 1.125.504 1.125 1.125V21h4.125c.621 0 1.125-.504 1.125-1.125V9.75M8.25 21h8.25"/>\n
</svg>\n
        \n
        <span class="flex-1 truncate">ダッシュボード</span>\n
\n
            </a>\n
\n
    <div class="px-3 pt-4 pb-1.5">\n
        <h6 class="text-[10px] font-bold uppercase tracking-[0.08em] text-ink-400">運用</h6>\n
    </div>\n
    <a\n
        href="http://localhost:8000/admin/users"\n
                class="group relative flex items-center gap-2.5 px-3 py-2 rounded-[10px] text-sm transition-colors duration-fast text-ink-700 font-medium hover:bg-ink-50 hover:text-ink-900"\n
    >\n
        \n
                    <svg aria-hidden="true" class="w-5 h-5 flex-shrink-0 text-ink-500 group-hover:text-ink-700" xmlns="http://www.w3.org/2000/svg" fill="none" viewBox="0 0 24 24" stroke-width="1.5" stroke="currentColor" aria-hidden="true" data-slot="icon">\n
  <path stroke-linecap="round" stroke-linejoin="round" d="M15 19.128a9.38 9.38 0 0 0 2.625.372 9.337 9.337 0 0 0 4.121-.952 4.125 4.125 0 0 0-7.533-2.493M15 19.128v-.003c0-1.113-.285-2.16-.786-3.07M15 19.128v.106A12.318 12.318 0 0 1 8.624 21c-2.331 0-4.512-.645-6.374-1.766l-.001-.109a6.375 6.375 0 0 1 11.964-3.07M12 6.375a3.375 3.375 0 1 1-6.75 0 3.375 3.375 0 0 1 6.75 0Zm8.25 2.25a2.625 2.625 0 1 1-5.25 0 2.625 2.625 0 0 1 5.25 0Z"/>\n
</svg>\n
        \n
        <span class="flex-1 truncate">ユーザー管理</span>\n
\n
            </a>\n
    <a\n
        href="http://localhost:8000/enrollments"\n
                class="group relative flex items-center gap-2.5 px-3 py-2 rounded-[10px] text-sm transition-colors duration-fast text-ink-700 font-medium hover:bg-ink-50 hover:text-ink-900"\n
    >\n
        \n
                    <svg aria-hidden="true" class="w-5 h-5 flex-shrink-0 text-ink-500 group-hover:text-ink-700" xmlns="http://www.w3.org/2000/svg" fill="none" viewBox="0 0 24 24" stroke-width="1.5" stroke="currentColor" aria-hidden="true" data-slot="icon">\n
  <path stroke-linecap="round" stroke-linejoin="round" d="M9 12h3.75M9 15h3.75M9 18h3.75m3 .75H18a2.25 2.25 0 0 0 2.25-2.25V6.108c0-1.135-.845-2.098-1.976-2.192a48.424 48.424 0 0 0-1.123-.08m-5.801 0c-.065.21-.1.433-.1.664 0 .414.336.75.75.75h4.5a.75.75 0 0 0 .75-.75 2.25 2.25 0 0 0-.1-.664m-5.8 0A2.251 2.251 0 0 1 13.5 2.25H15c1.012 0 1.867.668 2.15 1.586m-5.8 0c-.376.023-.75.05-1.124.08C9.095 4.01 8.25 4.973 8.25 6.108V8.25m0 0H4.875c-.621 0-1.125.504-1.125 1.125v11.25c0 .621.504 1.125 1.125 1.125h9.75c.621 0 1.125-.504 1.125-1.125V9.375c0-.621-.504-1.125-1.125-1.125H8.25ZM6.75 12h.008v.008H6.75V12Zm0 3h.008v.008H6.75V15Zm0 3h.008v.008H6.75V18Z"/>\n
</svg>\n
        \n
        <span class="flex-1 truncate">受講登録管理</span>\n
\n
            </a>\n
            <a\n
        href="http://localhost:8000/admin/certifications"\n
         aria-current="page"         class="group relative flex items-center gap-2.5 px-3 py-2 rounded-[10px] text-sm transition-colors duration-fast bg-gradient-to-r from-primary-50 to-transparent text-primary-700 font-semibold"\n
    >\n
                    <span aria-hidden="true" class="absolute left-0 top-2 bottom-2 w-[3px] bg-primary-600 rounded-r-[4px]"></span>\n
        \n
                    <svg aria-hidden="true" class="w-5 h-5 flex-shrink-0 text-primary-600" xmlns="http://www.w3.org/2000/svg" fill="none" viewBox="0 0 24 24" stroke-width="1.5" stroke="currentColor" aria-hidden="true" data-slot="icon">\n
  <path stroke-linecap="round" stroke-linejoin="round" d="M4.26 10.147a60.438 60.438 0 0 0-.491 6.347A48.62 48.62 0 0 1 12 20.904a48.62 48.62 0 0 1 8.232-4.41 60.46 60.46 0 0 0-.491-6.347m-15.482 0a50.636 50.636 0 0 0-2.658-.813A59.906 59.906 0 0 1 12 3.493a59.903 59.903 0 0 1 10.399 5.84c-.896.248-1.783.52-2.658.814m-15.482 0A50.717 50.717 0 0 1 12 13.489a50.702 50.702 0 0 1 7.74-3.342M6.75 15a.75.75 0 1 0 0-1.5.75.75 0 0 0 0 1.5Zm0 0v-3.675A55.378 55.378 0 0 1 12 8.443m-7.007 11.55A5.981 5.981 0 0 0 6.75 15.75v-1.5"/>\n
</svg>\n
        \n
        <span class="flex-1 truncate">資格マスタ管理</span>\n
\n
            </a>\n
    <a\n
        href="http://localhost:8000/admin/mock-exams"\n
                class="group relative flex items-center gap-2.5 px-3 py-2 rounded-[10px] text-sm transition-colors duration-fast text-ink-700 font-medium hover:bg-ink-50 hover:text-ink-900"\n
    >\n
        \n
                    <svg aria-hidden="true" class="w-5 h-5 flex-shrink-0 text-ink-500 group-hover:text-ink-700" xmlns="http://www.w3.org/2000/svg" fill="none" viewBox="0 0 24 24" stroke-width="1.5" stroke="currentColor" aria-hidden="true" data-slot="icon">\n
  <path stroke-linecap="round" stroke-linejoin="round" d="M11.35 3.836c-.065.21-.1.433-.1.664 0 .414.336.75.75.75h4.5a.75.75 0 0 0 .75-.75 2.25 2.25 0 0 0-.1-.664m-5.8 0A2.251 2.251 0 0 1 13.5 2.25H15c1.012 0 1.867.668 2.15 1.586m-5.8 0c-.376.023-.75.05-1.124.08C9.095 4.01 8.25 4.973 8.25 6.108V8.25m8.9-4.414c.376.023.75.05 1.124.08 1.131.094 1.976 1.057 1.976 2.192V16.5A2.25 2.25 0 0 1 18 18.75h-2.25m-7.5-10.5H4.875c-.621 0-1.125.504-1.125 1.125v11.25c0 .621.504 1.125 1.125 1.125h9.75c.621 0 1.125-.504 1.125-1.125V18.75m-7.5-10.5h6.375c.621 0 1.125.504 1.125 1.125v9.375m-8.25-3 1.5 1.5 3-3.75"/>\n
</svg>\n
        \n
        <span class="flex-1 truncate">模試マスタ管理</span>\n
\n
            </a>\n
    <a\n
        href="http://localhost:8000/admin/mock-exam-sessions"\n
                class="group relative flex items-center gap-2.5 px-3 py-2 rounded-[10px] text-sm transition-colors duration-fast text-ink-700 font-medium hover:bg-ink-50 hover:text-ink-900"\n
    >\n
        \n
                    <svg aria-hidden="true" class="w-5 h-5 flex-shrink-0 text-ink-500 group-hover:text-ink-700" xmlns="http://www.w3.org/2000/svg" fill="none" viewBox="0 0 24 24" stroke-width="1.5" stroke="currentColor" aria-hidden="true" data-slot="icon">\n
  <path stroke-linecap="round" stroke-linejoin="round" d="M10.5 6a7.5 7.5 0 1 0 7.5 7.5h-7.5V6Z"/>\n
  <path stroke-linecap="round" stroke-linejoin="round" d="M13.5 10.5H21A7.5 7.5 0 0 0 13.5 3v7.5Z"/>\n
</svg>\n
        \n
        <span class="flex-1 truncate">受験セッション閲覧</span>\n
\n
            </a>\n
    \n
    <div class="px-3 pt-4 pb-1.5">\n
        <h6 class="text-[10px] font-bold uppercase tracking-[0.08em] text-ink-400">監査</h6>\n
    </div>\n
    <a\n
        href="http://localhost:8000/admin/chat-rooms"\n
                class="group relative flex items-center gap-2.5 px-3 py-2 rounded-[10px] text-sm transition-colors duration-fast text-ink-700 font-medium hover:bg-ink-50 hover:text-ink-900"\n
    >\n
        \n
                    <svg aria-hidden="true" class="w-5 h-5 flex-shrink-0 text-ink-500 group-hover:text-ink-700" xmlns="http://www.w3.org/2000/svg" fill="none" viewBox="0 0 24 24" stroke-width="1.5" stroke="currentColor" aria-hidden="true" data-slot="icon">\n
  <path stroke-linecap="round" stroke-linejoin="round" d="M20.25 8.511c.884.284 1.5 1.128 1.5 2.097v4.286c0 1.136-.847 2.1-1.98 2.193-.34.027-.68.052-1.02.072v3.091l-3-3c-1.354 0-2.694-.055-4.02-.163a2.115 2.115 0 0 1-.825-.242m9.345-8.334a2.126 2.126 0 0 0-.476-.095 48.64 48.64 0 0 0-8.048 0c-1.131.094-1.976 1.057-1.976 2.192v4.286c0 .837.46 1.58 1.155 1.951m9.345-8.334V6.637c0-1.621-1.152-3.026-2.76-3.235A48.455 48.455 0 0 0 11.25 3c-2.115 0-4.198.137-6.24.402-1.608.209-2.76 1.614-2.76 3.235v6.226c0 1.621 1.152 3.026 2.76 3.235.577.075 1.157.14 1.74.194V21l4.155-4.155"/>\n
</svg>\n
        \n
        <span class="flex-1 truncate">chat 監査</span>\n
\n
            </a>\n
    <a\n
        href="http://localhost:8000/admin/qa-board"\n
                class="group relative flex items-center gap-2.5 px-3 py-2 rounded-[10px] text-sm transition-colors duration-fast text-ink-700 font-medium hover:bg-ink-50 hover:text-ink-900"\n
    >\n
        \n
                    <svg aria-hidden="true" class="w-5 h-5 flex-shrink-0 text-ink-500 group-hover:text-ink-700" xmlns="http://www.w3.org/2000/svg" fill="none" viewBox="0 0 24 24" stroke-width="1.5" stroke="currentColor" aria-hidden="true" data-slot="icon">\n
  <path stroke-linecap="round" stroke-linejoin="round" d="M9.879 7.519c1.171-1.025 3.071-1.025 4.242 0 1.172 1.025 1.172 2.687 0 3.712-.203.179-.43.326-.67.442-.745.361-1.45.999-1.45 1.827v.75M21 12a9 9 0 1 1-18 0 9 9 0 0 1 18 0Zm-9 5.25h.008v.008H12v-.008Z"/>\n
</svg>\n
        \n
        <span class="flex-1 truncate">質問掲示板モデレーション</span>\n
\n
            </a>\n
</nav>\n
                    </aside>\n
\n
        \n
        <div\n
            data-sidebar-backdrop\n
            class="hidden lg:hidden fixed inset-0 z-20 bg-ink-900/60 backdrop-blur-sm"\n
        ></div>\n
\n
        <div class="flex flex-col min-w-0">\n
            <header class="sticky top-0 z-20 flex items-center gap-3 lg:gap-4 px-4 lg:px-8 py-3 border-b border-subtle bg-surface-canvas/85 backdrop-blur-md">\n
    \n
    <button\n
        type="button"\n
        data-sidebar-toggle\n
        aria-label="メニューを開く"\n
        aria-expanded="false"\n
        class="lg:hidden inline-flex h-9 w-9 items-center justify-center rounded-[10px] text-ink-700 hover:bg-ink-50 transition-colors"\n
    >\n
        <svg aria-hidden="true" class="w-5 h-5" xmlns="http://www.w3.org/2000/svg" fill="none" viewBox="0 0 24 24" stroke-width="1.5" stroke="currentColor" aria-hidden="true" data-slot="icon">\n
  <path stroke-linecap="round" stroke-linejoin="round" d="M3.75 6.75h16.5M3.75 12h16.5m-16.5 5.25h16.5"/>\n
</svg>\n
    </button>\n
\n
    \n
    \n
    <div class="flex-1"></div>\n
\n
    \n
    \n
    \n
            <div data-dropdown class="relative inline-block">\n
            <div data-dropdown-trigger aria-haspopup="menu" aria-expanded="false">\n
            <button type="button" class="flex items-center gap-2 pl-1 pr-3 py-1 rounded-full hover:bg-ink-50 transition-colors">\n
                    <span\n
        aria-label="杉山 結衣 のアバター"\n
        class="w-6 h-6 text-[10px] rounded-full inline-flex items-center justify-center font-semibold select-none bg-success-100 text-success-800 w-7 h-7"\n
    >\n
        杉\n
    </span>\n
                    <span class="hidden md:inline text-xs font-semibold text-ink-900">杉山 結衣</span>\n
                    <svg aria-hidden="true" class="hidden md:block w-3 h-3 text-ink-500" xmlns="http://www.w3.org/2000/svg" fill="none" viewBox="0 0 24 24" stroke-width="1.5" stroke="currentColor" aria-hidden="true" data-slot="icon">\n
  <path stroke-linecap="round" stroke-linejoin="round" d="m19.5 8.25-7.5 7.5-7.5-7.5"/>\n
</svg>\n
                </button>\n
        </div>\n
    \n
    <div\n
        data-dropdown-menu\n
        role="menu"\n
        class="absolute right-0 top-full mt-1 z-40 hidden min-w-[12rem] py-1 bg-surface-raised border border-subtle rounded-md shadow-md"\n
    >\n
        <form novalidate method="POST" action="http://localhost:8000/logout" id="dd-form-453d389ba65c718d447c2a2d2d40ce5b" class="block">\n
        <input type="hidden" name="_token" value="rqR4wU3tQBPhvRZrwpRf1HKhbXq0Ay8qpWQSKAiM" autocomplete="off">        <input type="hidden" name="_method" value="POST">    </form>\n
    <button\n
        type="submit"\n
        form="dd-form-453d389ba65c718d447c2a2d2d40ce5b"\n
        role="menuitem"\n
        class="flex w-full items-center gap-2 px-3 py-2 text-sm transition-colors duration-fast text-ink-900 hover:bg-ink-50"\n
    >\n
        <svg aria-hidden="true" class="w-4 h-4" xmlns="http://www.w3.org/2000/svg" fill="none" viewBox="0 0 24 24" stroke-width="1.5" stroke="currentColor" aria-hidden="true" data-slot="icon">\n
  <path stroke-linecap="round" stroke-linejoin="round" d="M15.75 9V5.25A2.25 2.25 0 0 0 13.5 3h-6a2.25 2.25 0 0 0-2.25 2.25v13.5A2.25 2.25 0 0 0 7.5 21h6a2.25 2.25 0 0 0 2.25-2.25V15m3 0 3-3m0 0-3-3m3 3H9"/>\n
</svg>\n
        ログアウト\n
    </button>\n
    </div>\n
</div>\n
    </header>\n
\n
            <main class="flex-1">\n
                <div class="max-w-7xl mx-auto px-4 lg:px-8 py-6 lg:py-8">\n
                        <nav aria-label="パンくず" >\n
    <ol class="flex items-center gap-1.5 text-sm text-ink-500">\n
                                <li class="flex items-center gap-1.5">\n
                                    <a href="http://localhost:8000/dashboard" class="hover:text-primary-700 transition-colors">ダッシュボード</a>\n
                \n
                                    <svg aria-hidden="true" class="w-4 h-4 text-ink-300" xmlns="http://www.w3.org/2000/svg" fill="none" viewBox="0 0 24 24" stroke-width="1.5" stroke="currentColor" aria-hidden="true" data-slot="icon">\n
  <path stroke-linecap="round" stroke-linejoin="round" d="m8.25 4.5 7.5 7.5-7.5 7.5"/>\n
</svg>\n
                            </li>\n
                                <li class="flex items-center gap-1.5">\n
                                    <span  aria-current="page" class="text-ink-700 font-medium" >資格マスタ管理</span>\n
                \n
                            </li>\n
            </ol>\n
</nav>\n
\n
    <div class="mt-4">\n
        <h1 class="text-2xl font-bold text-ink-900">資格マスタ管理</h1>\n
        <p class="text-sm text-ink-500 mt-1">資格マスタとカテゴリの管理を行います。</p>\n
    </div>\n
\n
    <div class="mt-6 border-b border-subtle">\n
    <nav class="-mb-px flex gap-6" aria-label="資格マスタ管理タブ">\n
                    <a\n
                href="http://localhost:8000/admin/certifications"\n
                 aria-current="page"                 class="inline-flex items-center gap-1.5 border-b-2 px-1 py-3 text-sm font-medium transition-colors border-primary-600 text-primary-700"\n
            >\n
                <svg aria-hidden="true" class="w-4 h-4" xmlns="http://www.w3.org/2000/svg" fill="none" viewBox="0 0 24 24" stroke-width="1.5" stroke="currentColor" aria-hidden="true" data-slot="icon">\n
  <path stroke-linecap="round" stroke-linejoin="round" d="M4.26 10.147a60.438 60.438 0 0 0-.491 6.347A48.62 48.62 0 0 1 12 20.904a48.62 48.62 0 0 1 8.232-4.41 60.46 60.46 0 0 0-.491-6.347m-15.482 0a50.636 50.636 0 0 0-2.658-.813A59.906 59.906 0 0 1 12 3.493a59.903 59.903 0 0 1 10.399 5.84c-.896.248-1.783.52-2.658.814m-15.482 0A50.717 50.717 0 0 1 12 13.489a50.702 50.702 0 0 1 7.74-3.342M6.75 15a.75.75 0 1 0 0-1.5.75.75 0 0 0 0 1.5Zm0 0v-3.675A55.378 55.378 0 0 1 12 8.443m-7.007 11.55A5.981 5.981 0 0 0 6.75 15.75v-1.5"/>\n
</svg>\n
                資格マスタ\n
            </a>\n
                    <a\n
                href="http://localhost:8000/admin/certification-categories"\n
                                class="inline-flex items-center gap-1.5 border-b-2 px-1 py-3 text-sm font-medium transition-colors border-transparent text-ink-500 hover:text-ink-900 hover:border-ink-300"\n
            >\n
                <svg aria-hidden="true" class="w-4 h-4" xmlns="http://www.w3.org/2000/svg" fill="none" viewBox="0 0 24 24" stroke-width="1.5" stroke="currentColor" aria-hidden="true" data-slot="icon">\n
  <path stroke-linecap="round" stroke-linejoin="round" d="M9.568 3H5.25A2.25 2.25 0 0 0 3 5.25v4.318c0 .597.237 1.17.659 1.591l9.581 9.581c.699.699 1.78.872 2.607.33a18.095 18.095 0 0 0 5.223-5.223c.542-.827.369-1.908-.33-2.607L11.16 3.66A2.25 2.25 0 0 0 9.568 3Z"/>\n
  <path stroke-linecap="round" stroke-linejoin="round" d="M6 6h.008v.008H6V6Z"/>\n
</svg>\n
                カテゴリ\n
            </a>\n
            </nav>\n
</div>\n
\n
    <div class="mt-6 flex items-center justify-between gap-4 flex-wrap">\n
        <p class="text-sm text-ink-500">\n
            資格マスタの追加・編集・公開状態の管理を行います。\n
            <span class="font-semibold text-ink-700">1 件</span>\n
        </p>\n
                    <a href="http://localhost:8000/admin/certifications/create" class="inline-flex items-center justify-center gap-1.5 rounded-md font-semibold transition-colors duration-fast ease-out-quint focus-visible:outline-none focus-visible:ring-2 focus-visible:ring-offset-2 focus-visible:ring-primary-500 bg-primary-600 text-white hover:bg-primary-700 px-4 py-2 text-sm">\n
    <svg aria-hidden="true" class="w-4 h-4" xmlns="http://www.w3.org/2000/svg" fill="none" viewBox="0 0 24 24" stroke-width="1.5" stroke="currentColor" aria-hidden="true" data-slot="icon">\n
  <path stroke-linecap="round" stroke-linejoin="round" d="M12 4.5v15m7.5-7.5h-15"/>\n
</svg>\n
                新規作成\n
</a>\n
            </div>\n
\n
    \n
    <div class="bg-surface-raised border border-subtle rounded-2xl shadow-sm transition-colors duration-fast hover:border-primary-200 hover:shadow-md mt-6">\n
    \n
    <div class="p-4">\n
        <form novalidate method="GET" action="http://localhost:8000/admin/certifications" class="grid gap-3 sm:grid-cols-[1fr_160px_180px_180px_auto]">\n
            <div class="relative">\n
                <svg aria-hidden="true" class="absolute left-3 top-1/2 -translate-y-1/2 w-4 h-4 text-ink-500" xmlns="http://www.w3.org/2000/svg" fill="none" viewBox="0 0 24 24" stroke-width="1.5" stroke="currentColor" aria-hidden="true" data-slot="icon">\n
  <path stroke-linecap="round" stroke-linejoin="round" d="m21 21-5.197-5.197m0 0A7.5 7.5 0 1 0 5.196 5.196a7.5 7.5 0 0 0 10.607 10.607Z"/>\n
</svg>\n
                <input\n
                    type="search"\n
                    name="keyword"\n
                    value=""\n
                    placeholder="資格名で検索"\n
                    maxlength="100"\n
                    class="w-full text-sm py-2 pl-9 pr-3 rounded-md bg-white border border-ink-200 placeholder:text-ink-400 focus:outline-none focus:border-primary-500 focus:ring-2 focus:ring-primary-500/20 transition-colors"\n
                >\n
            </div>\n
\n
            <select\n
                name="status"\n
                class="text-sm py-2 px-3 rounded-md bg-white border border-ink-200 text-ink-900 focus:outline-none focus:border-primary-500 focus:ring-2 focus:ring-primary-500/20 transition-colors"\n
            >\n
                <option value="">全ステータス</option>\n
                                    <option value="draft" >下書き</option>\n
                                    <option value="published" selected>公開中</option>\n
                                    <option value="archived" >アーカイブ</option>\n
                            </select>\n
\n
            <select\n
                name="category_id"\n
                class="text-sm py-2 px-3 rounded-md bg-white border border-ink-200 text-ink-900 focus:outline-none focus:border-primary-500 focus:ring-2 focus:ring-primary-500/20 transition-colors"\n
            >\n
                <option value="">全カテゴリ</option>\n
                                    <option value="01m163xrz9rwggqt2qd8wcmntd" >会計・金融 IQOY</option>\n
                                    <option value="01m163xrzd54t4fvkpfg45r2ny" >IT 系 3KBJ</option>\n
                                    <option value="01m163xrzbj9c2rha7w050s1g0" >会計・金融 W5BS</option>\n
                            </select>\n
\n
            <select\n
                name="difficulty"\n
                class="text-sm py-2 px-3 rounded-md bg-white border border-ink-200 text-ink-900 focus:outline-none focus:border-primary-500 focus:ring-2 focus:ring-primary-500/20 transition-colors"\n
            >\n
                <option value="">全難易度</option>\n
                                    <option value="beginner" >初級</option>\n
                                    <option value="intermediate" >中級</option>\n
                                    <option value="advanced" >上級</option>\n
                            </select>\n
\n
            <div class="flex items-center gap-2">\n
                <button\n
    type="submit"\n
            class="inline-flex items-center justify-center gap-1.5 rounded-md font-semibold transition-colors duration-fast ease-out-quint focus-visible:outline-none focus-visible:ring-2 focus-visible:ring-offset-2 focus-visible:ring-primary-500 bg-primary-600 text-white hover:bg-primary-700 px-4 py-2 text-sm"\n
>\n
        <svg aria-hidden="true" class="w-4 h-4" xmlns="http://www.w3.org/2000/svg" fill="none" viewBox="0 0 24 24" stroke-width="1.5" stroke="currentColor" aria-hidden="true" data-slot="icon">\n
  <path stroke-linecap="round" stroke-linejoin="round" d="M12 3c2.755 0 5.455.232 8.083.678.533.09.917.556.917 1.096v1.044a2.25 2.25 0 0 1-.659 1.591l-5.432 5.432a2.25 2.25 0 0 0-.659 1.591v2.927a2.25 2.25 0 0 1-1.244 2.013L9.75 21v-6.568a2.25 2.25 0 0 0-.659-1.591L3.659 7.409A2.25 2.25 0 0 1 3 5.818V4.774c0-.54.384-1.006.917-1.096A48.32 48.32 0 0 1 12 3Z"/>\n
</svg>\n
                    絞り込み\n
</button>\n
                                    <a href="http://localhost:8000/admin/certifications" class="inline-flex items-center justify-center gap-1.5 rounded-md font-semibold transition-colors duration-fast ease-out-quint focus-visible:outline-none focus-visible:ring-2 focus-visible:ring-offset-2 focus-visible:ring-primary-500 bg-transparent text-ink-700 hover:bg-ink-50 px-4 py-2 text-sm">\n
    クリア\n
</a>\n
                            </div>\n
        </form>\n
    </div>\n
\n
    </div>\n
\n
    \n
            <div class="mt-6">\n
            <div class="rounded-lg border border-subtle bg-surface-raised">\n
    <table class="w-full">\n
                    <thead class="bg-surface-sunken/60 border-b border-subtle">\n
                <tr class="hover:bg-surface-sunken/40 transition-colors duration-fast">\n
    <th\n
    scope="col"\n
    class="text-left text-[10px] font-semibold uppercase tracking-wider text-ink-500 px-4 py-3"\n
>\n
    資格名\n
</th>\n
                        <th\n
    scope="col"\n
    class="text-left text-[10px] font-semibold uppercase tracking-wider text-ink-500 px-4 py-3"\n
>\n
    カテゴリ\n
</th>\n
                        <th\n
    scope="col"\n
    class="text-left text-[10px] font-semibold uppercase tracking-wider text-ink-500 px-4 py-3"\n
>\n
    難易度\n
</th>\n
                        <th\n
    scope="col"\n
    class="text-left text-[10px] font-semibold uppercase tracking-wider text-ink-500 px-4 py-3"\n
>\n
    ステータス\n
</th>\n
                        <th\n
    scope="col"\n
    class="text-left text-[10px] font-semibold uppercase tracking-wider text-ink-500 px-4 py-3 text-right"\n
>\n
    担当コーチ\n
</th>\n
                        <th\n
    scope="col"\n
    class="text-left text-[10px] font-semibold uppercase tracking-wider text-ink-500 px-4 py-3 text-right"\n
>\n
    修了証\n
</th>\n
                        <th\n
    scope="col"\n
    class="text-left text-[10px] font-semibold uppercase tracking-wider text-ink-500 px-4 py-3 text-right"\n
>\n
    操作\n
</th>\n
</tr>\n
            </thead>\n
                <tbody class="divide-y divide-subtle">\n
            <tr class="hover:bg-surface-sunken/40 transition-colors duration-fast">\n
    <td class="px-4 py-3 text-sm text-ink-900">\n
    <a href="http://localhost:8000/admin/certifications/01m163xrzaetefr62jps24des5" class="block group">\n
                                <div class="text-sm font-semibold text-ink-900 group-hover:text-primary-700 transition-colors">Draft One</div>\n
                            </a>\n
</td>\n
                        <td class="px-4 py-3 text-sm text-ink-900">\n
    <span class="text-sm text-ink-700">会計・金融 IQOY</span>\n
</td>\n
                        <td class="px-4 py-3 text-sm text-ink-900">\n
    <span class="inline-flex items-center gap-1 rounded-full font-semibold bg-info-50 text-info-800 border border-info-200 text-[10px] px-2 py-0.5">\n
    中級\n
</span>\n
</td>\n
                        <td class="px-4 py-3 text-sm text-ink-900">\n
    <span class="inline-flex items-center gap-1 rounded-full font-semibold bg-warning-50 text-warning-800 border border-warning-200 text-[10px] px-2 py-0.5">\n
    <span class="inline-block w-1.5 h-1.5 rounded-full bg-current"></span>\n
                                                                下書き\n
</span>\n
</td>\n
                        <td class="px-4 py-3 text-sm text-ink-900 text-right">\n
    <span class="text-xs text-ink-500 font-mono tabular-nums">0 名</span>\n
</td>\n
                        <td class="px-4 py-3 text-sm text-ink-900 text-right">\n
    <span class="text-xs text-ink-500 font-mono tabular-nums">0 件</span>\n
</td>\n
                        <td class="px-4 py-3 text-sm text-ink-900 text-right">\n
    <a href="http://localhost:8000/admin/certifications/01m163xrzaetefr62jps24des5" class="inline-flex items-center justify-center gap-1.5 rounded-md font-semibold transition-colors duration-fast ease-out-quint focus-visible:outline-none focus-visible:ring-2 focus-visible:ring-offset-2 focus-visible:ring-primary-500 bg-transparent text-ink-700 hover:bg-ink-50 px-3 py-1.5 text-xs rounded-[8px]">\n
    <svg aria-hidden="true" class="w-4 h-4" xmlns="http://www.w3.org/2000/svg" fill="none" viewBox="0 0 24 24" stroke-width="1.5" stroke="currentColor" aria-hidden="true" data-slot="icon">\n
  <path stroke-linecap="round" stroke-linejoin="round" d="M2.036 12.322a1.012 1.012 0 0 1 0-.639C3.423 7.51 7.36 4.5 12 4.5c4.638 0 8.573 3.007 9.963 7.178.07.207.07.431 0 .639C20.577 16.49 16.64 19.5 12 19.5c-4.638 0-8.573-3.007-9.963-7.178Z"/>\n
  <path stroke-linecap="round" stroke-linejoin="round" d="M15 12a3 3 0 1 1-6 0 3 3 0 0 1 6 0Z"/>\n
</svg>\n
                                詳細\n
</a>\n
</td>\n
</tr>\n
        </tbody>\n
    </table>\n
</div>\n
        </div>\n
\n
        <div class="mt-6">\n
                    </div>\n
                    </div>\n
            </main>\n
        </div>\n
    </div>\n
\n
    \n
    \n
    \n
        \n
    </body>\n
</html>\n
' [UTF-8](length: 27584) contains "Published One" [ASCII](length: 13).

  at tests/Feature/Http/Certification/IndexTest.php:85
     81▕ 
     82▕         $response = $this->actingAs($admin)->get(route('admin.certifications.index', ['status' => 'published']));
     83▕ 
     84▕         $response->assertOk();
  ➜  85▕         $response->assertSee('Published One');
     86▕         $response->assertDontSee('Draft One');
     87▕         $response->assertDontSee('Archived One');
     88▕     }
     89▕

  ────────────────────────────────────────────────────────────────────────────  
   FAILED  Tests\Feature\Http\CertificationCatalog\IndexTest > graduated stu…   
  Expected response status code [403] but received 200.
Failed asserting that 200 is identical to 403.

  at tests/Feature/Http/CertificationCatalog/IndexTest.php:39
     35▕         $student = User::factory()->student()->graduated()->create();
     36▕ 
     37▕         $response = $this->actingAs($student)->get(route('certifications.index'));
     38▕ 
  ➜  39▕         $response->assertForbidden();
     40▕     }
     41▕ 
     42▕     public function test_admin_is_forbidden_on_student_catalog(): void
     43▕     {

  ────────────────────────────────────────────────────────────────────────────  
   FAILED  Tests\Feature\Http\CertificationCatalog\ShowTest > graduated stud…   
  Expected response status code [403] but received 200.
Failed asserting that 200 is identical to 403.

  at tests/Feature/Http/CertificationCatalog/ShowTest.php:54
     50▕         $cert = Certification::factory()->published()->create();
     51▕ 
     52▕         $response = $this->actingAs($student)->get(route('certifications.show', $cert));
     53▕ 
  ➜  54▕         $response->assertForbidden();
     55▕     }
     56▕ 
     57▕     public function test_admin_is_forbidden_on_student_catalog_show(): void
     58▕     {

  ────────────────────────────────────────────────────────────────────────────  
   FAILED  Tests\Feature\Http\CertificationCategory\DestroyTest > admin can…    
  Session is missing expected key [success].
Failed asserting that false is true.

  at tests/Feature/Http/CertificationCategory/DestroyTest.php:25
     21▕ 
     22▕         $response = $this->actingAs($admin)->delete(route('admin.certification-categories.destroy', $category));
     23▕ 
     24▕         $response->assertRedirect(route('admin.certification-categories.index'));
  ➜  25▕         $response->assertSessionHas('success');
     26▕         $this->assertDatabaseMissing('certification_categories', ['id' => $category->id]);
     27▕     }
     28▕ 
     29▕     public function test_cannot_delete_category_in_use(): void

  ────────────────────────────────────────────────────────────────────────────  
   FAILED  Tests\Feature\Http\Chapter\ShowTest > sections are listed in orde…   
  Chapter 詳細の Section 一覧は order 昇順で並ぶはず(登録順ではない)
Failed asserting that two arrays are identical.
   Array &0 [
  -    0 => 1,
  -    1 => 2,
  -    2 => 3,
  +    0 => 3,
  +    1 => 1,
  +    2 => 2,
   ]
  

  at tests/Feature/Http/Chapter/ShowTest.php:40
     36▕             ->get(route('admin.chapters.show', $chapter));
     37▕ 
     38▕         // Assert: 登録順(3,1,2)ではなく order 昇順(1,2,3)で並ぶ
     39▕         $response->assertOk();
  ➜  40▕         $this->assertSame(
     41▕             [1, 2, 3],
     42▕             $response->viewData('chapter')->sections->pluck('order')->all(),
     43▕             'Chapter 詳細の Section 一覧は order 昇順で並ぶはず(登録順ではない)',
     44▕         );

  1   tests/Feature/Http/Chapter/ShowTest.php:40

  ────────────────────────────────────────────────────────────────────────────  
   FAILED  Tests\Feature\Http\Chat\EnsureActiveLearningTest > graduated stud…   
  Expected response status code [403] but received 200.
Failed asserting that 200 is identical to 403.

  at tests/Feature/Http/Chat/EnsureActiveLearningTest.php:25
     21▕     public function test_graduated_student_forbidden_on_index(): void
     22▕     {
     23▕         $student = User::factory()->student()->graduated()->create();
     24▕ 
  ➜  25▕         $this->actingAs($student)->get(route('chat.index'))->assertForbidden();
     26▕     }
     27▕ 
     28▕     public function test_graduated_student_forbidden_on_show(): void
     29▕     {

  ────────────────────────────────────────────────────────────────────────────  
   FAILED  Tests\Feature\Http\Chat\EnsureActiveLearningTest > graduated stud…   
  Expected response status code [403] but received 200.
Failed asserting that 200 is identical to 403.

  at tests/Feature/Http/Chat/EnsureActiveLearningTest.php:35
     31▕         $enrollment = Enrollment::factory()->for($student)->create();
     32▕         $room = ChatRoom::factory()->for($enrollment)->create();
     33▕         ChatMember::factory()->create(['chat_room_id' => $room->id, 'user_id' => $student->id]);
     34▕ 
  ➜  35▕         $this->actingAs($student)->get(route('chat.show', $room))->assertForbidden();
     36▕     }
     37▕ }
     38▕

  ────────────────────────────────────────────────────────────────────────────  
   FAILED  Tests\Feature\Http\CoachStudent\IndexTest > coach sees only enrol…   
  Failed asserting that '<!DOCTYPE html>\n
<html lang="ja">\n
<head>\n
    <meta charset="UTF-8">\n
    <meta name="viewport" content="width=device-width, initial-scale=1.0">\n
    <meta name="csrf-token" content="HUzoayWBcs3pYSKxRLCNlPnQIdQ4XVrtqG7n1or7">\n
            <meta name="auth-user-id" content="01m163y0jt9a2j2jcx8vqshpg4">\n
        <title>受講登録管理</title>\n
\n
    <link rel="icon" type="image/svg+xml" href="http://localhost:8000/favicon.svg">\n
\n
    <script type="module" src="http://localhost:5174/@vite/client"></script><link rel="stylesheet" href="http://localhost:5174/resources/css/app.css" /><script type="module" src="http://localhost:5174/resources/js/app.js"></script></head>\n
<body class="min-h-screen bg-surface-canvas text-ink-900">\n
    <div class="lg:grid lg:grid-cols-[256px_1fr] min-h-screen">\n
        \n
        <aside\n
            data-sidebar\n
            class="fixed lg:sticky lg:top-0 left-0 z-30 h-screen w-64 bg-surface-raised border-r border-subtle overflow-y-auto transform -translate-x-full lg:translate-x-0 transition-transform duration-normal ease-out-quint"\n
        >\n
                            <nav class="flex flex-col gap-1 px-3 py-4" aria-label="メインナビゲーション">\n
    <a href="http://localhost:8000/dashboard" class="flex items-center gap-2.5 px-2 pt-1.5 pb-3.5 mb-2 border-b border-subtle">\n
        <img src="http://localhost:8000/images/logo/logo-mark.svg" alt="" class="w-7 h-7">\n
        <span class="font-display text-[18px] leading-none tracking-[-0.02em] text-ink-900">\n
            <span class="font-extrabold">Certify</span><span class="font-medium text-secondary-600"> LMS</span>\n
        </span>\n
                    <span class="ml-auto rounded-full px-2 py-0.5 text-[10px] font-bold tracking-wider bg-secondary-100 text-secondary-800">COACH</span>\n
            </a>\n
\n
    <a\n
        href="http://localhost:8000/dashboard"\n
                class="group relative flex items-center gap-2.5 px-3 py-2 rounded-[10px] text-sm transition-colors duration-fast text-ink-700 font-medium hover:bg-ink-50 hover:text-ink-900"\n
    >\n
        \n
                    <svg aria-hidden="true" class="w-5 h-5 flex-shrink-0 text-ink-500 group-hover:text-ink-700" xmlns="http://www.w3.org/2000/svg" fill="none" viewBox="0 0 24 24" stroke-width="1.5" stroke="currentColor" aria-hidden="true" data-slot="icon">\n
  <path stroke-linecap="round" stroke-linejoin="round" d="m2.25 12 8.954-8.955c.44-.439 1.152-.439 1.591 0L21.75 12M4.5 9.75v10.125c0 .621.504 1.125 1.125 1.125H9.75v-4.875c0-.621.504-1.125 1.125-1.125h2.25c.621 0 1.125.504 1.125 1.125V21h4.125c.621 0 1.125-.504 1.125-1.125V9.75M8.25 21h8.25"/>\n
</svg>\n
        \n
        <span class="flex-1 truncate">ダッシュボード</span>\n
\n
            </a>\n
\n
    <div class="px-3 pt-4 pb-1.5">\n
        <h6 class="text-[10px] font-bold uppercase tracking-[0.08em] text-ink-400">受講生</h6>\n
    </div>\n
    <a\n
        href="http://localhost:8000/enrollments"\n
         aria-current="page"         class="group relative flex items-center gap-2.5 px-3 py-2 rounded-[10px] text-sm transition-colors duration-fast bg-gradient-to-r from-primary-50 to-transparent text-primary-700 font-semibold"\n
    >\n
                    <span aria-hidden="true" class="absolute left-0 top-2 bottom-2 w-[3px] bg-primary-600 rounded-r-[4px]"></span>\n
        \n
                    <svg aria-hidden="true" class="w-5 h-5 flex-shrink-0 text-primary-600" xmlns="http://www.w3.org/2000/svg" fill="none" viewBox="0 0 24 24" stroke-width="1.5" stroke="currentColor" aria-hidden="true" data-slot="icon">\n
  <path stroke-linecap="round" stroke-linejoin="round" d="M18 18.72a9.094 9.094 0 0 0 3.741-.479 3 3 0 0 0-4.682-2.72m.94 3.198.001.031c0 .225-.012.447-.037.666A11.944 11.944 0 0 1 12 21c-2.17 0-4.207-.576-5.963-1.584A6.062 6.062 0 0 1 6 18.719m12 0a5.971 5.971 0 0 0-.941-3.197m0 0A5.995 5.995 0 0 0 12 12.75a5.995 5.995 0 0 0-5.058 2.772m0 0a3 3 0 0 0-4.681 2.72 8.986 8.986 0 0 0 3.74.477m.94-3.197a5.971 5.971 0 0 0-.94 3.197M15 6.75a3 3 0 1 1-6 0 3 3 0 0 1 6 0Zm6 3a2.25 2.25 0 1 1-4.5 0 2.25 2.25 0 0 1 4.5 0Zm-13.5 0a2.25 2.25 0 1 1-4.5 0 2.25 2.25 0 0 1 4.5 0Z"/>\n
</svg>\n
        \n
        <span class="flex-1 truncate">担当受講生</span>\n
\n
            </a>\n
\n
    <div class="px-3 pt-4 pb-1.5">\n
        <h6 class="text-[10px] font-bold uppercase tracking-[0.08em] text-ink-400">コンテンツ</h6>\n
    </div>\n
    <a\n
        href="http://localhost:8000/admin/certifications"\n
                class="group relative flex items-center gap-2.5 px-3 py-2 rounded-[10px] text-sm transition-colors duration-fast text-ink-700 font-medium hover:bg-ink-50 hover:text-ink-900"\n
    >\n
        \n
                    <svg aria-hidden="true" class="w-5 h-5 flex-shrink-0 text-ink-500 group-hover:text-ink-700" xmlns="http://www.w3.org/2000/svg" fill="none" viewBox="0 0 24 24" stroke-width="1.5" stroke="currentColor" aria-hidden="true" data-slot="icon">\n
  <path stroke-linecap="round" stroke-linejoin="round" d="M4.26 10.147a60.438 60.438 0 0 0-.491 6.347A48.62 48.62 0 0 1 12 20.904a48.62 48.62 0 0 1 8.232-4.41 60.46 60.46 0 0 0-.491-6.347m-15.482 0a50.636 50.636 0 0 0-2.658-.813A59.906 59.906 0 0 1 12 3.493a59.903 59.903 0 0 1 10.399 5.84c-.896.248-1.783.52-2.658.814m-15.482 0A50.717 50.717 0 0 1 12 13.489a50.702 50.702 0 0 1 7.74-3.342M6.75 15a.75.75 0 1 0 0-1.5.75.75 0 0 0 0 1.5Zm0 0v-3.675A55.378 55.378 0 0 1 12 8.443m-7.007 11.55A5.981 5.981 0 0 0 6.75 15.75v-1.5"/>\n
</svg>\n
        \n
        <span class="flex-1 truncate">資格マスタ管理</span>\n
\n
            </a>\n
    <a\n
        href="http://localhost:8000/admin/mock-exams"\n
                class="group relative flex items-center gap-2.5 px-3 py-2 rounded-[10px] text-sm transition-colors duration-fast text-ink-700 font-medium hover:bg-ink-50 hover:text-ink-900"\n
    >\n
        \n
                    <svg aria-hidden="true" class="w-5 h-5 flex-shrink-0 text-ink-500 group-hover:text-ink-700" xmlns="http://www.w3.org/2000/svg" fill="none" viewBox="0 0 24 24" stroke-width="1.5" stroke="currentColor" aria-hidden="true" data-slot="icon">\n
  <path stroke-linecap="round" stroke-linejoin="round" d="M11.35 3.836c-.065.21-.1.433-.1.664 0 .414.336.75.75.75h4.5a.75.75 0 0 0 .75-.75 2.25 2.25 0 0 0-.1-.664m-5.8 0A2.251 2.251 0 0 1 13.5 2.25H15c1.012 0 1.867.668 2.15 1.586m-5.8 0c-.376.023-.75.05-1.124.08C9.095 4.01 8.25 4.973 8.25 6.108V8.25m8.9-4.414c.376.023.75.05 1.124.08 1.131.094 1.976 1.057 1.976 2.192V16.5A2.25 2.25 0 0 1 18 18.75h-2.25m-7.5-10.5H4.875c-.621 0-1.125.504-1.125 1.125v11.25c0 .621.504 1.125 1.125 1.125h9.75c.621 0 1.125-.504 1.125-1.125V18.75m-7.5-10.5h6.375c.621 0 1.125.504 1.125 1.125v9.375m-8.25-3 1.5 1.5 3-3.75"/>\n
</svg>\n
        \n
        <span class="flex-1 truncate">模試マスタ管理</span>\n
\n
            </a>\n
\n
    <div class="px-3 pt-4 pb-1.5">\n
        <h6 class="text-[10px] font-bold uppercase tracking-[0.08em] text-ink-400">対応</h6>\n
    </div>\n
    <a\n
        href="http://localhost:8000/coach/chat-rooms"\n
                class="group relative flex items-center gap-2.5 px-3 py-2 rounded-[10px] text-sm transition-colors duration-fast text-ink-700 font-medium hover:bg-ink-50 hover:text-ink-900"\n
    >\n
        \n
                    <svg aria-hidden="true" class="w-5 h-5 flex-shrink-0 text-ink-500 group-hover:text-ink-700" xmlns="http://www.w3.org/2000/svg" fill="none" viewBox="0 0 24 24" stroke-width="1.5" stroke="currentColor" aria-hidden="true" data-slot="icon">\n
  <path stroke-linecap="round" stroke-linejoin="round" d="M20.25 8.511c.884.284 1.5 1.128 1.5 2.097v4.286c0 1.136-.847 2.1-1.98 2.193-.34.027-.68.052-1.02.072v3.091l-3-3c-1.354 0-2.694-.055-4.02-.163a2.115 2.115 0 0 1-.825-.242m9.345-8.334a2.126 2.126 0 0 0-.476-.095 48.64 48.64 0 0 0-8.048 0c-1.131.094-1.976 1.057-1.976 2.192v4.286c0 .837.46 1.58 1.155 1.951m9.345-8.334V6.637c0-1.621-1.152-3.026-2.76-3.235A48.455 48.455 0 0 0 11.25 3c-2.115 0-4.198.137-6.24.402-1.608.209-2.76 1.614-2.76 3.235v6.226c0 1.621 1.152 3.026 2.76 3.235.577.075 1.157.14 1.74.194V21l4.155-4.155"/>\n
</svg>\n
        \n
        <span class="flex-1 truncate">chat 対応</span>\n
\n
            </a>\n
    <a\n
        href="http://localhost:8000/qa-board"\n
                class="group relative flex items-center gap-2.5 px-3 py-2 rounded-[10px] text-sm transition-colors duration-fast text-ink-700 font-medium hover:bg-ink-50 hover:text-ink-900"\n
    >\n
        \n
                    <svg aria-hidden="true" class="w-5 h-5 flex-shrink-0 text-ink-500 group-hover:text-ink-700" xmlns="http://www.w3.org/2000/svg" fill="none" viewBox="0 0 24 24" stroke-width="1.5" stroke="currentColor" aria-hidden="true" data-slot="icon">\n
  <path stroke-linecap="round" stroke-linejoin="round" d="M9.879 7.519c1.171-1.025 3.071-1.025 4.242 0 1.172 1.025 1.172 2.687 0 3.712-.203.179-.43.326-.67.442-.745.361-1.45.999-1.45 1.827v.75M21 12a9 9 0 1 1-18 0 9 9 0 0 1 18 0Zm-9 5.25h.008v.008H12v-.008Z"/>\n
</svg>\n
        \n
        <span class="flex-1 truncate">質問対応</span>\n
\n
            </a>\n
    <a\n
        href="http://localhost:8000/coach/meetings"\n
                class="group relative flex items-center gap-2.5 px-3 py-2 rounded-[10px] text-sm transition-colors duration-fast text-ink-700 font-medium hover:bg-ink-50 hover:text-ink-900"\n
    >\n
        \n
                    <svg aria-hidden="true" class="w-5 h-5 flex-shrink-0 text-ink-500 group-hover:text-ink-700" xmlns="http://www.w3.org/2000/svg" fill="none" viewBox="0 0 24 24" stroke-width="1.5" stroke="currentColor" aria-hidden="true" data-slot="icon">\n
  <path stroke-linecap="round" stroke-linejoin="round" d="M6.75 3v2.25M17.25 3v2.25M3 18.75V7.5a2.25 2.25 0 0 1 2.25-2.25h13.5A2.25 2.25 0 0 1 21 7.5v11.25m-18 0A2.25 2.25 0 0 0 5.25 21h13.5A2.25 2.25 0 0 0 21 18.75m-18 0v-7.5A2.25 2.25 0 0 1 5.25 9h13.5A2.25 2.25 0 0 1 21 11.25v7.5m-9-6h.008v.008H12v-.008ZM12 15h.008v.008H12V15Zm0 2.25h.008v.008H12v-.008ZM9.75 15h.008v.008H9.75V15Zm0 2.25h.008v.008H9.75v-.008ZM7.5 15h.008v.008H7.5V15Zm0 2.25h.008v.008H7.5v-.008Zm6.75-4.5h.008v.008h-.008v-.008Zm0 2.25h.008v.008h-.008V15Zm0 2.25h.008v.008h-.008v-.008Zm2.25-4.5h.008v.008H16.5v-.008Zm0 2.25h.008v.008H16.5V15Z"/>\n
</svg>\n
        \n
        <span class="flex-1 truncate">面談管理</span>\n
\n
            </a>\n
    <a\n
        href="http://localhost:8000/settings/availability"\n
                class="group relative flex items-center gap-2.5 px-3 py-2 rounded-[10px] text-sm transition-colors duration-fast text-ink-700 font-medium hover:bg-ink-50 hover:text-ink-900"\n
    >\n
        \n
                    <svg aria-hidden="true" class="w-5 h-5 flex-shrink-0 text-ink-500 group-hover:text-ink-700" xmlns="http://www.w3.org/2000/svg" fill="none" viewBox="0 0 24 24" stroke-width="1.5" stroke="currentColor" aria-hidden="true" data-slot="icon">\n
  <path stroke-linecap="round" stroke-linejoin="round" d="M12 6v6h4.5m4.5 0a9 9 0 1 1-18 0 9 9 0 0 1 18 0Z"/>\n
</svg>\n
        \n
        <span class="flex-1 truncate">面談設定</span>\n
\n
            </a>\n
</nav>\n
                    </aside>\n
\n
        \n
        <div\n
            data-sidebar-backdrop\n
            class="hidden lg:hidden fixed inset-0 z-20 bg-ink-900/60 backdrop-blur-sm"\n
        ></div>\n
\n
        <div class="flex flex-col min-w-0">\n
            <header class="sticky top-0 z-20 flex items-center gap-3 lg:gap-4 px-4 lg:px-8 py-3 border-b border-subtle bg-surface-canvas/85 backdrop-blur-md">\n
    \n
    <button\n
        type="button"\n
        data-sidebar-toggle\n
        aria-label="メニューを開く"\n
        aria-expanded="false"\n
        class="lg:hidden inline-flex h-9 w-9 items-center justify-center rounded-[10px] text-ink-700 hover:bg-ink-50 transition-colors"\n
    >\n
        <svg aria-hidden="true" class="w-5 h-5" xmlns="http://www.w3.org/2000/svg" fill="none" viewBox="0 0 24 24" stroke-width="1.5" stroke="currentColor" aria-hidden="true" data-slot="icon">\n
  <path stroke-linecap="round" stroke-linejoin="round" d="M3.75 6.75h16.5M3.75 12h16.5m-16.5 5.25h16.5"/>\n
</svg>\n
    </button>\n
\n
    \n
    \n
    <div class="flex-1"></div>\n
\n
    \n
    \n
    \n
            <div data-dropdown class="relative inline-block">\n
            <div data-dropdown-trigger aria-haspopup="menu" aria-expanded="false">\n
            <button type="button" class="flex items-center gap-2 pl-1 pr-3 py-1 rounded-full hover:bg-ink-50 transition-colors">\n
                    <span\n
        aria-label="田辺 治 のアバター"\n
        class="w-6 h-6 text-[10px] rounded-full inline-flex items-center justify-center font-semibold select-none bg-secondary-100 text-secondary-800 w-7 h-7"\n
    >\n
        田\n
    </span>\n
                    <span class="hidden md:inline text-xs font-semibold text-ink-900">田辺 治</span>\n
                    <svg aria-hidden="true" class="hidden md:block w-3 h-3 text-ink-500" xmlns="http://www.w3.org/2000/svg" fill="none" viewBox="0 0 24 24" stroke-width="1.5" stroke="currentColor" aria-hidden="true" data-slot="icon">\n
  <path stroke-linecap="round" stroke-linejoin="round" d="m19.5 8.25-7.5 7.5-7.5-7.5"/>\n
</svg>\n
                </button>\n
        </div>\n
    \n
    <div\n
        data-dropdown-menu\n
        role="menu"\n
        class="absolute right-0 top-full mt-1 z-40 hidden min-w-[12rem] py-1 bg-surface-raised border border-subtle rounded-md shadow-md"\n
    >\n
        <form novalidate method="POST" action="http://localhost:8000/logout" id="dd-form-453d389ba65c718d447c2a2d2d40ce5b" class="block">\n
        <input type="hidden" name="_token" value="HUzoayWBcs3pYSKxRLCNlPnQIdQ4XVrtqG7n1or7" autocomplete="off">        <input type="hidden" name="_method" value="POST">    </form>\n
    <button\n
        type="submit"\n
        form="dd-form-453d389ba65c718d447c2a2d2d40ce5b"\n
        role="menuitem"\n
        class="flex w-full items-center gap-2 px-3 py-2 text-sm transition-colors duration-fast text-ink-900 hover:bg-ink-50"\n
    >\n
        <svg aria-hidden="true" class="w-4 h-4" xmlns="http://www.w3.org/2000/svg" fill="none" viewBox="0 0 24 24" stroke-width="1.5" stroke="currentColor" aria-hidden="true" data-slot="icon">\n
  <path stroke-linecap="round" stroke-linejoin="round" d="M15.75 9V5.25A2.25 2.25 0 0 0 13.5 3h-6a2.25 2.25 0 0 0-2.25 2.25v13.5A2.25 2.25 0 0 0 7.5 21h6a2.25 2.25 0 0 0 2.25-2.25V15m3 0 3-3m0 0-3-3m3 3H9"/>\n
</svg>\n
        ログアウト\n
    </button>\n
    </div>\n
</div>\n
    </header>\n
\n
            <main class="flex-1">\n
                <div class="max-w-7xl mx-auto px-4 lg:px-8 py-6 lg:py-8">\n
                                <nav aria-label="パンくず" >\n
    <ol class="flex items-center gap-1.5 text-sm text-ink-500">\n
                                <li class="flex items-center gap-1.5">\n
                                    <a href="http://localhost:8000/dashboard" class="hover:text-primary-700 transition-colors">ダッシュボード</a>\n
                \n
                                    <svg aria-hidden="true" class="w-4 h-4 text-ink-300" xmlns="http://www.w3.org/2000/svg" fill="none" viewBox="0 0 24 24" stroke-width="1.5" stroke="currentColor" aria-hidden="true" data-slot="icon">\n
  <path stroke-linecap="round" stroke-linejoin="round" d="m8.25 4.5 7.5 7.5-7.5 7.5"/>\n
</svg>\n
                            </li>\n
                                <li class="flex items-center gap-1.5">\n
                                    <span  aria-current="page" class="text-ink-700 font-medium" >担当受講生</span>\n
                \n
                            </li>\n
            </ol>\n
</nav>\n
\n
<div class="mt-4 flex items-center justify-between gap-4 flex-wrap">\n
    <div>\n
        <h1 class="text-2xl font-bold text-ink-900">担当受講生</h1>\n
        <p class="text-sm text-ink-500 mt-1">あなたが担当する資格に登録した受講生の一覧です。 2 件</p>\n
    </div>\n
</div>\n
\n
\n
<div class="bg-surface-raised border border-subtle rounded-2xl shadow-sm transition-colors duration-fast hover:border-primary-200 hover:shadow-md mt-6">\n
    \n
    <div class="p-4">\n
        <form novalidate method="GET" action="http://localhost:8000/enrollments" class="grid gap-3 md:grid-cols-[1fr_180px_180px_auto]">\n
        <div class="relative">\n
            <svg aria-hidden="true" class="absolute left-3 top-1/2 -translate-y-1/2 w-4 h-4 text-ink-500" xmlns="http://www.w3.org/2000/svg" fill="none" viewBox="0 0 24 24" stroke-width="1.5" stroke="currentColor" aria-hidden="true" data-slot="icon">\n
  <path stroke-linecap="round" stroke-linejoin="round" d="m21 21-5.197-5.197m0 0A7.5 7.5 0 1 0 5.196 5.196a7.5 7.5 0 0 0 10.607 10.607Z"/>\n
</svg>\n
            <input\n
                type="search"\n
                name="keyword"\n
                value=""\n
                placeholder="受講生名 / メールで検索"\n
                maxlength="100"\n
                class="w-full text-sm py-2 pl-9 pr-3 rounded-md bg-white border border-ink-200 placeholder:text-ink-400 focus:outline-none focus:border-primary-500 focus:ring-2 focus:ring-primary-500/20"\n
            >\n
        </div>\n
        <select name="status" class="text-sm py-2 px-3 rounded-md bg-white border border-ink-200">\n
            <option value="">全ステータス</option>\n
                            <option value="learning" >学習中</option>\n
                            <option value="passed" >修了</option>\n
                            <option value="failed" >学習中止</option>\n
                    </select>\n
        <select name="certification_id" class="text-sm py-2 px-3 rounded-md bg-white border border-ink-200">\n
            <option value="">担当資格すべて</option>\n
                            <option value="01m163y0jwctnk16z9jr1tgbjq" >Assigned Cert</option>\n
                    </select>\n
        <div class="flex items-center gap-2">\n
            <button\n
    type="submit"\n
            class="inline-flex items-center justify-center gap-1.5 rounded-md font-semibold transition-colors duration-fast ease-out-quint focus-visible:outline-none focus-visible:ring-2 focus-visible:ring-offset-2 focus-visible:ring-primary-500 bg-primary-600 text-white hover:bg-primary-700 px-4 py-2 text-sm"\n
>\n
        <svg aria-hidden="true" class="w-4 h-4" xmlns="http://www.w3.org/2000/svg" fill="none" viewBox="0 0 24 24" stroke-width="1.5" stroke="currentColor" aria-hidden="true" data-slot="icon">\n
  <path stroke-linecap="round" stroke-linejoin="round" d="M12 3c2.755 0 5.455.232 8.083.678.533.09.917.556.917 1.096v1.044a2.25 2.25 0 0 1-.659 1.591l-5.432 5.432a2.25 2.25 0 0 0-.659 1.591v2.927a2.25 2.25 0 0 1-1.244 2.013L9.75 21v-6.568a2.25 2.25 0 0 0-.659-1.591L3.659 7.409A2.25 2.25 0 0 1 3 5.818V4.774c0-.54.384-1.006.917-1.096A48.32 48.32 0 0 1 12 3Z"/>\n
</svg>\n
                絞り込み\n
</button>\n
                                </div>\n
    </form>\n
    </div>\n
\n
    </div>\n
\n
    <div class="mt-6">\n
        <div class="rounded-lg border border-subtle bg-surface-raised">\n
    <table class="w-full">\n
                    <thead class="bg-surface-sunken/60 border-b border-subtle">\n
                <tr class="hover:bg-surface-sunken/40 transition-colors duration-fast">\n
    <th\n
    scope="col"\n
    class="text-left text-[10px] font-semibold uppercase tracking-wider text-ink-500 px-4 py-3"\n
>\n
    受講生\n
</th>\n
                    <th\n
    scope="col"\n
    class="text-left text-[10px] font-semibold uppercase tracking-wider text-ink-500 px-4 py-3"\n
>\n
    資格\n
</th>\n
                    <th\n
    scope="col"\n
    class="text-left text-[10px] font-semibold uppercase tracking-wider text-ink-500 px-4 py-3"\n
>\n
    ステータス\n
</th>\n
                                        <th\n
    scope="col"\n
    class="text-left text-[10px] font-semibold uppercase tracking-wider text-ink-500 px-4 py-3"\n
>\n
    目標受験日\n
</th>\n
                                        <th\n
    scope="col"\n
    class="text-left text-[10px] font-semibold uppercase tracking-wider text-ink-500 px-4 py-3 text-right"\n
>\n
    操作\n
</th>\n
</tr>\n
            </thead>\n
                <tbody class="divide-y divide-subtle">\n
            <tr class="hover:bg-surface-sunken/40 transition-colors duration-fast">\n
    <td class="px-4 py-3 text-sm text-ink-900">\n
    <div class="text-sm font-semibold text-ink-900">青山 英樹</div>\n
                        <div class="text-xs text-ink-500">ekoda.shuhei@example.org</div>\n
</td>\n
                    <td class="px-4 py-3 text-sm text-ink-900">\n
    <div class="text-sm text-ink-700">Assigned Cert</div>\n
                                                    <div class="text-xs text-ink-500">マネジメント PIAC</div>\n
</td>\n
                    <td class="px-4 py-3 text-sm text-ink-900">\n
    <span class="inline-flex items-center gap-1 rounded-full font-semibold bg-info-50 text-info-800 border border-info-200 text-[10px] px-2 py-0.5">\n
    学習中\n
</span>\n
</td>\n
                                        <td class="px-4 py-3 text-sm text-ink-900">\n
    <span class="text-sm text-ink-700 tabular-nums">2026-11-29</span>\n
</td>\n
                                        <td class="px-4 py-3 text-sm text-ink-900 text-right">\n
    <a href="http://localhost:8000/enrollments/01m163y0jz5b6yqdmgqn0f00q4" class="inline-flex items-center justify-center gap-1.5 rounded-md font-semibold transition-colors duration-fast ease-out-quint focus-visible:outline-none focus-visible:ring-2 focus-visible:ring-offset-2 focus-visible:ring-primary-500 bg-transparent text-ink-700 hover:bg-ink-50 px-3 py-1.5 text-xs rounded-[8px]">\n
    <svg aria-hidden="true" class="w-4 h-4" xmlns="http://www.w3.org/2000/svg" fill="none" viewBox="0 0 24 24" stroke-width="1.5" stroke="currentColor" aria-hidden="true" data-slot="icon">\n
  <path stroke-linecap="round" stroke-linejoin="round" d="M2.036 12.322a1.012 1.012 0 0 1 0-.639C3.423 7.51 7.36 4.5 12 4.5c4.638 0 8.573 3.007 9.963 7.178.07.207.07.431 0 .639C20.577 16.49 16.64 19.5 12 19.5c-4.638 0-8.573-3.007-9.963-7.178Z"/>\n
  <path stroke-linecap="round" stroke-linejoin="round" d="M15 12a3 3 0 1 1-6 0 3 3 0 0 1 6 0Z"/>\n
</svg>\n
                            詳細\n
</a>\n
</td>\n
</tr>\n
                            <tr class="hover:bg-surface-sunken/40 transition-colors duration-fast">\n
    <td class="px-4 py-3 text-sm text-ink-900">\n
    <div class="text-sm font-semibold text-ink-900">青山 英樹</div>\n
                        <div class="text-xs text-ink-500">ekoda.shuhei@example.org</div>\n
</td>\n
                    <td class="px-4 py-3 text-sm text-ink-900">\n
    <div class="text-sm text-ink-700">Other Cert</div>\n
                                                    <div class="text-xs text-ink-500">IT 系 F877</div>\n
</td>\n
                    <td class="px-4 py-3 text-sm text-ink-900">\n
    <span class="inline-flex items-center gap-1 rounded-full font-semibold bg-info-50 text-info-800 border border-info-200 text-[10px] px-2 py-0.5">\n
    学習中\n
</span>\n
</td>\n
                                        <td class="px-4 py-3 text-sm text-ink-900">\n
    <span class="text-sm text-ink-700 tabular-nums">2026-11-29</span>\n
</td>\n
                                        <td class="px-4 py-3 text-sm text-ink-900 text-right">\n
    <a href="http://localhost:8000/enrollments/01m163y0k078a6yzb5znb0tyyf" class="inline-flex items-center justify-center gap-1.5 rounded-md font-semibold transition-colors duration-fast ease-out-quint focus-visible:outline-none focus-visible:ring-2 focus-visible:ring-offset-2 focus-visible:ring-primary-500 bg-transparent text-ink-700 hover:bg-ink-50 px-3 py-1.5 text-xs rounded-[8px]">\n
    <svg aria-hidden="true" class="w-4 h-4" xmlns="http://www.w3.org/2000/svg" fill="none" viewBox="0 0 24 24" stroke-width="1.5" stroke="currentColor" aria-hidden="true" data-slot="icon">\n
  <path stroke-linecap="round" stroke-linejoin="round" d="M2.036 12.322a1.012 1.012 0 0 1 0-.639C3.423 7.51 7.36 4.5 12 4.5c4.638 0 8.573 3.007 9.963 7.178.07.207.07.431 0 .639C20.577 16.49 16.64 19.5 12 19.5c-4.638 0-8.573-3.007-9.963-7.178Z"/>\n
  <path stroke-linecap="round" stroke-linejoin="round" d="M15 12a3 3 0 1 1-6 0 3 3 0 0 1 6 0Z"/>\n
</svg>\n
                            詳細\n
</a>\n
</td>\n
</tr>\n
        </tbody>\n
    </table>\n
</div>\n
    </div>\n
\n
    <div class="mt-6">\n
            </div>\n
                    </div>\n
            </main>\n
        </div>\n
    </div>\n
\n
    \n
    \n
    \n
        \n
    </body>\n
</html>\n
' [UTF-8](length: 24014) does not contain "Other Cert" [ASCII](length: 10).

  at tests/Feature/Http/CoachStudent/IndexTest.php:57
     53▕ 
     54▕         // Assert
     55▕         $response->assertOk();
     56▕         $response->assertSee('Assigned Cert');
  ➜  57▕         $response->assertDontSee('Other Cert');
     58▕     }
     59▕ 
     60▕     public function test_guest_cannot_access(): void
     61▕     {

  ────────────────────────────────────────────────────────────────────────────  
   FAILED  Tests\Feature\Http\Dashboard\DashboardQueryCountTest > coach dash…   
  コーチダッシュボードの担当受講生一覧で N+1 が再発している (基準 13 → 増加後 31)。受講生情報・担当資格・最終活動日時を一括取得しているか確認
Failed asserting that 31 is equal to 16 or is less than 16.

  at tests/Feature/Http/Dashboard/DashboardQueryCountTest.php:72
     68▕         Enrollment::factory()->for($cert)->learning()->count(6)->create();
     69▕         $scaled = $this->countQueriesFor(fn () => $this->get(route('dashboard.index')));
     70▕ 
     71▕         // Assert: 担当受講生が増えても発行クエリ数はほぼ一定 (N+1 なら件数分増える)
  ➜  72▕         $this->assertLessThanOrEqual(
     73▕             $baseline + 3,
     74▕             $scaled,
     75▕             "コーチダッシュボードの担当受講生一覧で N+1 が再発している (基準 {$baseline} → 増加後 {$scaled})。受講生情報・担当資格・最終活動日時を一括取得しているか確認",
     76▕         );

  1   tests/Feature/Http/Dashboard/DashboardQueryCountTest.php:72

  ────────────────────────────────────────────────────────────────────────────  
   FAILED  Tests\Feature\Http\Enrollment\EnrollmentControllerTest > graduate…   
  Expected response status code [403] but received 302.
Failed asserting that 302 is identical to 403.

  at tests/Feature/Http/Enrollment/EnrollmentControllerTest.php:153
    149▕             'certification_id' => $certification->id,
    150▕         ]);
    151▕ 
    152▕         // Assert: active-learning Middleware で 403
  ➜ 153▕         $response->assertForbidden();
    154▕     }
    155▕ 
    156▕     public function test_coach_cannot_use_student_only_routes(): void
    157▕     {

  ────────────────────────────────────────────────────────────────────────────  
   FAILED  Tests\Feature\Http\Enrollment\EnrollmentControllerTest > receive…    
  Expected response status code [403] but received 409.
Failed asserting that 409 is identical to 403.

  at tests/Feature/Http/Enrollment/EnrollmentControllerTest.php:285
    281▕ 
    282▕         $response = $this->actingAs($graduated)->postJson(route('enrollments.receiveCertificate', $enrollment));
    283▕ 
    284▕         // active-learning Middleware で 403
  ➜ 285▕         $response->assertForbidden();
    286▕     }
    287▕ }
    288▕

  ────────────────────────────────────────────────────────────────────────────  
   FAILED  Tests\Feature\Http\Enrollment\UpdateExamDateTest > student can se…   
  Failed asserting that two strings are equal.
  -'http://localhost:8000/enrollments/01m163y5nkqj2pe57cxtmzd7v9'
  +'http://localhost:8000/dashboard'
  

  at tests/Feature/Http/Enrollment/UpdateExamDateTest.php:35
     31▕             ->from(route('enrollments.show', $enrollment))
     32▕             ->patch(route('enrollments.updateExamDate', $enrollment), ['exam_date' => $examDate]);
     33▕ 
     34▕         // Assert
  ➜  35▕         $response->assertRedirect(route('enrollments.show', $enrollment));
     36▕         $response->assertSessionHas('success');
     37▕         $this->assertDatabaseHas('enrollments', [
     38▕             'id' => $enrollment->id,
     39▕             'exam_date' => $examDate,

  ────────────────────────────────────────────────────────────────────────────  
   FAILED  Tests\Feature\Http\Invitation\ResendTest > admin can resend invit…   
  The expected [App\Mail\InvitationMail] mailable was not queued.
Failed asserting that false is true.

  at vendor/laravel/framework/src/Illuminate/Support/Testing/Fakes/MailFake.php:173
    169▕         if (is_numeric($callback)) {
    170▕             return $this->assertQueuedTimes($mailable, $callback);
    171▕         }
    172▕ 
  ➜ 173▕         PHPUnit::assertTrue(
    174▕             $this->queued($mailable, $callback)->count() > 0,
    175▕             "The expected [{$mailable}] mailable was not queued."
    176▕         );
    177▕     }

      [2m+2 vendor frames [22m
  3   tests/Feature/Http/Invitation/ResendTest.php:53

  ────────────────────────────────────────────────────────────────────────────  
   FAILED  Tests\Feature\Http\Invitation\StoreTest > admin can issue invitat…   
  The expected [App\Mail\InvitationMail] mailable was not queued.
Failed asserting that false is true.

  at vendor/laravel/framework/src/Illuminate/Support/Testing/Fakes/MailFake.php:173
    169▕         if (is_numeric($callback)) {
    170▕             return $this->assertQueuedTimes($mailable, $callback);
    171▕         }
    172▕ 
  ➜ 173▕         PHPUnit::assertTrue(
    174▕             $this->queued($mailable, $callback)->count() > 0,
    175▕             "The expected [{$mailable}] mailable was not queued."
    176▕         );
    177▕     }

      [2m+2 vendor frames [22m
  3   tests/Feature/Http/Invitation/StoreTest.php:59

  ────────────────────────────────────────────────────────────────────────────  
   FAILED  Tests\Feature\Http\Invitation\StoreTest > dispatches invitation m…   
  The expected [App\Mail\InvitationMail] mailable was not queued.
Failed asserting that false is true.

  at vendor/laravel/framework/src/Illuminate/Support/Testing/Fakes/MailFake.php:173
    169▕         if (is_numeric($callback)) {
    170▕             return $this->assertQueuedTimes($mailable, $callback);
    171▕         }
    172▕ 
  ➜ 173▕         PHPUnit::assertTrue(
    174▕             $this->queued($mailable, $callback)->count() > 0,
    175▕             "The expected [{$mailable}] mailable was not queued."
    176▕         );
    177▕     }

      [2m+2 vendor frames [22m
  3   tests/Feature/Http/Invitation/StoreTest.php:219

  ────────────────────────────────────────────────────────────────────────────  
   FAILED  Tests\Feature\Http\Learning\BrowseControllerTest > index 403 for…    
  Expected response status code [403] but received 200.
Failed asserting that 200 is identical to 403.

  at tests/Feature/Http/Learning/BrowseControllerTest.php:56
     52▕         $student = User::factory()->student()->graduated()->create();
     53▕ 
     54▕         $response = $this->actingAs($student)->get(route('learning.index'));
     55▕ 
  ➜  56▕         $response->assertForbidden();
     57▕     }
     58▕ 
     59▕     public function test_show_enrollment_for_passed_status_is_visible(): void
     60▕     {

  ────────────────────────────────────────────────────────────────────────────  
   FAILED  Tests\Feature\Http\Learning\BrowseControllerTest > show part forb…   
  Expected response status code [403] but received 200.
Failed asserting that 200 is identical to 403.

  at tests/Feature/Http/Learning/BrowseControllerTest.php:97
     93▕         $part = Part::factory()->create(['status' => ContentStatus::Published->value]);
     94▕ 
     95▕         $response = $this->actingAs($student)->get(route('learning.parts.show', $part));
     96▕ 
  ➜  97▕         $response->assertForbidden();
     98▕     }
     99▕ 
    100▕     public function test_show_chapter_404_when_draft_part(): void
    101▕     {

  ────────────────────────────────────────────────────────────────────────────  
   FAILED  Tests\Feature\Http\Learning\BrowseControllerTest > show section f…   
  Expected response status code [403] but received 200.
Failed asserting that 200 is identical to 403.

  at tests/Feature/Http/Learning/BrowseControllerTest.php:159
    155▕     public function test_show_section_for_failed_enrollment_returns_403(): void
    156▕     {
    157▕         [$student, $certification, $section] = $this->buildSectionFor(EnrollmentStatus::Failed);
    158▕ 
  ➜ 159▕         $this->actingAs($student)->get(route('learning.sections.show', $section))->assertForbidden();
    160▕     }
    161▕ 
    162▕     public function test_show_part_404_when_certification_archived(): void
    163▕     {

  ────────────────────────────────────────────────────────────────────────────  
   FAILED  Tests\Feature\Http\Learning\BrowseControllerTest > show part 404…    
  Expected response status code [404] but received 200.
Failed asserting that 200 is identical to 404.

  at tests/Feature/Http/Learning/BrowseControllerTest.php:168
    164▕         [$student, $part] = $this->buildArchivedCertificationPart();
    165▕ 
    166▕         $this->actingAs($student)
    167▕             ->get(route('learning.parts.show', $part))
  ➜ 168▕             ->assertNotFound();
    169▕     }
    170▕ 
    171▕     public function test_show_chapter_404_when_certification_archived(): void
    172▕     {

  ────────────────────────────────────────────────────────────────────────────  
   FAILED  Tests\Feature\Http\Learning\BrowseControllerTest > show chapter 4…   
  Expected response status code [404] but received 200.
Failed asserting that 200 is identical to 404.

  at tests/Feature/Http/Learning/BrowseControllerTest.php:178
    174▕         $chapter = Chapter::factory()->for($part)->create(['status' => ContentStatus::Published->value]);
    175▕ 
    176▕         $this->actingAs($student)
    177▕             ->get(route('learning.chapters.show', $chapter))
  ➜ 178▕             ->assertNotFound();
    179▕     }
    180▕ 
    181▕     public function test_show_section_404_when_certification_archived(): void
    182▕     {

  ────────────────────────────────────────────────────────────────────────────  
   FAILED  Tests\Feature\Http\Learning\BrowseControllerTest > show section 4…   
  Expected response status code [404] but received 200.
Failed asserting that 200 is identical to 404.

  at tests/Feature/Http/Learning/BrowseControllerTest.php:192
    188▕         ]);
    189▕ 
    190▕         $this->actingAs($student)
    191▕             ->get(route('learning.sections.show', $section))
  ➜ 192▕             ->assertNotFound();
    193▕     }
    194▕ 
    195▕     /**
    196▕      * @return array{0: User, 1: Certification}

  ────────────────────────────────────────────────────────────────────────────  
   FAILED  Tests\Feature\Http\Meeting\MeetingControllerTest > graduated stud…   
  Expected response status code [403] but received 200.
Failed asserting that 200 is identical to 403.

  at tests/Feature/Http/Meeting/MeetingControllerTest.php:255
    251▕         $enrollment = Enrollment::factory()->for($student, 'user')->for($certification)->learning()->create();
    252▕ 
    253▕         $response = $this->actingAs($student)->get(route('meetings.create', $enrollment));
    254▕ 
  ➜ 255▕         $response->assertForbidden();
    256▕     }
    257▕ 
    258▕     public function test_store_blocks_double_booking_for_same_coach_and_slot(): void
    259▕     {

  ────────────────────────────────────────────────────────────────────────────  
   FAILED  Tests\Feature\Http\Meeting\MeetingControllerTest > store blocks d…   
  Session is missing expected key [error].
Failed asserting that false is true.

  at tests/Feature/Http/Meeting/MeetingControllerTest.php:289
    285▕             ]);
    286▕ 
    287▕         // Assert: 二重予約は成立せず、新規 reserved は作られない(canceled の 1 件のみが残る)
    288▕         $response->assertRedirect();
  ➜ 289▕         $response->assertSessionHas('error');
    290▕         $this->assertSame(
    291▕             0,
    292▕             Meeting::query()->where('status', MeetingStatus::Reserved->value)->count(),
    293▕             '同コーチ・同時刻の二重予約は (coach_id, scheduled_at) UNIQUE で阻止されるはず',

  ────────────────────────────────────────────────────────────────────────────  
   FAILED  Tests\Feature\Http\Meeting\MeetingControllerTest > cancel refunds…   
  Failed asserting that a row in the table [meeting_quota_transactions] matches the attributes {
    "user_id": "01m163yc1z848qc6skqtmt0rwy",
    "related_meeting_id": "01m163yc24ebyyk1d6m99h2yq7",
    "type": "refunded",
    "amount": 1
}.

The table is empty.

  at tests/Feature/Http/Meeting/MeetingControllerTest.php:312
    308▕ 
    309▕         // Assert: キャンセル成立 + 消費分 1 回が返却記録として作られる
    310▕         $response->assertRedirect();
    311▕         $this->assertSame(MeetingStatus::Canceled, $meeting->fresh()->status);
  ➜ 312▕         $this->assertDatabaseHas('meeting_quota_transactions', [
    313▕             'user_id' => $student->id,
    314▕             'related_meeting_id' => $meeting->id,
    315▕             'type' => MeetingQuotaTransactionType::Refunded->value,
    316▕             'amount' => 1,

  ────────────────────────────────────────────────────────────────────────────  
   FAILED  Tests\Feature\Http\MockExam\MockExamIndexQueryCountTest > index q…   
  模試マスタ一覧で N+1 が再発している (基準 8 → 増加後 28)。所属資格 / 作成者 / 更新者 / 問題数を Eager Loading + withCount で一括取得しているか確認
Failed asserting that 28 is equal to 11 or is less than 11.

  at tests/Feature/Http/MockExam/MockExamIndexQueryCountTest.php:40
     36▕             fn () => $this->actingAs($admin)->get(route('admin.mock-exams.index'))
     37▕         );
     38▕ 
     39▕         // Assert: 模試が増えても発行クエリ数はほぼ一定 (N+1 なら件数分増える)
  ➜  40▕         $this->assertLessThanOrEqual(
     41▕             $baseline + 3,
     42▕             $scaled,
     43▕             "模試マスタ一覧で N+1 が再発している (基準 {$baseline} → 増加後 {$scaled})。所属資格 / 作成者 / 更新者 / 問題数を Eager Loading + withCount で一括取得しているか確認",
     44▕         );

  1   tests/Feature/Http/MockExam/MockExamIndexQueryCountTest.php:40

  ────────────────────────────────────────────────────────────────────────────  
   FAILED  Tests\Feature\Http\MockExamCatalog\IndexShowTest > graduated user…   
  Expected response status code [403] but received 200.
Failed asserting that 200 is identical to 403.

  at tests/Feature/Http/MockExamCatalog/IndexShowTest.php:70
     66▕         $enrollment = Enrollment::factory()->for($student)->for($cert)->passed()->create();
     67▕ 
     68▕         $this->actingAs($student)
     69▕             ->get(route('mock-exam.catalog.index', $enrollment))
  ➜  70▕             ->assertForbidden();
     71▕     }
     72▕ 
     73▕     public function test_show_returns_404_when_mock_exam_belongs_to_other_certification(): void
     74▕     {

  ────────────────────────────────────────────────────────────────────────────  
   FAILED  Tests\Feature\Http\MockExamSession\LifecycleTest > submit grades…    
  Failed asserting that 0.75 matches expected 75.0.

  at tests/Feature/Http/MockExamSession/LifecycleTest.php:174
    170▕ 
    171▕         $session->refresh();
    172▕         $this->assertSame(MockExamSessionStatus::Graded, $session->status);
    173▕         $this->assertSame(3, $session->total_correct);
  ➜ 174▕         $this->assertEquals(75.00, (float) $session->score_percentage);
    175▕         $this->assertTrue($session->pass);
    176▕         // 提出により実践ターム継続(submitted/graded は mock_practice 判定対象)
    177▕         $this->assertSame(TermType::MockPractice, $enrollment->refresh()->current_term);
    178▕     }

  1   tests/Feature/Http/MockExamSession/LifecycleTest.php:174

  ────────────────────────────────────────────────────────────────────────────  
   FAILED  Tests\Feature\Http\MockExamSession\LifecycleTest > destroy cancel…   
  Failed asserting that two variables reference the same object.
  -App\Enums\TermType Enum #16441 (BasicLearning, 'basic_learning')
  +App\Enums\TermType Enum #16436 (MockPractice, 'mock_practice')
  

  at tests/Feature/Http/MockExamSession/LifecycleTest.php:208
    204▕         $session->refresh();
    205▕         $this->assertSame(MockExamSessionStatus::Canceled, $session->status);
    206▕         $this->assertNotNull($session->canceled_at);
    207▕         // TermJudgementService が basic_learning に戻る(他に進行中 mock がない場合)
  ➜ 208▕         $this->assertSame(TermType::BasicLearning, $enrollment->refresh()->current_term);
    209▕     }
    210▕ 
    211▕     public function test_destroy_rejects_in_progress_session(): void
    212▕     {

  1   tests/Feature/Http/MockExamSession/LifecycleTest.php:208

  ────────────────────────────────────────────────────────────────────────────  
   FAILED  Tests\Feature\Http\Part\IndexTest > assigned coach can view parts    
  Expected response status code [200] but received 403.
Failed asserting that 403 is identical to 200.

  at tests/Feature/Http/Part/IndexTest.php:40
     36▕         Part::factory()->forCertification($cert)->create();
     37▕ 
     38▕         $this->actingAs($coach)
     39▕             ->get(route('admin.certifications.parts.index', $cert))
  ➜  40▕             ->assertOk();
     41▕     }
     42▕ 
     43▕     public function test_non_assigned_coach_cannot_view_parts(): void
     44▕     {

  ────────────────────────────────────────────────────────────────────────────  
   FAILED  Tests\Feature\Http\Part\IndexTest > parts are listed in order asc…   
  Part 一覧は order 昇順で並ぶはず(登録順ではない)
Failed asserting that two arrays are identical.
   Array &0 [
  -    0 => 1,
  -    1 => 2,
  -    2 => 3,
  +    0 => 3,
  +    1 => 1,
  +    2 => 2,
   ]
  

  at tests/Feature/Http/Part/IndexTest.php:78
     74▕             ->get(route('admin.certifications.parts.index', $cert));
     75▕ 
     76▕         // Assert: 登録順(3,1,2)ではなく order 昇順(1,2,3)で並ぶ
     77▕         $response->assertOk();
  ➜  78▕         $this->assertSame(
     79▕             [1, 2, 3],
     80▕             $response->viewData('parts')->pluck('order')->all(),
     81▕             'Part 一覧は order 昇順で並ぶはず(登録順ではない)',
     82▕         );

  1   tests/Feature/Http/Part/IndexTest.php:78

  ────────────────────────────────────────────────────────────────────────────  
   FAILED  Tests\Feature\Http\Part\ShowTest > chapters are listed in order a…   
  Part 詳細の Chapter 一覧は order 昇順で並ぶはず(登録順ではない)
Failed asserting that two arrays are identical.
   Array &0 [
  -    0 => 1,
  -    1 => 2,
  -    2 => 3,
  +    0 => 3,
  +    1 => 1,
  +    2 => 2,
   ]
  

  at tests/Feature/Http/Part/ShowTest.php:38
     34▕             ->get(route('admin.parts.show', $part));
     35▕ 
     36▕         // Assert: 登録順(3,1,2)ではなく order 昇順(1,2,3)で並ぶ
     37▕         $response->assertOk();
  ➜  38▕         $this->assertSame(
     39▕             [1, 2, 3],
     40▕             $response->viewData('part')->chapters->pluck('order')->all(),
     41▕             'Part 詳細の Chapter 一覧は order 昇順で並ぶはず(登録順ではない)',
     42▕         );

  1   tests/Feature/Http/Part/ShowTest.php:38

  ────────────────────────────────────────────────────────────────────────────  
   FAILED  Tests\Feature\Http\SectionQuiz\ShowTest > graduated blocked by mi…   
  Expected response status code [403] but received 200.
Failed asserting that 200 is identical to 403.

  at tests/Feature/Http/SectionQuiz/ShowTest.php:70
     66▕         $student->update(['status' => UserStatus::Graduated->value]);
     67▕ 
     68▕         $this->actingAs($student->fresh())
     69▕             ->get(route('quiz.sections.show', $section))
  ➜  70▕             ->assertForbidden();
     71▕     }
     72▕ 
     73▕     /**
     74▕      * @return array{0: User, 1: Section}

  ────────────────────────────────────────────────────────────────────────────  
   FAILED  Tests\Feature\Http\Settings\UpdateDefaultEnrollmentTest > graduat…   
  Expected response status code [403] but received 302.
Failed asserting that 302 is identical to 403.

  at tests/Feature/Http/Settings/UpdateDefaultEnrollmentTest.php:120
    116▕ 
    117▕         $response = $this->actingAs($student)
    118▕             ->put(route('settings.default-enrollment.update', $enrollment));
    119▕ 
  ➜ 120▕         $response->assertForbidden();
    121▕     }
    122▕ 
    123▕     public function test_unauthenticated_request_is_redirected_to_login(): void
    124▕     {

  ────────────────────────────────────────────────────────────────────────────  
   FAILED  Tests\Feature\Http\SettingsProfile\Availability\StoreTest > coach…   
  Failed asserting that a row in the table [coach_availabilities] matches the attributes {
    "coach_id": "01m163z063spc81a16hzsxtmvp",
    "day_of_week": 1,
    "start_time": "09:00:00",
    "end_time": "12:00:00",
    "is_active": 1
}.

Found similar results: [
    {
        "coach_id": "01m163z063spc81a16hzsxtmvp",
        "day_of_week": 1,
        "start_time": "09:00",
        "end_time": "12:00",
        "is_active": 1
    }
].

  at tests/Feature/Http/SettingsProfile/Availability/StoreTest.php:29
     25▕ 
     26▕         $response->assertRedirect(route('settings.availability.index'));
     27▕         $response->assertSessionHas('success', '面談可能時間枠を追加しました。');
     28▕ 
  ➜  29▕         $this->assertDatabaseHas('coach_availabilities', [
     30▕             'coach_id' => $coach->id,
     31▕             'day_of_week' => 1,
     32▕             'start_time' => '09:00:00',
     33▕             'end_time' => '12:00:00',

  ────────────────────────────────────────────────────────────────────────────  
   FAILED  Tests\Feature\Http\SettingsProfile\Availability\UpdateTest > coac…   
  Failed asserting that a row in the table [coach_availabilities] matches the attributes {
    "id": "01m163z0wg6w37ntxt29tnswvp",
    "day_of_week": 3,
    "start_time": "13:00:00",
    "end_time": "18:00:00",
    "is_active": 1
}.

Found similar results: [
    {
        "id": "01m163z0wg6w37ntxt29tnswvp",
        "day_of_week": 3,
        "start_time": "13:00",
        "end_time": "18:00",
        "is_active": 1
    }
].

  at tests/Feature/Http/SettingsProfile/Availability/UpdateTest.php:31
     27▕ 
     28▕         $response->assertRedirect(route('settings.availability.index'));
     29▕         $response->assertSessionHas('success', '面談可能時間枠を更新しました。');
     30▕ 
  ➜  31▕         $this->assertDatabaseHas('coach_availabilities', [
     32▕             'id' => $availability->id,
     33▕             'day_of_week' => 3,
     34▕             'start_time' => '13:00:00',
     35▕             'end_time' => '18:00:00',

  ────────────────────────────────────────────────────────────────────────────  
   FAILED  Tests\Feature\Http\User\IndexTest > status filter excludes withdr…   
  Failed asserting that '<!DOCTYPE html>\n
<html lang="ja">\n
<head>\n
    <meta charset="UTF-8">\n
    <meta name="viewport" content="width=device-width, initial-scale=1.0">\n
    <meta name="csrf-token" content="diUNFryJQYCCFN3m8VNnyH0lcdB03UecdfmB4Ajb">\n
            <meta name="auth-user-id" content="01m163z39335wrks7txx11x4f1">\n
        <title>ユーザー管理</title>\n
\n
    <link rel="icon" type="image/svg+xml" href="http://localhost:8000/favicon.svg">\n
\n
    <script type="module" src="http://localhost:5174/@vite/client"></script><link rel="stylesheet" href="http://localhost:5174/resources/css/app.css" /><script type="module" src="http://localhost:5174/resources/js/app.js"></script></head>\n
<body class="min-h-screen bg-surface-canvas text-ink-900">\n
    <div class="lg:grid lg:grid-cols-[256px_1fr] min-h-screen">\n
        \n
        <aside\n
            data-sidebar\n
            class="fixed lg:sticky lg:top-0 left-0 z-30 h-screen w-64 bg-surface-raised border-r border-subtle overflow-y-auto transform -translate-x-full lg:translate-x-0 transition-transform duration-normal ease-out-quint"\n
        >\n
                            <nav class="flex flex-col gap-1 px-3 py-4" aria-label="メインナビゲーション">\n
    <a href="http://localhost:8000/dashboard" class="flex items-center gap-2.5 px-2 pt-1.5 pb-3.5 mb-2 border-b border-subtle">\n
        <img src="http://localhost:8000/images/logo/logo-mark.svg" alt="" class="w-7 h-7">\n
        <span class="font-display text-[18px] leading-none tracking-[-0.02em] text-ink-900">\n
            <span class="font-extrabold">Certify</span><span class="font-medium text-secondary-600"> LMS</span>\n
        </span>\n
                    <span class="ml-auto rounded-full px-2 py-0.5 text-[10px] font-bold tracking-wider bg-primary-100 text-primary-800">ADMIN</span>\n
            </a>\n
\n
    <a\n
        href="http://localhost:8000/dashboard"\n
                class="group relative flex items-center gap-2.5 px-3 py-2 rounded-[10px] text-sm transition-colors duration-fast text-ink-700 font-medium hover:bg-ink-50 hover:text-ink-900"\n
    >\n
        \n
                    <svg aria-hidden="true" class="w-5 h-5 flex-shrink-0 text-ink-500 group-hover:text-ink-700" xmlns="http://www.w3.org/2000/svg" fill="none" viewBox="0 0 24 24" stroke-width="1.5" stroke="currentColor" aria-hidden="true" data-slot="icon">\n
  <path stroke-linecap="round" stroke-linejoin="round" d="m2.25 12 8.954-8.955c.44-.439 1.152-.439 1.591 0L21.75 12M4.5 9.75v10.125c0 .621.504 1.125 1.125 1.125H9.75v-4.875c0-.621.504-1.125 1.125-1.125h2.25c.621 0 1.125.504 1.125 1.125V21h4.125c.621 0 1.125-.504 1.125-1.125V9.75M8.25 21h8.25"/>\n
</svg>\n
        \n
        <span class="flex-1 truncate">ダッシュボード</span>\n
\n
            </a>\n
\n
    <div class="px-3 pt-4 pb-1.5">\n
        <h6 class="text-[10px] font-bold uppercase tracking-[0.08em] text-ink-400">運用</h6>\n
    </div>\n
    <a\n
        href="http://localhost:8000/admin/users"\n
         aria-current="page"         class="group relative flex items-center gap-2.5 px-3 py-2 rounded-[10px] text-sm transition-colors duration-fast bg-gradient-to-r from-primary-50 to-transparent text-primary-700 font-semibold"\n
    >\n
                    <span aria-hidden="true" class="absolute left-0 top-2 bottom-2 w-[3px] bg-primary-600 rounded-r-[4px]"></span>\n
        \n
                    <svg aria-hidden="true" class="w-5 h-5 flex-shrink-0 text-primary-600" xmlns="http://www.w3.org/2000/svg" fill="none" viewBox="0 0 24 24" stroke-width="1.5" stroke="currentColor" aria-hidden="true" data-slot="icon">\n
  <path stroke-linecap="round" stroke-linejoin="round" d="M15 19.128a9.38 9.38 0 0 0 2.625.372 9.337 9.337 0 0 0 4.121-.952 4.125 4.125 0 0 0-7.533-2.493M15 19.128v-.003c0-1.113-.285-2.16-.786-3.07M15 19.128v.106A12.318 12.318 0 0 1 8.624 21c-2.331 0-4.512-.645-6.374-1.766l-.001-.109a6.375 6.375 0 0 1 11.964-3.07M12 6.375a3.375 3.375 0 1 1-6.75 0 3.375 3.375 0 0 1 6.75 0Zm8.25 2.25a2.625 2.625 0 1 1-5.25 0 2.625 2.625 0 0 1 5.25 0Z"/>\n
</svg>\n
        \n
        <span class="flex-1 truncate">ユーザー管理</span>\n
\n
            </a>\n
    <a\n
        href="http://localhost:8000/enrollments"\n
                class="group relative flex items-center gap-2.5 px-3 py-2 rounded-[10px] text-sm transition-colors duration-fast text-ink-700 font-medium hover:bg-ink-50 hover:text-ink-900"\n
    >\n
        \n
                    <svg aria-hidden="true" class="w-5 h-5 flex-shrink-0 text-ink-500 group-hover:text-ink-700" xmlns="http://www.w3.org/2000/svg" fill="none" viewBox="0 0 24 24" stroke-width="1.5" stroke="currentColor" aria-hidden="true" data-slot="icon">\n
  <path stroke-linecap="round" stroke-linejoin="round" d="M9 12h3.75M9 15h3.75M9 18h3.75m3 .75H18a2.25 2.25 0 0 0 2.25-2.25V6.108c0-1.135-.845-2.098-1.976-2.192a48.424 48.424 0 0 0-1.123-.08m-5.801 0c-.065.21-.1.433-.1.664 0 .414.336.75.75.75h4.5a.75.75 0 0 0 .75-.75 2.25 2.25 0 0 0-.1-.664m-5.8 0A2.251 2.251 0 0 1 13.5 2.25H15c1.012 0 1.867.668 2.15 1.586m-5.8 0c-.376.023-.75.05-1.124.08C9.095 4.01 8.25 4.973 8.25 6.108V8.25m0 0H4.875c-.621 0-1.125.504-1.125 1.125v11.25c0 .621.504 1.125 1.125 1.125h9.75c.621 0 1.125-.504 1.125-1.125V9.375c0-.621-.504-1.125-1.125-1.125H8.25ZM6.75 12h.008v.008H6.75V12Zm0 3h.008v.008H6.75V15Zm0 3h.008v.008H6.75V18Z"/>\n
</svg>\n
        \n
        <span class="flex-1 truncate">受講登録管理</span>\n
\n
            </a>\n
            <a\n
        href="http://localhost:8000/admin/certifications"\n
                class="group relative flex items-center gap-2.5 px-3 py-2 rounded-[10px] text-sm transition-colors duration-fast text-ink-700 font-medium hover:bg-ink-50 hover:text-ink-900"\n
    >\n
        \n
                    <svg aria-hidden="true" class="w-5 h-5 flex-shrink-0 text-ink-500 group-hover:text-ink-700" xmlns="http://www.w3.org/2000/svg" fill="none" viewBox="0 0 24 24" stroke-width="1.5" stroke="currentColor" aria-hidden="true" data-slot="icon">\n
  <path stroke-linecap="round" stroke-linejoin="round" d="M4.26 10.147a60.438 60.438 0 0 0-.491 6.347A48.62 48.62 0 0 1 12 20.904a48.62 48.62 0 0 1 8.232-4.41 60.46 60.46 0 0 0-.491-6.347m-15.482 0a50.636 50.636 0 0 0-2.658-.813A59.906 59.906 0 0 1 12 3.493a59.903 59.903 0 0 1 10.399 5.84c-.896.248-1.783.52-2.658.814m-15.482 0A50.717 50.717 0 0 1 12 13.489a50.702 50.702 0 0 1 7.74-3.342M6.75 15a.75.75 0 1 0 0-1.5.75.75 0 0 0 0 1.5Zm0 0v-3.675A55.378 55.378 0 0 1 12 8.443m-7.007 11.55A5.981 5.981 0 0 0 6.75 15.75v-1.5"/>\n
</svg>\n
        \n
        <span class="flex-1 truncate">資格マスタ管理</span>\n
\n
            </a>\n
    <a\n
        href="http://localhost:8000/admin/mock-exams"\n
                class="group relative flex items-center gap-2.5 px-3 py-2 rounded-[10px] text-sm transition-colors duration-fast text-ink-700 font-medium hover:bg-ink-50 hover:text-ink-900"\n
    >\n
        \n
                    <svg aria-hidden="true" class="w-5 h-5 flex-shrink-0 text-ink-500 group-hover:text-ink-700" xmlns="http://www.w3.org/2000/svg" fill="none" viewBox="0 0 24 24" stroke-width="1.5" stroke="currentColor" aria-hidden="true" data-slot="icon">\n
  <path stroke-linecap="round" stroke-linejoin="round" d="M11.35 3.836c-.065.21-.1.433-.1.664 0 .414.336.75.75.75h4.5a.75.75 0 0 0 .75-.75 2.25 2.25 0 0 0-.1-.664m-5.8 0A2.251 2.251 0 0 1 13.5 2.25H15c1.012 0 1.867.668 2.15 1.586m-5.8 0c-.376.023-.75.05-1.124.08C9.095 4.01 8.25 4.973 8.25 6.108V8.25m8.9-4.414c.376.023.75.05 1.124.08 1.131.094 1.976 1.057 1.976 2.192V16.5A2.25 2.25 0 0 1 18 18.75h-2.25m-7.5-10.5H4.875c-.621 0-1.125.504-1.125 1.125v11.25c0 .621.504 1.125 1.125 1.125h9.75c.621 0 1.125-.504 1.125-1.125V18.75m-7.5-10.5h6.375c.621 0 1.125.504 1.125 1.125v9.375m-8.25-3 1.5 1.5 3-3.75"/>\n
</svg>\n
        \n
        <span class="flex-1 truncate">模試マスタ管理</span>\n
\n
            </a>\n
    <a\n
        href="http://localhost:8000/admin/mock-exam-sessions"\n
                class="group relative flex items-center gap-2.5 px-3 py-2 rounded-[10px] text-sm transition-colors duration-fast text-ink-700 font-medium hover:bg-ink-50 hover:text-ink-900"\n
    >\n
        \n
                    <svg aria-hidden="true" class="w-5 h-5 flex-shrink-0 text-ink-500 group-hover:text-ink-700" xmlns="http://www.w3.org/2000/svg" fill="none" viewBox="0 0 24 24" stroke-width="1.5" stroke="currentColor" aria-hidden="true" data-slot="icon">\n
  <path stroke-linecap="round" stroke-linejoin="round" d="M10.5 6a7.5 7.5 0 1 0 7.5 7.5h-7.5V6Z"/>\n
  <path stroke-linecap="round" stroke-linejoin="round" d="M13.5 10.5H21A7.5 7.5 0 0 0 13.5 3v7.5Z"/>\n
</svg>\n
        \n
        <span class="flex-1 truncate">受験セッション閲覧</span>\n
\n
            </a>\n
    \n
    <div class="px-3 pt-4 pb-1.5">\n
        <h6 class="text-[10px] font-bold uppercase tracking-[0.08em] text-ink-400">監査</h6>\n
    </div>\n
    <a\n
        href="http://localhost:8000/admin/chat-rooms"\n
                class="group relative flex items-center gap-2.5 px-3 py-2 rounded-[10px] text-sm transition-colors duration-fast text-ink-700 font-medium hover:bg-ink-50 hover:text-ink-900"\n
    >\n
        \n
                    <svg aria-hidden="true" class="w-5 h-5 flex-shrink-0 text-ink-500 group-hover:text-ink-700" xmlns="http://www.w3.org/2000/svg" fill="none" viewBox="0 0 24 24" stroke-width="1.5" stroke="currentColor" aria-hidden="true" data-slot="icon">\n
  <path stroke-linecap="round" stroke-linejoin="round" d="M20.25 8.511c.884.284 1.5 1.128 1.5 2.097v4.286c0 1.136-.847 2.1-1.98 2.193-.34.027-.68.052-1.02.072v3.091l-3-3c-1.354 0-2.694-.055-4.02-.163a2.115 2.115 0 0 1-.825-.242m9.345-8.334a2.126 2.126 0 0 0-.476-.095 48.64 48.64 0 0 0-8.048 0c-1.131.094-1.976 1.057-1.976 2.192v4.286c0 .837.46 1.58 1.155 1.951m9.345-8.334V6.637c0-1.621-1.152-3.026-2.76-3.235A48.455 48.455 0 0 0 11.25 3c-2.115 0-4.198.137-6.24.402-1.608.209-2.76 1.614-2.76 3.235v6.226c0 1.621 1.152 3.026 2.76 3.235.577.075 1.157.14 1.74.194V21l4.155-4.155"/>\n
</svg>\n
        \n
        <span class="flex-1 truncate">chat 監査</span>\n
\n
            </a>\n
    <a\n
        href="http://localhost:8000/admin/qa-board"\n
                class="group relative flex items-center gap-2.5 px-3 py-2 rounded-[10px] text-sm transition-colors duration-fast text-ink-700 font-medium hover:bg-ink-50 hover:text-ink-900"\n
    >\n
        \n
                    <svg aria-hidden="true" class="w-5 h-5 flex-shrink-0 text-ink-500 group-hover:text-ink-700" xmlns="http://www.w3.org/2000/svg" fill="none" viewBox="0 0 24 24" stroke-width="1.5" stroke="currentColor" aria-hidden="true" data-slot="icon">\n
  <path stroke-linecap="round" stroke-linejoin="round" d="M9.879 7.519c1.171-1.025 3.071-1.025 4.242 0 1.172 1.025 1.172 2.687 0 3.712-.203.179-.43.326-.67.442-.745.361-1.45.999-1.45 1.827v.75M21 12a9 9 0 1 1-18 0 9 9 0 0 1 18 0Zm-9 5.25h.008v.008H12v-.008Z"/>\n
</svg>\n
        \n
        <span class="flex-1 truncate">質問掲示板モデレーション</span>\n
\n
            </a>\n
</nav>\n
                    </aside>\n
\n
        \n
        <div\n
            data-sidebar-backdrop\n
            class="hidden lg:hidden fixed inset-0 z-20 bg-ink-900/60 backdrop-blur-sm"\n
        ></div>\n
\n
        <div class="flex flex-col min-w-0">\n
            <header class="sticky top-0 z-20 flex items-center gap-3 lg:gap-4 px-4 lg:px-8 py-3 border-b border-subtle bg-surface-canvas/85 backdrop-blur-md">\n
    \n
    <button\n
        type="button"\n
        data-sidebar-toggle\n
        aria-label="メニューを開く"\n
        aria-expanded="false"\n
        class="lg:hidden inline-flex h-9 w-9 items-center justify-center rounded-[10px] text-ink-700 hover:bg-ink-50 transition-colors"\n
    >\n
        <svg aria-hidden="true" class="w-5 h-5" xmlns="http://www.w3.org/2000/svg" fill="none" viewBox="0 0 24 24" stroke-width="1.5" stroke="currentColor" aria-hidden="true" data-slot="icon">\n
  <path stroke-linecap="round" stroke-linejoin="round" d="M3.75 6.75h16.5M3.75 12h16.5m-16.5 5.25h16.5"/>\n
</svg>\n
    </button>\n
\n
    \n
    \n
    <div class="flex-1"></div>\n
\n
    \n
    \n
    \n
            <div data-dropdown class="relative inline-block">\n
            <div data-dropdown-trigger aria-haspopup="menu" aria-expanded="false">\n
            <button type="button" class="flex items-center gap-2 pl-1 pr-3 py-1 rounded-full hover:bg-ink-50 transition-colors">\n
                    <span\n
        aria-label="津田 洋介 のアバター"\n
        class="w-6 h-6 text-[10px] rounded-full inline-flex items-center justify-center font-semibold select-none bg-primary-100 text-primary-800 w-7 h-7"\n
    >\n
        津\n
    </span>\n
                    <span class="hidden md:inline text-xs font-semibold text-ink-900">津田 洋介</span>\n
                    <svg aria-hidden="true" class="hidden md:block w-3 h-3 text-ink-500" xmlns="http://www.w3.org/2000/svg" fill="none" viewBox="0 0 24 24" stroke-width="1.5" stroke="currentColor" aria-hidden="true" data-slot="icon">\n
  <path stroke-linecap="round" stroke-linejoin="round" d="m19.5 8.25-7.5 7.5-7.5-7.5"/>\n
</svg>\n
                </button>\n
        </div>\n
    \n
    <div\n
        data-dropdown-menu\n
        role="menu"\n
        class="absolute right-0 top-full mt-1 z-40 hidden min-w-[12rem] py-1 bg-surface-raised border border-subtle rounded-md shadow-md"\n
    >\n
        <form novalidate method="POST" action="http://localhost:8000/logout" id="dd-form-453d389ba65c718d447c2a2d2d40ce5b" class="block">\n
        <input type="hidden" name="_token" value="diUNFryJQYCCFN3m8VNnyH0lcdB03UecdfmB4Ajb" autocomplete="off">        <input type="hidden" name="_method" value="POST">    </form>\n
    <button\n
        type="submit"\n
        form="dd-form-453d389ba65c718d447c2a2d2d40ce5b"\n
        role="menuitem"\n
        class="flex w-full items-center gap-2 px-3 py-2 text-sm transition-colors duration-fast text-ink-900 hover:bg-ink-50"\n
    >\n
        <svg aria-hidden="true" class="w-4 h-4" xmlns="http://www.w3.org/2000/svg" fill="none" viewBox="0 0 24 24" stroke-width="1.5" stroke="currentColor" aria-hidden="true" data-slot="icon">\n
  <path stroke-linecap="round" stroke-linejoin="round" d="M15.75 9V5.25A2.25 2.25 0 0 0 13.5 3h-6a2.25 2.25 0 0 0-2.25 2.25v13.5A2.25 2.25 0 0 0 7.5 21h6a2.25 2.25 0 0 0 2.25-2.25V15m3 0 3-3m0 0-3-3m3 3H9"/>\n
</svg>\n
        ログアウト\n
    </button>\n
    </div>\n
</div>\n
    </header>\n
\n
            <main class="flex-1">\n
                <div class="max-w-7xl mx-auto px-4 lg:px-8 py-6 lg:py-8">\n
                        <nav aria-label="パンくず" >\n
    <ol class="flex items-center gap-1.5 text-sm text-ink-500">\n
                                <li class="flex items-center gap-1.5">\n
                                    <a href="http://localhost:8000/dashboard" class="hover:text-primary-700 transition-colors">ダッシュボード</a>\n
                \n
                                    <svg aria-hidden="true" class="w-4 h-4 text-ink-300" xmlns="http://www.w3.org/2000/svg" fill="none" viewBox="0 0 24 24" stroke-width="1.5" stroke="currentColor" aria-hidden="true" data-slot="icon">\n
  <path stroke-linecap="round" stroke-linejoin="round" d="m8.25 4.5 7.5 7.5-7.5 7.5"/>\n
</svg>\n
                            </li>\n
                                <li class="flex items-center gap-1.5">\n
                                    <span  aria-current="page" class="text-ink-700 font-medium" >ユーザー管理</span>\n
                \n
                            </li>\n
            </ol>\n
</nav>\n
\n
    <div class="mt-4 flex items-center justify-between gap-4 flex-wrap">\n
        <div>\n
            <h1 class="text-2xl font-bold text-ink-900">ユーザー管理</h1>\n
            <p class="text-sm text-ink-500 mt-1">\n
                受講生 / コーチ / 管理者の招待・退会・プラン延長・面談付与を行います。\n
                <span class="font-semibold text-ink-700">3 名</span>\n
            </p>\n
        </div>\n
        <button\n
    type="button"\n
            class="inline-flex items-center justify-center gap-1.5 rounded-md font-semibold transition-colors duration-fast ease-out-quint focus-visible:outline-none focus-visible:ring-2 focus-visible:ring-offset-2 focus-visible:ring-primary-500 bg-primary-600 text-white hover:bg-primary-700 px-4 py-2 text-sm" data-modal-trigger="invite-user-modal"\n
>\n
        <svg aria-hidden="true" class="w-4 h-4" xmlns="http://www.w3.org/2000/svg" fill="none" viewBox="0 0 24 24" stroke-width="1.5" stroke="currentColor" aria-hidden="true" data-slot="icon">\n
  <path stroke-linecap="round" stroke-linejoin="round" d="M12 4.5v15m7.5-7.5h-15"/>\n
</svg>\n
            ユーザーを招待\n
</button>\n
    </div>\n
\n
    \n
    <div class="bg-surface-raised border border-subtle rounded-2xl shadow-sm transition-colors duration-fast hover:border-primary-200 hover:shadow-md mt-6">\n
    \n
    <div class="p-4">\n
        <form novalidate method="GET" action="http://localhost:8000/admin/users" class="grid gap-3 sm:grid-cols-[1fr_180px_180px_auto]">\n
            <div class="relative">\n
                <svg aria-hidden="true" class="absolute left-3 top-1/2 -translate-y-1/2 w-4 h-4 text-ink-500" xmlns="http://www.w3.org/2000/svg" fill="none" viewBox="0 0 24 24" stroke-width="1.5" stroke="currentColor" aria-hidden="true" data-slot="icon">\n
  <path stroke-linecap="round" stroke-linejoin="round" d="m21 21-5.197-5.197m0 0A7.5 7.5 0 1 0 5.196 5.196a7.5 7.5 0 0 0 10.607 10.607Z"/>\n
</svg>\n
                <input\n
                    type="search"\n
                    name="keyword"\n
                    value=""\n
                    placeholder="氏名・メールで検索"\n
                    maxlength="100"\n
                    class="w-full text-sm py-2 pl-9 pr-3 rounded-md bg-white border border-ink-200 placeholder:text-ink-400 focus:outline-none focus:border-primary-500 focus:ring-2 focus:ring-primary-500/20 transition-colors"\n
                >\n
            </div>\n
\n
            <select\n
                name="role"\n
                class="text-sm py-2 px-3 rounded-md bg-white border border-ink-200 text-ink-900 focus:outline-none focus:border-primary-500 focus:ring-2 focus:ring-primary-500/20 transition-colors"\n
            >\n
                <option value="">全ロール</option>\n
                                    <option value="admin" >管理者</option>\n
                                    <option value="coach" >コーチ</option>\n
                                    <option value="student" >受講生</option>\n
                            </select>\n
\n
            <select\n
                name="status"\n
                class="text-sm py-2 px-3 rounded-md bg-white border border-ink-200 text-ink-900 focus:outline-none focus:border-primary-500 focus:ring-2 focus:ring-primary-500/20 transition-colors"\n
            >\n
                <option value="">全ステータス</option>\n
                                    <option value="invited" >招待中</option>\n
                                    <option value="in_progress" >受講中</option>\n
                                    <option value="graduated" >卒業</option>\n
                                    <option value="withdrawn" >退会済</option>\n
                            </select>\n
\n
            <div class="flex items-center gap-2">\n
                <button\n
    type="submit"\n
            class="inline-flex items-center justify-center gap-1.5 rounded-md font-semibold transition-colors duration-fast ease-out-quint focus-visible:outline-none focus-visible:ring-2 focus-visible:ring-offset-2 focus-visible:ring-primary-500 bg-primary-600 text-white hover:bg-primary-700 px-4 py-2 text-sm"\n
>\n
        <svg aria-hidden="true" class="w-4 h-4" xmlns="http://www.w3.org/2000/svg" fill="none" viewBox="0 0 24 24" stroke-width="1.5" stroke="currentColor" aria-hidden="true" data-slot="icon">\n
  <path stroke-linecap="round" stroke-linejoin="round" d="M12 3c2.755 0 5.455.232 8.083.678.533.09.917.556.917 1.096v1.044a2.25 2.25 0 0 1-.659 1.591l-5.432 5.432a2.25 2.25 0 0 0-.659 1.591v2.927a2.25 2.25 0 0 1-1.244 2.013L9.75 21v-6.568a2.25 2.25 0 0 0-.659-1.591L3.659 7.409A2.25 2.25 0 0 1 3 5.818V4.774c0-.54.384-1.006.917-1.096A48.32 48.32 0 0 1 12 3Z"/>\n
</svg>\n
                    絞り込み\n
</button>\n
                            </div>\n
        </form>\n
    </div>\n
\n
    </div>\n
\n
    \n
            <div class="mt-6">\n
            <div class="rounded-lg border border-subtle bg-surface-raised">\n
    <table class="w-full">\n
                    <thead class="bg-surface-sunken/60 border-b border-subtle">\n
                <tr class="hover:bg-surface-sunken/40 transition-colors duration-fast">\n
    <th\n
    scope="col"\n
    class="text-left text-[10px] font-semibold uppercase tracking-wider text-ink-500 px-4 py-3"\n
>\n
    名前 / メール\n
</th>\n
                        <th\n
    scope="col"\n
    class="text-left text-[10px] font-semibold uppercase tracking-wider text-ink-500 px-4 py-3"\n
>\n
    ロール\n
</th>\n
                        <th\n
    scope="col"\n
    class="text-left text-[10px] font-semibold uppercase tracking-wider text-ink-500 px-4 py-3"\n
>\n
    ステータス\n
</th>\n
                        <th\n
    scope="col"\n
    class="text-left text-[10px] font-semibold uppercase tracking-wider text-ink-500 px-4 py-3"\n
>\n
    プラン\n
</th>\n
                        <th\n
    scope="col"\n
    class="text-left text-[10px] font-semibold uppercase tracking-wider text-ink-500 px-4 py-3"\n
>\n
    最終ログイン\n
</th>\n
                        <th\n
    scope="col"\n
    class="text-left text-[10px] font-semibold uppercase tracking-wider text-ink-500 px-4 py-3 text-right"\n
>\n
    操作\n
</th>\n
</tr>\n
            </thead>\n
                <tbody class="divide-y divide-subtle">\n
            <tr class="hover:bg-surface-sunken/40 transition-colors duration-fast">\n
    <td class="px-4 py-3 text-sm text-ink-900">\n
    <a href="http://localhost:8000/admin/users/01m163z39335wrks7txx11x4f1" class="flex items-center gap-3 group">\n
                                <span\n
        aria-label="津田 洋介 のアバター"\n
        class="w-6 h-6 text-[10px] rounded-full inline-flex items-center justify-center font-semibold select-none bg-primary-100 text-primary-800"\n
    >\n
        津\n
    </span>\n
                                <div class="min-w-0">\n
                                    <div class="text-sm font-semibold text-ink-900 group-hover:text-primary-700 transition-colors">\n
                                        津田 洋介\n
                                    </div>\n
                                    <div class="text-xs text-ink-500 font-mono truncate max-w-[240px]">akemi46@example.net</div>\n
                                </div>\n
                            </a>\n
</td>\n
                        <td class="px-4 py-3 text-sm text-ink-900">\n
    <span class="inline-flex items-center gap-1 rounded-full font-semibold bg-primary-50 text-primary-800 border border-primary-200 text-[10px] px-2 py-0.5">\n
    管理者\n
</span>\n
</td>\n
                        <td class="px-4 py-3 text-sm text-ink-900">\n
    <span class="inline-flex items-center gap-1 rounded-full font-semibold bg-success-50 text-success-800 border border-success-200 text-[10px] px-2 py-0.5">\n
    <span class="inline-block w-1.5 h-1.5 rounded-full bg-current"></span>\n
                                                                受講中\n
</span>\n
</td>\n
                        <td class="px-4 py-3 text-sm text-ink-900">\n
    <span class="text-xs text-ink-400">—</span>\n
</td>\n
                        <td class="px-4 py-3 text-sm text-ink-900">\n
    <span class="text-xs text-ink-500 font-mono tabular-nums">\n
                                —\n
                            </span>\n
</td>\n
                        <td class="px-4 py-3 text-sm text-ink-900 text-right">\n
    <a href="http://localhost:8000/admin/users/01m163z39335wrks7txx11x4f1" class="inline-flex items-center justify-center gap-1.5 rounded-md font-semibold transition-colors duration-fast ease-out-quint focus-visible:outline-none focus-visible:ring-2 focus-visible:ring-offset-2 focus-visible:ring-primary-500 bg-transparent text-ink-700 hover:bg-ink-50 px-3 py-1.5 text-xs rounded-[8px]">\n
    <svg aria-hidden="true" class="w-4 h-4" xmlns="http://www.w3.org/2000/svg" fill="none" viewBox="0 0 24 24" stroke-width="1.5" stroke="currentColor" aria-hidden="true" data-slot="icon">\n
  <path stroke-linecap="round" stroke-linejoin="round" d="M2.036 12.322a1.012 1.012 0 0 1 0-.639C3.423 7.51 7.36 4.5 12 4.5c4.638 0 8.573 3.007 9.963 7.178.07.207.07.431 0 .639C20.577 16.49 16.64 19.5 12 19.5c-4.638 0-8.573-3.007-9.963-7.178Z"/>\n
  <path stroke-linecap="round" stroke-linejoin="round" d="M15 12a3 3 0 1 1-6 0 3 3 0 0 1 6 0Z"/>\n
</svg>\n
                                詳細\n
</a>\n
</td>\n
</tr>\n
                                                        <tr class="hover:bg-surface-sunken/40 transition-colors duration-fast">\n
    <td class="px-4 py-3 text-sm text-ink-900">\n
    <a href="http://localhost:8000/admin/users/01m163z39335wrks7txx11x4f2" class="flex items-center gap-3 group">\n
                                <span\n
        aria-label="浜田 明美 のアバター"\n
        class="w-6 h-6 text-[10px] rounded-full inline-flex items-center justify-center font-semibold select-none bg-success-100 text-success-800"\n
    >\n
        浜\n
    </span>\n
                                <div class="min-w-0">\n
                                    <div class="text-sm font-semibold text-ink-900 group-hover:text-primary-700 transition-colors">\n
                                        浜田 明美\n
                                    </div>\n
                                    <div class="text-xs text-ink-500 font-mono truncate max-w-[240px]">active@example.test</div>\n
                                </div>\n
                            </a>\n
</td>\n
                        <td class="px-4 py-3 text-sm text-ink-900">\n
    <span class="inline-flex items-center gap-1 rounded-full font-semibold bg-ink-50 text-ink-700 border border-ink-200 text-[10px] px-2 py-0.5">\n
    受講生\n
</span>\n
</td>\n
                        <td class="px-4 py-3 text-sm text-ink-900">\n
    <span class="inline-flex items-center gap-1 rounded-full font-semibold bg-success-50 text-success-800 border border-success-200 text-[10px] px-2 py-0.5">\n
    <span class="inline-block w-1.5 h-1.5 rounded-full bg-current"></span>\n
                                                                受講中\n
</span>\n
</td>\n
                        <td class="px-4 py-3 text-sm text-ink-900">\n
    <span class="text-xs text-ink-400">—</span>\n
</td>\n
                        <td class="px-4 py-3 text-sm text-ink-900">\n
    <span class="text-xs text-ink-500 font-mono tabular-nums">\n
                                —\n
                            </span>\n
</td>\n
                        <td class="px-4 py-3 text-sm text-ink-900 text-right">\n
    <a href="http://localhost:8000/admin/users/01m163z39335wrks7txx11x4f2" class="inline-flex items-center justify-center gap-1.5 rounded-md font-semibold transition-colors duration-fast ease-out-quint focus-visible:outline-none focus-visible:ring-2 focus-visible:ring-offset-2 focus-visible:ring-primary-500 bg-transparent text-ink-700 hover:bg-ink-50 px-3 py-1.5 text-xs rounded-[8px]">\n
    <svg aria-hidden="true" class="w-4 h-4" xmlns="http://www.w3.org/2000/svg" fill="none" viewBox="0 0 24 24" stroke-width="1.5" stroke="currentColor" aria-hidden="true" data-slot="icon">\n
  <path stroke-linecap="round" stroke-linejoin="round" d="M2.036 12.322a1.012 1.012 0 0 1 0-.639C3.423 7.51 7.36 4.5 12 4.5c4.638 0 8.573 3.007 9.963 7.178.07.207.07.431 0 .639C20.577 16.49 16.64 19.5 12 19.5c-4.638 0-8.573-3.007-9.963-7.178Z"/>\n
  <path stroke-linecap="round" stroke-linejoin="round" d="M15 12a3 3 0 1 1-6 0 3 3 0 0 1 6 0Z"/>\n
</svg>\n
                                詳細\n
</a>\n
</td>\n
</tr>\n
                                                        <tr class="hover:bg-surface-sunken/40 transition-colors duration-fast">\n
    <td class="px-4 py-3 text-sm text-ink-900">\n
    <a href="http://localhost:8000/admin/users/01m163z394v20b9j2f51tdbhgb" class="flex items-center gap-3 group">\n
                                <span\n
        aria-label="藤本 幹 のアバター"\n
        class="w-6 h-6 text-[10px] rounded-full inline-flex items-center justify-center font-semibold select-none bg-primary-100 text-primary-800"\n
    >\n
        藤\n
    </span>\n
                                <div class="min-w-0">\n
                                    <div class="text-sm font-semibold text-ink-900 group-hover:text-primary-700 transition-colors">\n
                                        藤本 幹\n
                                    </div>\n
                                    <div class="text-xs text-ink-500 font-mono truncate max-w-[240px]">01m163z394v20b9j2f51tdbhgb@deleted.invalid</div>\n
                                </div>\n
                            </a>\n
</td>\n
                        <td class="px-4 py-3 text-sm text-ink-900">\n
    <span class="inline-flex items-center gap-1 rounded-full font-semibold bg-ink-50 text-ink-700 border border-ink-200 text-[10px] px-2 py-0.5">\n
    受講生\n
</span>\n
</td>\n
                        <td class="px-4 py-3 text-sm text-ink-900">\n
    <span class="inline-flex items-center gap-1 rounded-full font-semibold bg-ink-50 text-ink-700 border border-ink-200 text-[10px] px-2 py-0.5">\n
    <span class="inline-block w-1.5 h-1.5 rounded-full bg-current"></span>\n
                                                                退会済\n
</span>\n
</td>\n
                        <td class="px-4 py-3 text-sm text-ink-900">\n
    <span class="text-xs text-ink-400">—</span>\n
</td>\n
                        <td class="px-4 py-3 text-sm text-ink-900">\n
    <span class="text-xs text-ink-500 font-mono tabular-nums">\n
                                —\n
                            </span>\n
</td>\n
                        <td class="px-4 py-3 text-sm text-ink-900 text-right">\n
    <a href="http://localhost:8000/admin/users/01m163z394v20b9j2f51tdbhgb" class="inline-flex items-center justify-center gap-1.5 rounded-md font-semibold transition-colors duration-fast ease-out-quint focus-visible:outline-none focus-visible:ring-2 focus-visible:ring-offset-2 focus-visible:ring-primary-500 bg-transparent text-ink-700 hover:bg-ink-50 px-3 py-1.5 text-xs rounded-[8px]">\n
    <svg aria-hidden="true" class="w-4 h-4" xmlns="http://www.w3.org/2000/svg" fill="none" viewBox="0 0 24 24" stroke-width="1.5" stroke="currentColor" aria-hidden="true" data-slot="icon">\n
  <path stroke-linecap="round" stroke-linejoin="round" d="M2.036 12.322a1.012 1.012 0 0 1 0-.639C3.423 7.51 7.36 4.5 12 4.5c4.638 0 8.573 3.007 9.963 7.178.07.207.07.431 0 .639C20.577 16.49 16.64 19.5 12 19.5c-4.638 0-8.573-3.007-9.963-7.178Z"/>\n
  <path stroke-linecap="round" stroke-linejoin="round" d="M15 12a3 3 0 1 1-6 0 3 3 0 0 1 6 0Z"/>\n
</svg>\n
                                詳細\n
</a>\n
</td>\n
</tr>\n
        </tbody>\n
    </table>\n
</div>\n
        </div>\n
\n
        \n
        <div class="mt-6">\n
                    </div>\n
    \n
    <div\n
    id="invite-user-modal"\n
    role="dialog"\n
    aria-modal="true"\n
     aria-labelledby="invite-user-modal-title"     aria-hidden="true"\n
    inert\n
    data-modal\n
        class="fixed inset-0 z-50 hidden items-center justify-center p-4 bg-ink-900/60 backdrop-blur-sm transition-opacity duration-normal"\n
>\n
    <div class="w-full max-w-md bg-surface-raised rounded-3xl shadow-lg overflow-hidden">\n
                    <header class="border-b border-subtle px-6 py-4 flex items-center justify-between">\n
                <h2 id="invite-user-modal-title" class="text-base font-semibold text-ink-900">ユーザーを招待</h2>\n
                <button type="button" data-modal-close="invite-user-modal" aria-label="閉じる" class="text-ink-500 hover:text-ink-900 transition-colors">\n
                    <svg aria-hidden="true" class="w-5 h-5" xmlns="http://www.w3.org/2000/svg" fill="none" viewBox="0 0 24 24" stroke-width="1.5" stroke="currentColor" aria-hidden="true" data-slot="icon">\n
  <path stroke-linecap="round" stroke-linejoin="round" d="M6 18 18 6M6 6l12 12"/>\n
</svg>\n
                </button>\n
            </header>\n
        \n
                    <div class="px-6 py-5"><form novalidate method="POST" action="http://localhost:8000/admin/invitations" id="invite-user-form" class="space-y-4">\n
        <input type="hidden" name="_token" value="diUNFryJQYCCFN3m8VNnyH0lcdB03UecdfmB4Ajb" autocomplete="off">\n
        <p class="text-sm text-ink-700 leading-relaxed">\n
            招待メールが送信されます。受信者は <span class="font-semibold text-ink-900">7 日以内</span> に招待 URL からプロフィール登録を完了してください。\n
        </p>\n
\n
        <div class="space-y-1.5">\n
            <label\n
     for="email"     class="block text-sm font-semibold text-ink-900"\n
>\n
    メールアドレス\n
            <span class="text-danger-600 ml-0.5" aria-hidden="true">*</span>\n
        <span class="sr-only">必須</span>\n
    </label>\n
    \n
    <input\n
        type="email"\n
        id="email"\n
        name="email"\n
                 placeholder="user@example.com"          required                                         class="block w-full rounded-md border bg-white px-3 py-2.5 text-sm text-ink-900 placeholder-ink-400 transition-colors duration-fast focus:outline-none focus-visible:ring-2 focus-visible:ring-offset-0 border-ink-200 focus:border-primary-500 focus-visible:ring-primary-500/30" autocomplete="email"\n
    >\n
\n
        </div>\n
\n
        <div class="space-y-1.5">\n
            <label\n
     for="role"     class="block text-sm font-semibold text-ink-900"\n
>\n
    ロール\n
            <span class="text-danger-600 ml-0.5" aria-hidden="true">*</span>\n
        <span class="sr-only">必須</span>\n
    </label>\n
    \n
    <select\n
        id="role"\n
        name="role"\n
         required                          aria-describedby="role-hint"         class="block w-full rounded-md border bg-white pl-3 pr-8 py-2.5 text-sm text-ink-900 transition-colors duration-fast focus:outline-none focus-visible:ring-2 focus-visible:ring-offset-0 border-ink-200 focus:border-primary-500 focus-visible:ring-primary-500/30"\n
    >\n
                            <option value="coach" >コーチ</option>\n
                    <option value="student" selected>受講生</option>\n
            </select>\n
\n
            <p\n
     id="role-hint"     class="text-xs text-ink-500"\n
>\n
    管理者ロールはこの画面から発行できません。\n
</p>\n
        </div>\n
\n
        <div data-invite-plan-group>\n
            <div class="space-y-1.5">\n
            <label\n
     for="plan_id"     class="block text-sm font-semibold text-ink-900"\n
>\n
    受講プラン\n
            <span class="text-danger-600 ml-0.5" aria-hidden="true">*</span>\n
        <span class="sr-only">必須</span>\n
    </label>\n
    \n
    <select\n
        id="plan_id"\n
        name="plan_id"\n
         required                          aria-describedby="plan_id-hint"         class="block w-full rounded-md border bg-white pl-3 pr-8 py-2.5 text-sm text-ink-900 transition-colors duration-fast focus:outline-none focus-visible:ring-2 focus-visible:ring-offset-0 border-ink-200 focus:border-primary-500 focus-visible:ring-primary-500/30"\n
    >\n
                    <option value="" disabled selected>プランを選択してください</option>\n
                    </select>\n
\n
            <p\n
     id="plan_id-hint"     class="text-xs text-ink-500"\n
>\n
    プランは受講期間と初期面談回数の起点になります。公開中のプランのみ選択できます。\n
</p>\n
        </div>\n
        </div>\n
    </form></div>\n
        \n
                    <footer class="border-t border-subtle px-6 py-4 flex items-center justify-end gap-2 bg-surface-sunken/50">\n
                <button\n
    type="button"\n
            class="inline-flex items-center justify-center gap-1.5 rounded-md font-semibold transition-colors duration-fast ease-out-quint focus-visible:outline-none focus-visible:ring-2 focus-visible:ring-offset-2 focus-visible:ring-primary-500 bg-transparent text-ink-700 hover:bg-ink-50 px-4 py-2 text-sm" data-modal-close="invite-user-modal"\n
>\n
        キャンセル\n
</button>\n
        <button\n
    type="submit"\n
            class="inline-flex items-center justify-center gap-1.5 rounded-md font-semibold transition-colors duration-fast ease-out-quint focus-visible:outline-none focus-visible:ring-2 focus-visible:ring-offset-2 focus-visible:ring-primary-500 bg-primary-600 text-white hover:bg-primary-700 px-4 py-2 text-sm" form="invite-user-form"\n
>\n
        <svg aria-hidden="true" class="w-4 h-4" xmlns="http://www.w3.org/2000/svg" fill="none" viewBox="0 0 24 24" stroke-width="1.5" stroke="currentColor" aria-hidden="true" data-slot="icon">\n
  <path stroke-linecap="round" stroke-linejoin="round" d="M6 12 3.269 3.125A59.769 59.769 0 0 1 21.485 12 59.768 59.768 0 0 1 3.27 20.875L5.999 12Zm0 0h7.5"/>\n
</svg>\n
            招待を送信\n
</button>\n
            </footer>\n
            </div>\n
</div>\n
\n
                </div>\n
            </main>\n
        </div>\n
    </div>\n
\n
    \n
    \n
    \n
        \n
        <script>\n
        document.addEventListener('DOMContentLoaded', () => {\n
            const modal = document.getElementById('invite-user-modal');\n
            if (!modal) return;\n
\n
            // ロール切替で受講プラン入力欄を表示/非表示。コーチは Plan を持たないため非表示+disabled で送信から除外する。\n
            const roleSelect = modal.querySelector('select[name="role"]');\n
            const planGroup = modal.querySelector('[data-invite-plan-group]');\n
            const planSelect = modal.querySelector('select[name="plan_id"]');\n
\n
            const togglePlanField = () => {\n
                if (!roleSelect || !planGroup || !planSelect) return;\n
                const showPlan = roleSelect.value === 'student';\n
                planGroup.hidden = !showPlan;\n
                planSelect.disabled = !showPlan;\n
                planSelect.required = showPlan;\n
                if (!showPlan) {\n
                    planSelect.value = '';\n
                }\n
            };\n
\n
            roleSelect?.addEventListener('change', togglePlanField);\n
            togglePlanField();\n
\n
            // バリデーション失敗時はリダイレクト後にモーダルを再オープンしてユーザーに何が起きたかを伝える\n
                    });\n
    </script>\n
</body>\n
</html>\n
' [UTF-8](length: 38056) does not contain "01m163z394v20b9j2f51tdbhgb@deleted.invalid" [ASCII](length: 42).

  at tests/Feature/Http/User/IndexTest.php:101
     97▕         $response->assertOk();
     98▕         $response->assertSee('active@example.test');
     99▕         $response->assertDontSee('gone@example.test');
    100▕         // UserWithdrawalService 経由で email が {ulid}@deleted.invalid にリネームされる
  ➜ 101▕         $response->assertDontSee($gone->fresh()->email);
    102▕     }
    103▕ 
    104▕     public function test_status_filter_includes_withdrawn_when_explicitly_selected(): void
    105▕     {

  ────────────────────────────────────────────────────────────────────────────  
   FAILED  Tests\Feature\Middleware\EnsureActiveLearningTest > graduated use…   
  Expected response status code [403] but received 200.
Failed asserting that 200 is identical to 403.

  at tests/Feature/Middleware/EnsureActiveLearningTest.php:68
     64▕         $user = User::factory()->student()->graduated()->create();
     65▕ 
     66▕         $this->actingAs($user)
     67▕             ->get('/__test/ensure-active-learning')
  ➜  68▕             ->assertForbidden();
     69▕     }
     70▕ 
     71▕     public function test_withdrawn_user_is_forbidden(): void
     72▕     {

  ────────────────────────────────────────────────────────────────────────────  
   FAILED  Tests\Feature\Middleware\EnsureActiveLearningTest > withdrawn use…   
  Expected response status code [403] but received 200.
Failed asserting that 200 is identical to 403.

  at tests/Feature/Middleware/EnsureActiveLearningTest.php:77
     73▕         $user = User::factory()->student()->withdrawn()->create();
     74▕ 
     75▕         $this->actingAs($user)
     76▕             ->get('/__test/ensure-active-learning')
  ➜  77▕             ->assertForbidden();
     78▕     }
     79▕ 
     80▕     public function test_invited_user_is_forbidden(): void
     81▕     {

  ────────────────────────────────────────────────────────────────────────────  
   FAILED  Tests\Feature\Middleware\EnsureActiveLearningTest > invited user…    
  Expected response status code [403] but received 200.
Failed asserting that 200 is identical to 403.

  at tests/Feature/Middleware/EnsureActiveLearningTest.php:86
     82▕         $user = User::factory()->student()->invited()->create();
     83▕ 
     84▕         $this->actingAs($user)
     85▕             ->get('/__test/ensure-active-learning')
  ➜  86▕             ->assertForbidden();
     87▕     }
     88▕ 
     89▕     public function test_unauthenticated_request_is_redirected_to_login(): void
     90▕     {

  ────────────────────────────────────────────────────────────────────────────  
   FAILED  Tests\Feature\UseCases\Auth\IssueInvitationActionTest > dispatche…   
  The expected [App\Mail\InvitationMail] mailable was not queued.
Failed asserting that false is true.

  at vendor/laravel/framework/src/Illuminate/Support/Testing/Fakes/MailFake.php:173
    169▕         if (is_numeric($callback)) {
    170▕             return $this->assertQueuedTimes($mailable, $callback);
    171▕         }
    172▕ 
  ➜ 173▕         PHPUnit::assertTrue(
    174▕             $this->queued($mailable, $callback)->count() > 0,
    175▕             "The expected [{$mailable}] mailable was not queued."
    176▕         );
    177▕     }

      [2m+2 vendor frames [22m
  3   tests/Feature/UseCases/Auth/IssueInvitationActionTest.php:228

  ────────────────────────────────────────────────────────────────────────────  
   FAILED  Tests\Feature\UseCases\Auth\OnboardActionTest > transitions user…    
  Failed asserting that two variables reference the same object.
  -App\Enums\UserStatus Enum #15426 (InProgress, 'in_progress')
  +App\Enums\UserStatus Enum #14596 (Invited, 'invited')
  

  at tests/Feature/UseCases/Auth/OnboardActionTest.php:75
     71▕             'password' => 'secret-pass',
     72▕         ]);
     73▕ 
     74▕         $user->refresh();
  ➜  75▕         $this->assertSame(UserStatus::InProgress, $user->status);
     76▕         $this->assertSame('受講太郎', $user->name);
     77▕         $this->assertSame('よろしくお願いします', $user->bio);
     78▕         $this->assertTrue($user->profile_setup_completed);
     79▕         $this->assertNotNull($user->email_verified_at);

  1   tests/Feature/UseCases/Auth/OnboardActionTest.php:75

  ────────────────────────────────────────────────────────────────────────────  
   FAILED  Tests\Feature\UseCases\Auth\OnboardActionTest > marks invitation…    
  Failed asserting that two variables reference the same object.
  -App\Enums\InvitationStatus Enum #19645 (Accepted, 'accepted')
  +App\Enums\InvitationStatus Enum #17598 (Pending, 'pending')
  

  at tests/Feature/UseCases/Auth/OnboardActionTest.php:93
     89▕             'password' => 'secret-pass',
     90▕         ]);
     91▕ 
     92▕         $invitation->refresh();
  ➜  93▕         $this->assertSame(InvitationStatus::Accepted, $invitation->status);
     94▕         $this->assertNotNull($invitation->accepted_at);
     95▕     }
     96▕ 
     97▕     public function test_sets_plan_started_at_and_expires_at_from_plan_duration(): void

  1   tests/Feature/UseCases/Auth/OnboardActionTest.php:93

  ────────────────────────────────────────────────────────────────────────────  
   FAILED  Tests\Feature\UseCases\Dashboard\AdminDashboardCacheTest > admin…    
  TTL 内で無効化イベントが無ければ集計はキャッシュから返るはず(直接 INSERT は反映されない)
Failed asserting that 5 is identical to 2.

  at tests/Feature/UseCases/Dashboard/AdminDashboardCacheTest.php:48
     44▕         $second = app(FetchAdminDashboardAction::class)($admin);
     45▕ 
     46▕         // Assert: 2 回目はキャッシュヒットで重い集計クエリが 1 本も走らず、値も 1 回目のまま(直接 INSERT は反映されない)
     47▕         $this->assertSame(2, $first->kpi['learning_count']);
  ➜  48▕         $this->assertSame(
     49▕             2,
     50▕             $second->kpi['learning_count'],
     51▕             'TTL 内で無効化イベントが無ければ集計はキャッシュから返るはず(直接 INSERT は反映されない)',
     52▕         );

  1   tests/Feature/UseCases/Dashboard/AdminDashboardCacheTest.php:48

  ────────────────────────────────────────────────────────────────────────────  
   FAILED  Tests\Feature\UseCases\Dashboard\AdminDashboardCacheTest > comple…   
  TTL 内で無効化イベントが無ければ修了率はキャッシュから返るはず(直接 INSERT は反映されない)
Failed asserting that 0.3333 is identical to 0.0.

  at tests/Feature/UseCases/Dashboard/AdminDashboardCacheTest.php:87
     83▕         $firstRate = $first->completionRateByCertification->firstWhere('certification_id', $cert->id)['completion_rate'];
     84▕         $secondRate = $second->completionRateByCertification->firstWhere('certification_id', $cert->id)['completion_rate'];
     85▕ 
     86▕         $this->assertSame(0.0, $firstRate);
  ➜  87▕         $this->assertSame(
     88▕             0.0,
     89▕             $secondRate,
     90▕             'TTL 内で無効化イベントが無ければ修了率はキャッシュから返るはず(直接 INSERT は反映されない)',
     91▕         );

  1   tests/Feature/UseCases/Dashboard/AdminDashboardCacheTest.php:87

  ────────────────────────────────────────────────────────────────────────────  
   FAILED  Tests\Feature\UseCases\MockExamSession\GradeActionTest > grades s…   
  Failed asserting that 0.6 matches expected 60.0.

  at tests/Feature/UseCases/MockExamSession/GradeActionTest.php:58
     54▕ 
     55▕         $session->refresh();
     56▕         $this->assertSame(MockExamSessionStatus::Graded, $session->status);
     57▕         $this->assertSame(3, $session->total_correct);
  ➜  58▕         $this->assertEquals(60.00, (float) $session->score_percentage);
     59▕         $this->assertTrue($session->pass);
     60▕     }
     61▕ 
     62▕     public function test_grades_session_below_passing_score_as_fail(): void

  1   tests/Feature/UseCases/MockExamSession/GradeActionTest.php:58

  ────────────────────────────────────────────────────────────────────────────  
   FAILED  Tests\Feature\UseCases\MockExamSession\GradeActionTest > grades s…   
  Failed asserting that 0.5 matches expected 50.0.

  at tests/Feature/UseCases/MockExamSession/GradeActionTest.php:99
     95▕         (app(GradeAction::class))($session);
     96▕ 
     97▕         $session->refresh();
     98▕         $this->assertFalse($session->pass);
  ➜  99▕         $this->assertEquals(50.00, (float) $session->score_percentage);
    100▕     }
    101▕ 
    102▕     public function test_unanswered_questions_count_as_incorrect(): void
    103▕     {

  1   tests/Feature/UseCases/MockExamSession/GradeActionTest.php:99


  Tests:    67 failed, 1273 passed (2591 assertions)
  Duration: 134.62s

